Component: ARM Compiler 6.16 Tool: armlink [5dfeaa00]

==============================================================================

Section Cross References

    main.o(.text.main) refers to misc.o(.text.NVIC_PriorityGroupConfig) for NVIC_PriorityGroupConfig
    main.o(.text.main) refers to sys.o(.text._Z11sysTickInitv) for sysTickInit()
    main.o(.text.main) refers to can.o(.text._Z9CAN1_Initv) for CAN1_Init()
    main.o(.text.main) refers to can.o(.text._Z9CAN2_Initv) for CAN2_Init()
    main.o(.text.main) refers to debug_usart.o(.text._Z17Debug_Usart4_initj) for Debug_Usart4_init(unsigned int)
    main.o(.text.main) refers to rng.o(.text._Z8RNG_Initv) for RNG_Init()
    main.o(.text.main) refers to optoeswitch.o(.text._Z13OE_SwitchInitv) for OE_SwitchInit()
    main.o(.text.main) refers to main.o(.rodata.str1.1) for .L.str
    main.o(.text.main) refers to printf.o(.text) for printf
    main.o(.text.main) refers to main.o(.bss.StartTask_Handler) for StartTask_Handler
    main.o(.text.main) refers to starttask.o(.text._Z10Start_TaskPv) for Start_Task(void*)
    main.o(.text.main) refers to tasks.o(.text.xTaskCreate) for xTaskCreate
    main.o(.text.main) refers to tasks.o(.text.vTaskStartScheduler) for vTaskStartScheduler
    main.o(.ARM.exidx.text.main) refers to main.o(.text.main) for [Anonymous Symbol]
    stm32f4xx_it.o(.ARM.exidx.text.NMI_Handler) refers to stm32f4xx_it.o(.text.NMI_Handler) for [Anonymous Symbol]
    stm32f4xx_it.o(.ARM.exidx.text.HardFault_Handler) refers to stm32f4xx_it.o(.text.HardFault_Handler) for [Anonymous Symbol]
    stm32f4xx_it.o(.ARM.exidx.text.MemManage_Handler) refers to stm32f4xx_it.o(.text.MemManage_Handler) for [Anonymous Symbol]
    stm32f4xx_it.o(.ARM.exidx.text.BusFault_Handler) refers to stm32f4xx_it.o(.text.BusFault_Handler) for [Anonymous Symbol]
    stm32f4xx_it.o(.ARM.exidx.text.UsageFault_Handler) refers to stm32f4xx_it.o(.text.UsageFault_Handler) for [Anonymous Symbol]
    stm32f4xx_it.o(.ARM.exidx.text.DebugMon_Handler) refers to stm32f4xx_it.o(.text.DebugMon_Handler) for [Anonymous Symbol]
    stm32f4xx_it.o(.text.SysTick_Handler) refers to tasks.o(.text.xTaskGetSchedulerState) for xTaskGetSchedulerState
    stm32f4xx_it.o(.text.SysTick_Handler) refers to port.o(.text.xPortSysTickHandler) for xPortSysTickHandler
    stm32f4xx_it.o(.text.SysTick_Handler) refers to sys.o(.bss.sysTickUptime) for sysTickUptime
    stm32f4xx_it.o(.text.SysTick_Handler) refers to stm32f4xx_it.o(.bss.SysTick_Handler.upTimeCnt) for SysTick_Handler.upTimeCnt
    stm32f4xx_it.o(.text.SysTick_Handler) refers to sys.o(.bss.sysTickUptimeUs) for sysTickUptimeUs
    stm32f4xx_it.o(.ARM.exidx.text.SysTick_Handler) refers to stm32f4xx_it.o(.text.SysTick_Handler) for [Anonymous Symbol]
    system_stm32f4xx.o(.text.SystemInit) refers to system_stm32f4xx.o(.text.SetSysClock) for SetSysClock
    system_stm32f4xx.o(.ARM.exidx.text.SystemInit) refers to system_stm32f4xx.o(.text.SystemInit) for [Anonymous Symbol]
    system_stm32f4xx.o(.ARM.exidx.text.SetSysClock) refers to system_stm32f4xx.o(.text.SetSysClock) for [Anonymous Symbol]
    system_stm32f4xx.o(.text.SystemCoreClockUpdate) refers to system_stm32f4xx.o(.data.SystemCoreClock) for SystemCoreClock
    system_stm32f4xx.o(.text.SystemCoreClockUpdate) refers to system_stm32f4xx.o(.rodata.AHBPrescTable) for AHBPrescTable
    system_stm32f4xx.o(.ARM.exidx.text.SystemCoreClockUpdate) refers to system_stm32f4xx.o(.text.SystemCoreClockUpdate) for [Anonymous Symbol]
    cycle.o(.text._ZN5Cycle9getCycleTEv) refers to sys.o(.text._Z12getSysTimeUsv) for getSysTimeUs()
    cycle.o(.text._ZN5Cycle9getCycleTEv) refers to ffltll_clz.o(x$fpl$ffltll) for __aeabi_ul2f
    cycle.o(.ARM.exidx.text._ZN5Cycle9getCycleTEv) refers to cycle.o(.text._ZN5Cycle9getCycleTEv) for [Anonymous Symbol]
    sys.o(.text._Z11sysTickInitv) refers to stm32f4xx_rcc.o(.text.RCC_GetClocksFreq) for RCC_GetClocksFreq
    sys.o(.text._Z11sysTickInitv) refers to sys.o(.text._ZL14SysTick_Configj) for SysTick_Config(unsigned int)
    sys.o(.text._Z11sysTickInitv) refers to misc.o(.text.SysTick_CLKSourceConfig) for SysTick_CLKSourceConfig
    sys.o(.ARM.exidx.text._Z11sysTickInitv) refers to sys.o(.text._Z11sysTickInitv) for [Anonymous Symbol]
    sys.o(.text._ZL14SysTick_Configj) refers to sys.o(.text._ZL18__NVIC_SetPriority4IRQnj) for __NVIC_SetPriority(IRQn, unsigned int)
    sys.o(.ARM.exidx.text._ZL14SysTick_Configj) refers to sys.o(.text._ZL14SysTick_Configj) for [Anonymous Symbol]
    sys.o(.text._Z12getSysTimeUsv) refers to sys.o(.bss.sysTickUptime) for sysTickUptime
    sys.o(.ARM.exidx.text._Z12getSysTimeUsv) refers to sys.o(.text._Z12getSysTimeUsv) for [Anonymous Symbol]
    sys.o(.text._Z18timeIntervalFrom_ff) refers to sys.o(.text._Z12getSysTimeUsv) for getSysTimeUs()
    sys.o(.text._Z18timeIntervalFrom_ff) refers to ffltll_clz.o(x$fpl$ffltll) for __aeabi_ul2f
[...]
    _printf_wchar                            0x08001321   Thumb Code    16  _printf_wchar.o(.text)
    _printf_wstring                          0x08001331   Thumb Code     8  _printf_wchar.o(.text)
    ferror                                   0x08001339   Thumb Code     8  ferror.o(.text)
    _c16rtomb                                0x08001341   Thumb Code    72  _c16rtomb.o(.text)
    _wcrtomb                                 0x08001341   Thumb Code     0  _c16rtomb.o(.text)
    abort                                    0x08001389   Thumb Code    22  abort.o(.text)
    __user_setup_stackheap                   0x0800139f   Thumb Code    74  sys_stackheap_outer.o(.text)
    __rt_ctype_table                         0x080013e9   Thumb Code    16  rt_ctype_table.o(.text)
    __rt_locale                              0x080013f9   Thumb Code     8  rt_locale_intlibspace.o(.text)
    _printf_fp_infnan                        0x08001401   Thumb Code   112  _printf_fp_infnan.o(.text)
    _btod_etento                             0x08001481   Thumb Code   224  bigflt0.o(.text)
    exit                                     0x08001565   Thumb Code    18  exit.o(.text)
    __sig_exit                               0x08001577   Thumb Code    10  defsig_exit.o(.text)
    __rt_SIGABRT                             0x08001581   Thumb Code    14  defsig_abrt_outer.o(.text)
    __default_signal_display                 0x0800158f   Thumb Code    50  defsig_general.o(.text)
    __rt_SIGABRT_inner                       0x080015c1   Thumb Code    14  defsig_abrt_inner.o(.text)
    strcmp                                   0x080015f1   Thumb Code   124  strcmpv7em.o(.text)
    BusFault_Handler                         0x0800166d   Thumb Code     4  stm32f4xx_it.o(.text.BusFault_Handler)
    CAN1_RX0_IRQHandler                      0x08001671   Thumb Code    62  encoder.o(.text.CAN1_RX0_IRQHandler)
    CAN2_RX0_IRQHandler                      0x080016b1   Thumb Code   448  encoder.o(.text.CAN2_RX0_IRQHandler)
    CAN_ClearITPendingBit                    0x08001871   Thumb Code   238  stm32f4xx_can.o(.text.CAN_ClearITPendingBit)
    CAN_DeInit                               0x08001961   Thumb Code    70  stm32f4xx_can.o(.text.CAN_DeInit)
    CAN_FilterInit                           0x080019a9   Thumb Code   346  stm32f4xx_can.o(.text.CAN_FilterInit)
    CAN_GetITStatus                          0x08001b05   Thumb Code   412  stm32f4xx_can.o(.text.CAN_GetITStatus)
    CAN_ITConfig                             0x08001ca1   Thumb Code    46  stm32f4xx_can.o(.text.CAN_ITConfig)
    CAN_Init                                 0x08001cd1   Thumb Code   438  stm32f4xx_can.o(.text.CAN_Init)
    CAN_Receive                              0x08001e89   Thumb Code   340  stm32f4xx_can.o(.text.CAN_Receive)
    CAN_StructInit                           0x08001fdd   Thumb Code    60  stm32f4xx_can.o(.text.CAN_StructInit)
    CAN_Transmit                             0x08002019   Thumb Code   322  stm32f4xx_can.o(.text.CAN_Transmit)
    ConfigureTimeForRunTimeStats             0x0800218d   Thumb Code    26  timer.o(.text.ConfigureTimeForRunTimeStats)
    DMA1_Stream1_IRQHandler                  0x080021a9   Thumb Code    66  judge.o(.text.DMA1_Stream1_IRQHandler)
    DMA1_Stream3_IRQHandler                  0x080021ed   Thumb Code   244  judge.o(.text.DMA1_Stream3_IRQHandler)
    DMA_ClearFlag                            0x080022e1   Thumb Code    98  stm32f4xx_dma.o(.text.DMA_ClearFlag)
    DMA_ClearITPendingBit                    0x08002345   Thumb Code    98  stm32f4xx_dma.o(.text.DMA_ClearITPendingBit)
    DMA_Cmd                                  0x080023a9   Thumb Code    44  stm32f4xx_dma.o(.text.DMA_Cmd)
    DMA_GetCmdStatus                         0x080023d5   Thumb Code    44  stm32f4xx_dma.o(.text.DMA_GetCmdStatus)
    DMA_GetCurrDataCounter                   0x08002401   Thumb Code    14  stm32f4xx_dma.o(.text.DMA_GetCurrDataCounter)
    DMA_GetITStatus                          0x08002411   Thumb Code   188  stm32f4xx_dma.o(.text.DMA_GetITStatus)
    DMA_SetCurrDataCounter                   0x080024cd   Thumb Code    20  stm32f4xx_dma.o(.text.DMA_SetCurrDataCounter)
    DebugMon_Handler                         0x080024e1   Thumb Code     2  stm32f4xx_it.o(.text.DebugMon_Handler)
    GPIO_Init                                0x080024e5   Thumb Code   246  stm32f4xx_gpio.o(.text.GPIO_Init)
    GPIO_PinAFConfig                         0x080025dd   Thumb Code   114  stm32f4xx_gpio.o(.text.GPIO_PinAFConfig)
    HardFault_Handler                        0x08002651   Thumb Code     4  stm32f4xx_it.o(.text.HardFault_Handler)
    JudgeRemainBulletNum                     0x08002655   Thumb Code    12  judge.o(.text.JudgeRemainBulletNum)
    Judge_FindTureFrame                      0x08002661   Thumb Code   174  judge.o(.text.Judge_FindTureFrame)
    Judge_Game_State                         0x08002711   Thumb Code    28  judge.o(.text.Judge_Game_State)
    Judge_GetRobot_power_heat                0x0800272d   Thumb Code    12  judge.o(.text.Judge_GetRobot_power_heat)
    Judge_Robot_HP                           0x08002739   Thumb Code    20  judge.o(.text.Judge_Robot_HP)
    Judge_Robot_State                        0x0800274d   Thumb Code    20  judge.o(.text.Judge_Robot_State)
    Judge_SetDMASend                         0x08002761   Thumb Code   102  judge.o(.text.Judge_SetDMASend)
    Judge_UnpackRecData                      0x080027c9   Thumb Code  1554  judge.o(.text.Judge_UnpackRecData)
    Judge_robot_status                       0x08002ddd   Thumb Code    12  judge.o(.text.Judge_robot_status)
    Judge_shoot_data                         0x08002de9   Thumb Code    12  judge.o(.text.Judge_shoot_data)
    MemManage_Handler                        0x08002df5   Thumb Code     4  stm32f4xx_it.o(.text.MemManage_Handler)
    NMI_Handler                              0x08002df9   Thumb Code     2  stm32f4xx_it.o(.text.NMI_Handler)
    NVIC_Init                                0x08002dfd   Thumb Code   206  misc.o(.text.NVIC_Init)
    NVIC_PriorityGroupConfig                 0x08002ecd   Thumb Code    28  misc.o(.text.NVIC_PriorityGroupConfig)
    PendSV_Handler                           0x08002ef1   Thumb Code   100  port.o(.text.PendSV_Handler)
    RCC_AHB1PeriphClockCmd                   0x08002f55   Thumb Code    56  stm32f4xx_rcc.o(.text.RCC_AHB1PeriphClockCmd)
    RCC_AHB2PeriphClockCmd                   0x08002f8d   Thumb Code    56  stm32f4xx_rcc.o(.text.RCC_AHB2PeriphClockCmd)
    RCC_APB1PeriphClockCmd                   0x08002fc5   Thumb Code    56  stm32f4xx_rcc.o(.text.RCC_APB1PeriphClockCmd)
    RCC_APB1PeriphResetCmd                   0x08002ffd   Thumb Code    56  stm32f4xx_rcc.o(.text.RCC_APB1PeriphResetCmd)
    RCC_GetClocksFreq                        0x08003035   Thumb Code   354  stm32f4xx_rcc.o(.text.RCC_GetClocksFreq)
    RNG_Cmd                                  0x08003199   Thumb Code    54  stm32f4xx_rng.o(.text.RNG_Cmd)
    RNG_GetFlagStatus                        0x080031d1   Thumb Code    56  stm32f4xx_rng.o(.text.RNG_GetFlagStatus)
    SVC_Handler                              0x08003211   Thumb Code    36  port.o(.text.SVC_Handler)
    SysTick_CLKSourceConfig                  0x0800336d   Thumb Code    52  misc.o(.text.SysTick_CLKSourceConfig)
    SysTick_Handler                          0x080033a1   Thumb Code    84  stm32f4xx_it.o(.text.SysTick_Handler)
    SystemInit                               0x080033f5   Thumb Code   116  system_stm32f4xx.o(.text.SystemInit)
    TIM2_IRQHandler                          0x08003469   Thumb Code    54  timer.o(.text.TIM2_IRQHandler)
    TIM_ClearITPendingBit                    0x080034a1   Thumb Code    22  stm32f4xx_tim.o(.text.TIM_ClearITPendingBit)
    TIM_Cmd                                  0x080034b9   Thumb Code    44  stm32f4xx_tim.o(.text.TIM_Cmd)
    TIM_GetITStatus                          0x080034e5   Thumb Code    90  stm32f4xx_tim.o(.text.TIM_GetITStatus)
    TIM_ITConfig                             0x08003541   Thumb Code    52  stm32f4xx_tim.o(.text.TIM_ITConfig)
    TIM_TimeBaseInit                         0x08003575   Thumb Code   270  stm32f4xx_tim.o(.text.TIM_TimeBaseInit)
    USART3_IRQHandler                        0x08003685   Thumb Code   162  judge.o(.text.USART3_IRQHandler)
    USART_Cmd                                0x08003729   Thumb Code    44  stm32f4xx_usart.o(.text.USART_Cmd)
    USART_GetITStatus                        0x08003755   Thumb Code   176  stm32f4xx_usart.o(.text.USART_GetITStatus)
    USART_Init                               0x08003805   Thumb Code   354  stm32f4xx_usart.o(.text.USART_Init)
    UsageFault_Handler                       0x08003969   Thumb Code     4  stm32f4xx_it.o(.text.UsageFault_Handler)
    Debug_Task(void*)                        0x080039ad   Thumb Code    24  debugtask.o(.text._Z10Debug_TaskPv)
    Start_Task(void*)                        0x080039c5   Thumb Code   164  starttask.o(.text._Z10Start_TaskPv)
    Cancom_Task(void*)                       0x08003a69   Thumb Code    28  cancomtask.o(.text._Z11Cancom_TaskPv)
    sysTickInit()                            0x08003a85   Thumb Code    52  sys.o(.text._Z11sysTickInitv)
    boardALLInit()                           0x08003ab9   Thumb Code    28  sys.o(.text._Z12boardALLInitv)
    getSysTimeUs()                           0x08003ad5   Thumb Code    94  sys.o(.text._Z12getSysTimeUsv)
    OE_SwitchInit()                          0x08003b35   Thumb Code    52  optoeswitch.o(.text._Z13OE_SwitchInitv)
    progMsgRecFromGM(CanRxMsg*)              0x08003b69   Thumb Code    50  ch2gm.o(.text._Z16progMsgRecFromGMP8CanRxMsg)
    Debug_Usart4_init(unsigned int)          0x08003b9d   Thumb Code   146  debug_usart.o(.text._Z17Debug_Usart4_initj)
    sendJudgeMSGtoGimbal()                   0x08003c31   Thumb Code  1150  ch2gm.o(.text._Z20sendJudgeMSGtoGimbalv)
    delayUs(unsigned int)                    0x080040b1   Thumb Code   160  sys.o(.text._Z7delayUsj)
    Led_Task(void*)                          0x08004151   Thumb Code    66  led.o(.text._Z8Led_TaskPv)
    RNG_Init()                               0x08004195   Thumb Code   128  rng.o(.text._Z8RNG_Initv)
    CAN1_Init()                              0x08004215   Thumb Code   254  can.o(.text._Z9CAN1_Initv)
    CAN2_Init()                              0x08004315   Thumb Code   258  can.o(.text._Z9CAN2_Initv)
    cMotorCtrl::cMotorCtrl(eGMWhichMotor, eCtrlType, sGeneralPID) 0x08004521   Thumb Code   150  control.o(.text._ZN10cMotorCtrlC2E13eGMWhichMotor9eCtrlType11sGeneralPID)
    cMotorCtrl::cMotorCtrl__sub_object(eGMWhichMotor, eCtrlType, sGeneralPID) 0x08004521   Thumb Code   150  control.o(.text._ZN10cMotorCtrlC2E13eGMWhichMotor9eCtrlType11sGeneralPID)
    cMotorCtrl::cMotorCtrl(eGMWhichMotor, eCtrlType, sGeneralPID, sGeneralPID) 0x080045b9   Thumb Code   236  control.o(.text._ZN10cMotorCtrlC2E13eGMWhichMotor9eCtrlType11sGeneralPIDS2_)
    cMotorCtrl::cMotorCtrl__sub_object(eGMWhichMotor, eCtrlType, sGeneralPID, sGeneralPID) 0x080045b9   Thumb Code   236  control.o(.text._ZN10cMotorCtrlC2E13eGMWhichMotor9eCtrlType11sGeneralPIDS2_)
    sGeneralPID::sGeneralPID__sub_object(float, float, float, float, float, float, float, ePID_RampState) 0x080046a5   Thumb Code    98  chassistask.o(.text._ZN11sGeneralPIDC2Efffffff14ePID_RampState)
    sGeneralPID::sGeneralPID__sub_object(float, float, float, float, float, float, float, ePID_RampState, float) 0x08004709   Thumb Code    98  chassistask.o(.text._ZN11sGeneralPIDC2Efffffff14ePID_RampStatef)
    sGeneralPID::sGeneralPID__sub_object()   0x0800476d   Thumb Code    22  stateaction.o(.text._ZN11sGeneralPIDC2Ev)
    sGetAngelAll::sGetAngelAll__sub_object() 0x08004785   Thumb Code    20  motormsg.o(.text._ZN12sGetAngelAllC2Ev)
    sDbusMsgFromTop::sDbusMsgFromTop__sub_object() 0x08004799   Thumb Code    28  chassistask.o(.text._ZN15sDbusMsgFromTopC2Ev)
    LED::LED_Configuration()                 0x080047b5   Thumb Code    58  led.o(.text._ZN3LED17LED_ConfigurationEv)
    LED::LED_Init()                          0x080047f1   Thumb Code    38  led.o(.text._ZN3LED8LED_InitEv)
    cPID::cPID(sGeneralPID)                  0x08004819   Thumb Code    58  pid.o(.text._ZN4cPIDC2E11sGeneralPID)
    cPID::cPID__sub_object(sGeneralPID)      0x08004819   Thumb Code    58  pid.o(.text._ZN4cPIDC2E11sGeneralPID)
    cPID::cPID()                             0x08004855   Thumb Code    28  pid.o(.text._ZN4cPIDC2Ev)
    cPID::cPID__sub_object()                 0x08004855   Thumb Code    28  pid.o(.text._ZN4cPIDC2Ev)
    cMotorMsg::setMotorMsg(sMotorMsg)        0x08004871   Thumb Code    46  motormsg.o(.text._ZN9cMotorMsg11setMotorMsgE9sMotorMsg)
    cMotorMsg::getApplyInfo()                0x080048a1   Thumb Code    10  motormsg.o(.text._ZN9cMotorMsg12getApplyInfoEv)
    cMotorMsg::getContinueAngel(float, float) 0x080048b1   Thumb Code   288  motormsg.o(.text._ZN9cMotorMsg16getContinueAngelEff)
    cMotorMsg::allAngelRecoderLoop()         0x080049d1   Thumb Code   224  motormsg.o(.text._ZN9cMotorMsg19allAngelRecoderLoopEv)
    cMotorMsg::cMotorMsg(eGMWhichMotor, eCanX, eCanID, eMotorType) 0x08004ab1   Thumb Code   358  motormsg.o(.text._ZN9cMotorMsgC2E13eGMWhichMotor5eCanX6eCanID10eMotorType)
    cMotorMsg::cMotorMsg__sub_object(eGMWhichMotor, eCanX, eCanID, eMotorType) 0x08004ab1   Thumb Code   358  motormsg.o(.text._ZN9cMotorMsgC2E13eGMWhichMotor5eCanX6eCanID10eMotorType)
    sMotorMsg::sMotorMsg__sub_object()       0x08004c19   Thumb Code    20  stateaction.o(.text._ZN9sMotorMsgC2Ev)
    _sys_exit                                0x08004e8d   Thumb Code     8  debug_usart.o(.text._sys_exit)
    _ttywrch                                 0x08004e95   Thumb Code     8  debug_usart.o(.text._ttywrch)
    abort_message                            0x08004e9d   Thumb Code     4  abort_message.cpp.o(.text.abort_message)
    fputc                                    0x08004ea1   Thumb Code    48  debug_usart.o(.text.fputc)
    get_crc16_check_sum                      0x08004ed1   Thumb Code   102  crccheck.o(.text.get_crc16_check_sum)
    get_crc8_check_sum                       0x08004f39   Thumb Code    74  crccheck.o(.text.get_crc8_check_sum)
    main                                     0x08004f85   Thumb Code   104  main.o(.text.main)
    pvPortMalloc                             0x08005e79   Thumb Code   454  heap_4.o(.text.pvPortMalloc)
    pvTaskIncrementMutexHeldCount            0x08006041   Thumb Code    44  tasks.o(.text.pvTaskIncrementMutexHeldCount)
    pxPortInitialiseStack                    0x0800606d   Thumb Code    94  port.o(.text.pxPortInitialiseStack)
    __cxa_guard_acquire                      0x080060cd   Thumb Code    36  cxa_guard.cpp.o(.text.unlikely.__cxa_guard_acquire)
    __cxa_guard_release                      0x08006129   Thumb Code     8  cxa_guard.cpp.o(.text.unlikely.__cxa_guard_release)
    uxListRemove                             0x08006131   Thumb Code    72  list.o(.text.uxListRemove)
    vListInitialise                          0x08006179   Thumb Code    46  list.o(.text.vListInitialise)
    vListInitialiseItem                      0x080061a9   Thumb Code    14  list.o(.text.vListInitialiseItem)
    vListInsert                              0x080061b9   Thumb Code   106  list.o(.text.vListInsert)
    vListInsertEnd                           0x08006225   Thumb Code    58  list.o(.text.vListInsertEnd)
    vPortEnterCritical                       0x08006275   Thumb Code    78  port.o(.text.vPortEnterCritical)
    vPortExitCritical                        0x080062c5   Thumb Code    66  port.o(.text.vPortExitCritical)
    vPortFree                                0x08006309   Thumb Code   176  heap_4.o(.text.vPortFree)
    vPortSetupTimerInterrupt                 0x080063b9   Thumb Code    54  port.o(.text.vPortSetupTimerInterrupt)
    vPortValidateInterruptPriority           0x080063f1   Thumb Code   116  port.o(.text.vPortValidateInterruptPriority)
    vQueueAddToRegistry                      0x08006465   Thumb Code    82  queue.o(.text.vQueueAddToRegistry)
    vQueueWaitForMessageRestricted           0x080064b9   Thumb Code   100  queue.o(.text.vQueueWaitForMessageRestricted)
    vTaskDelayUntil                          0x0800651d   Thumb Code   252  tasks.o(.text.vTaskDelayUntil)
    vTaskDelete                              0x08006619   Thumb Code   332  tasks.o(.text.vTaskDelete)
    vTaskMissedYield                         0x08006765   Thumb Code    14  tasks.o(.text.vTaskMissedYield)
    vTaskPlaceOnEventList                    0x08006775   Thumb Code    58  tasks.o(.text.vTaskPlaceOnEventList)
    vTaskPlaceOnEventListRestricted          0x080067b1   Thumb Code    74  tasks.o(.text.vTaskPlaceOnEventListRestricted)
    vTaskPriorityInherit                     0x080067fd   Thumb Code   268  tasks.o(.text.vTaskPriorityInherit)
    vTaskSetTimeOutState                     0x08006909   Thumb Code    56  tasks.o(.text.vTaskSetTimeOutState)
    vTaskStartScheduler                      0x08006941   Thumb Code   172  tasks.o(.text.vTaskStartScheduler)
    vTaskSuspendAll                          0x080069ed   Thumb Code    16  tasks.o(.text.vTaskSuspendAll)
    vTaskSwitchContext                       0x080069fd   Thumb Code   284  tasks.o(.text.vTaskSwitchContext)
    xPortStartScheduler                      0x08006b19   Thumb Code   284  port.o(.text.xPortStartScheduler)
    xPortSysTickHandler                      0x08006c35   Thumb Code    60  port.o(.text.xPortSysTickHandler)
    xQueueGenericCreate                      0x08006c71   Thumb Code   108  queue.o(.text.xQueueGenericCreate)
    xQueueGenericReceive                     0x08006cdd   Thumb Code   576  queue.o(.text.xQueueGenericReceive)
    xQueueGenericReset                       0x08006f1d   Thumb Code   178  queue.o(.text.xQueueGenericReset)
    xQueueGenericSend                        0x08006fd1   Thumb Code   574  queue.o(.text.xQueueGenericSend)
    xQueueGenericSendFromISR                 0x08007211   Thumb Code   346  queue.o(.text.xQueueGenericSendFromISR)
    xTaskCheckForTimeOut                     0x0800736d   Thumb Code   184  tasks.o(.text.xTaskCheckForTimeOut)
    xTaskCreate                              0x08007425   Thumb Code   152  tasks.o(.text.xTaskCreate)
    xTaskGetSchedulerState                   0x080074bd   Thumb Code    56  tasks.o(.text.xTaskGetSchedulerState)
    xTaskGetTickCount                        0x080074f5   Thumb Code    20  tasks.o(.text.xTaskGetTickCount)
    xTaskIncrementTick                       0x08007509   Thumb Code   432  tasks.o(.text.xTaskIncrementTick)
    xTaskPriorityDisinherit                  0x080076b9   Thumb Code   262  tasks.o(.text.xTaskPriorityDisinherit)
    xTaskRemoveFromEventList                 0x080077c1   Thumb Code   186  tasks.o(.text.xTaskRemoveFromEventList)
    xTaskResumeAll                           0x0800787d   Thumb Code   368  tasks.o(.text.xTaskResumeAll)
    xTimerCreateTimerTask                    0x080079ed   Thumb Code    98  timers.o(.text.xTimerCreateTimerTask)
    xTimerGenericCommand                     0x08007a51   Thumb Code   168  timers.o(.text.xTimerGenericCommand)
    _btod_d2e                                0x08007af9   Thumb Code    62  btod.o(CL$$btod_d2e)
    _d2e_denorm_low                          0x08007b37   Thumb Code    70  btod.o(CL$$btod_d2e_denorm_low)
    _d2e_norm_op1                            0x08007b7d   Thumb Code    96  btod.o(CL$$btod_d2e_norm_op1)
    __btod_div_common                        0x08007bdd   Thumb Code   696  btod.o(CL$$btod_div_common)
    _e2e                                     0x08007f15   Thumb Code   220  btod.o(CL$$btod_e2e)
    _btod_ediv                               0x08007ff1   Thumb Code    42  btod.o(CL$$btod_ediv)
    _btod_emul                               0x0800801b   Thumb Code    42  btod.o(CL$$btod_emul)
    __btod_mult_common                       0x08008045   Thumb Code   580  btod.o(CL$$btod_mult_common)
    __ARM_fpclassify                         0x08008289   Thumb Code    48  fpclassify.o(i.__ARM_fpclassify)
    _is_digit                                0x080082b9   Thumb Code    14  __printf_wp.o(i._is_digit)
    _get_lc_numeric                          0x080082c9   Thumb Code    44  lc_numeric_c.o(locale$$code)
    _get_lc_ctype                            0x080082f5   Thumb Code    44  lc_ctype_c.o(locale$$code)
    __aeabi_d2f                              0x08008321   Thumb Code     0  d2f.o(x$fpl$d2f)
    _d2f                                     0x08008321   Thumb Code    98  d2f.o(x$fpl$d2f)
    __aeabi_dadd                             0x08008385   Thumb Code     0  daddsub_clz.o(x$fpl$dadd)
    _dadd                                    0x08008385   Thumb Code   332  daddsub_clz.o(x$fpl$dadd)
    __aeabi_ddiv                             0x080084d5   Thumb Code     0  ddiv.o(x$fpl$ddiv)
    _ddiv                                    0x080084d5   Thumb Code   556  ddiv.o(x$fpl$ddiv)
    __aeabi_i2d                              0x08008789   Thumb Code     0  dflt_clz.o(x$fpl$dflt)
    _dflt                                    0x08008789   Thumb Code    46  dflt_clz.o(x$fpl$dflt)
    __aeabi_dmul                             0x080087b9   Thumb Code     0  dmul.o(x$fpl$dmul)
    _dmul                                    0x080087b9   Thumb Code   332  dmul.o(x$fpl$dmul)
    __fpl_dnaninf                            0x0800890d   Thumb Code   156  dnaninf.o(x$fpl$dnaninf)
    __fpl_dretinf                            0x080089a9   Thumb Code    12  dretinf.o(x$fpl$dretinf)
    __aeabi_dsub                             0x080089b5   Thumb Code     0  daddsub_clz.o(x$fpl$dsub)
    _dsub                                    0x080089b5   Thumb Code   472  daddsub_clz.o(x$fpl$dsub)
    __aeabi_f2d                              0x08008b91   Thumb Code     0  f2d.o(x$fpl$f2d)
    _f2d                                     0x08008b91   Thumb Code    86  f2d.o(x$fpl$f2d)
    __fpl_fnaninf                            0x08008be7   Thumb Code   140  fnaninf.o(x$fpl$fnaninf)
    _fp_init                                 0x08008c73   Thumb Code    26  fpinit.o(x$fpl$fpinit)
    __fplib_config_fpu_vfp                   0x08008c8b   Thumb Code     0  fpinit.o(x$fpl$fpinit)
    __fplib_config_pureend_doubles           0x08008c8b   Thumb Code     0  fpinit.o(x$fpl$fpinit)
    __fpl_fretinf                            0x08008c8d   Thumb Code    10  fretinf.o(x$fpl$fretinf)
    _printf_fp_dec                           0x08008c97   Thumb Code     4  printf1.o(x$fpl$printf1)
    _printf_fp_hex                           0x08008c9b   Thumb Code     4  printf2.o(x$fpl$printf2)
    __I$use$fp                               0x08008c9e   Number         0  usenofp.o(x$fpl$usenofp)
    CRC8_TAB                                 0x08008dac   Data         256  crccheck.o(.rodata.CRC8_TAB)
    wCRC_Table                               0x08008ede   Data         512  crccheck.o(.rodata.wCRC_Table)
    Region$$Table$$Base                      0x080090e0   Number         0  anon$$obj.o(Region$$Table)
    Region$$Table$$Limit                     0x08009100   Number         0  anon$$obj.o(Region$$Table)
    __ctype                                  0x08009129   Data           0  lc_ctype_c.o(locale$$data)
    SHT$$INIT_ARRAY$$Base                    0x0800922c   Number         0  chassistask.o(.init_array)
    SHT$$INIT_ARRAY$$Limit                   0x0800923c   Number         0  init_aeabi.o(.init_array)
    SystemCoreClock                          0x20000000   Data           4  system_stm32f4xx.o(.data.SystemCoreClock)
    i                                        0x20000004   Data           4  ch2gm.o(.data.i)
    __libspace_start                         0x20000010   Data          96  libspace.o(.bss)
    BRAKE_PC_PID_Struct                      0x20000070   Data          80  chassistask.o(.bss.BRAKE_PC_PID_Struct)
    __temporary_stack_top$libspace           0x20000070   Data           0  libspace.o(.bss)
    BRAKE_VC_PID_Struct                      0x200000c0   Data          80  chassistask.o(.bss.BRAKE_VC_PID_Struct)
    CMAllMotorCtrl                           0x20000110   Data         328  chassistask.o(.bss.CMAllMotorCtrl)
    CancomTask_Handler                       0x20000258   Data           4  starttask.o(.bss.CancomTask_Handler)
    DRIVING_VC_PID_Struct                    0x2000025c   Data          80  chassistask.o(.bss.DRIVING_VC_PID_Struct)
    DbusMsg                                  0x200002ac   Data          10  ch2gm.o(.bss.DbusMsg)
    DebugTask_Handler                        0x200002b8   Data           4  starttask.o(.bss.DebugTask_Handler)
    FreeRTOSRunTimeTicks                     0x200002c0   Data           8  timer.o(.bss.FreeRTOSRunTimeTicks)
    GimbalAllMotorMsg                        0x200002c8   Data          96  encoder.o(.bss.GimbalAllMotorMsg)
    Init_OK                                  0x20000328   Data           1  sys.o(.bss.Init_OK)
    Judge_DataBuff                           0x20000329   Data         410  judge.o(.bss.Judge_DataBuff)
    Judge_TxDataBuff                         0x200004cc   Data         416  judge.o(.bss.Judge_TxDataBuff)
    Judge_UndateFlag                         0x2000066c   Data          92  judge.o(.bss.Judge_UndateFlag)
    LedTask_Handler                          0x200006cc   Data           4  starttask.o(.bss.LedTask_Handler)
    StartTask_Handler                        0x200006d0   Data           4  main.o(.bss.StartTask_Handler)
    __stdout                                 0x20000708   Data          84  debug_usart.o(.bss.__stdout)
    brake_msg                                0x2000075c   Data          16  stateaction.o(.bss.brake_msg)
    brake_pid                                0x2000076c   Data          80  stateaction.o(.bss.brake_pid)
    brake_temp                               0x200007bc   Data          16  stateaction.o(.bss.brake_temp)
    drive_msg                                0x200007cc   Data          16  stateaction.o(.bss.drive_msg)
    drive_pid                                0x200007dc   Data          80  stateaction.o(.bss.drive_pid)
    drive_temp                               0x2000082c   Data          16  stateaction.o(.bss.drive_temp)
    judge_recv_mesg                          0x2000083c   Data         327  judge.o(.bss.judge_recv_mesg)
    pxCurrentTCB                             0x20000988   Data           4  tasks.o(.bss.pxCurrentTCB)
    sysTickUptime                            0x20000c20   Data           4  sys.o(.bss.sysTickUptime)
    sysTickUptimeUs                          0x20000c24   Data           4  sys.o(.bss.sysTickUptimeUs)
    xQueueRegistry                           0x2000d4cc   Data          64  queue.o(.bss.xQueueRegistry)



==============================================================================

Memory Map of the image

  Image Entry point : 0x08000189

  Load Region LR_IROM1 (Base: 0x08000000, Size: 0x00009250, Max: 0x00100000, ABSOLUTE)

    Execution Region ER_IROM1 (Exec base: 0x08000000, Load base: 0x08000000, Size: 0x0000923c, Max: 0x00100000, ABSOLUTE)

    Exec Addr    Load Addr    Size         Type   Attr      Idx    E Section Name        Object

    0x08000000   0x08000000   0x00000188   Data   RO          754    RESET               startup_stm32f40_41xxx.o
    0x08000188   0x08000188   0x00000008   Code   RO         2918  * !!!main             c_w.l(__main.o)
    0x08000190   0x08000190   0x00000034   Code   RO         3362    !!!scatter          c_w.l(__scatter.o)
    0x080001c4   0x080001c4   0x0000001a   Code   RO         3364    !!handler_copy      c_w.l(__scatter_copy.o)
    0x080001de   0x080001de   0x00000002   PAD
    0x080001e0   0x080001e0   0x0000001c   Code   RO         3366    !!handler_zi        c_w.l(__scatter_zi.o)
    0x080001fc   0x080001fc   0x00000000   Code   RO         3079    .ARM.Collect$$_printf_percent$$00000000  c_w.l(_printf_percent.o)
    0x080001fc   0x080001fc   0x00000006   Code   RO         3068    .ARM.Collect$$_printf_percent$$00000001  c_w.l(_printf_n.o)
    0x08000202   0x08000202   0x00000006   Code   RO         3070    .ARM.Collect$$_printf_percent$$00000002  c_w.l(_printf_p.o)
    0x08000208   0x08000208   0x00000006   Code   RO         3075    .ARM.Collect$$_printf_percent$$00000003  c_w.l(_printf_f.o)
    0x0800020e   0x0800020e   0x00000006   Code   RO         3076    .ARM.Collect$$_printf_percent$$00000004  c_w.l(_printf_e.o)
    0x08000214   0x08000214   0x00000006   Code   RO         3077    .ARM.Collect$$_printf_percent$$00000005  c_w.l(_printf_g.o)
    0x0800021a   0x0800021a   0x00000006   Code   RO         3078    .ARM.Collect$$_printf_percent$$00000006  c_w.l(_printf_a.o)
    0x08000220   0x08000220   0x0000000a   Code   RO         3083    .ARM.Collect$$_printf_percent$$00000007  c_w.l(_printf_ll.o)
    0x0800022a   0x0800022a   0x00000006   Code   RO         3072    .ARM.Collect$$_printf_percent$$00000008  c_w.l(_printf_i.o)
    0x08000230   0x08000230   0x00000006   Code   RO         3073    .ARM.Collect$$_printf_percent$$00000009  c_w.l(_printf_d.o)
    0x08000236   0x08000236   0x00000006   Code   RO         3074    .ARM.Collect$$_printf_percent$$0000000A  c_w.l(_printf_u.o)
    0x0800023c   0x0800023c   0x00000006   Code   RO         3071    .ARM.Collect$$_printf_percent$$0000000B  c_w.l(_printf_o.o)
    0x08000242   0x08000242   0x00000006   Code   RO         3069    .ARM.Collect$$_printf_percent$$0000000C  c_w.l(_printf_x.o)
    0x08000248   0x08000248   0x00000006   Code   RO         3080    .ARM.Collect$$_printf_percent$$0000000D  c_w.l(_printf_lli.o)
    0x0800024e   0x0800024e   0x00000006   Code   RO         3081    .ARM.Collect$$_printf_percent$$0000000E  c_w.l(_printf_lld.o)
    0x08000254   0x08000254   0x00000006   Code   RO         3082    .ARM.Collect$$_printf_percent$$0000000F  c_w.l(_printf_llu.o)
    0x0800025a   0x0800025a   0x00000006   Code   RO         3087    .ARM.Collect$$_printf_percent$$00000010  c_w.l(_printf_llo.o)
    0x08000260   0x08000260   0x00000006   Code   RO         3088    .ARM.Collect$$_printf_percent$$00000011  c_w.l(_printf_llx.o)
    0x08000266   0x08000266   0x0000000a   Code   RO         3084    .ARM.Collect$$_printf_percent$$00000012  c_w.l(_printf_l.o)
    0x08000270   0x08000270   0x00000006   Code   RO         3066    .ARM.Collect$$_printf_percent$$00000013  c_w.l(_printf_c.o)
    0x08000276   0x08000276   0x00000006   Code   RO         3067    .ARM.Collect$$_printf_percent$$00000014  c_w.l(_printf_s.o)
    0x0800027c   0x0800027c   0x00000006   Code   RO         3085    .ARM.Collect$$_printf_percent$$00000015  c_w.l(_printf_lc.o)
    0x08000282   0x08000282   0x00000006   Code   RO         3086    .ARM.Collect$$_printf_percent$$00000016  c_w.l(_printf_ls.o)
    0x08000288   0x08000288   0x00000004   Code   RO         3208    .ARM.Collect$$_printf_percent$$00000017  c_w.l(_printf_percent_end.o)
    0x0800028c   0x0800028c   0x00000002   Code   RO         3293    .ARM.Collect$$libinit$$00000000  c_w.l(libinit.o)
    0x0800028e   0x0800028e   0x00000004   Code   RO         3091    .ARM.Collect$$libinit$$00000001  c_w.l(libinit2.o)
    0x08000292   0x08000292   0x00000000   Code   RO         3094    .ARM.Collect$$libinit$$00000004  c_w.l(libinit2.o)
    0x08000292   0x08000292   0x00000000   Code   RO         3097    .ARM.Collect$$libinit$$0000000A  c_w.l(libinit2.o)
    0x08000292   0x08000292   0x00000000   Code   RO         3099    .ARM.Collect$$libinit$$0000000C  c_w.l(libinit2.o)
    0x08000292   0x08000292   0x00000000   Code   RO         3101    .ARM.Collect$$libinit$$0000000E  c_w.l(libinit2.o)
    0x08000292   0x08000292   0x00000006   Code   RO         3102    .ARM.Collect$$libinit$$0000000F  c_w.l(libinit2.o)
    0x08000298   0x08000298   0x00000000   Code   RO         3104    .ARM.Collect$$libinit$$00000011  c_w.l(libinit2.o)
    0x08000298   0x08000298   0x0000000c   Code   RO         3105    .ARM.Collect$$libinit$$00000012  c_w.l(libinit2.o)
    0x080002a4   0x080002a4   0x00000000   Code   RO         3106    .ARM.Collect$$libinit$$00000013  c_w.l(libinit2.o)
    0x080002a4   0x080002a4   0x00000000   Code   RO         3108    .ARM.Collect$$libinit$$00000015  c_w.l(libinit2.o)
    0x080002a4   0x080002a4   0x0000000a   Code   RO         3109    .ARM.Collect$$libinit$$00000016  c_w.l(libinit2.o)
    0x080002ae   0x080002ae   0x00000000   Code   RO         3110    .ARM.Collect$$libinit$$00000017  c_w.l(libinit2.o)
    0x080002ae   0x080002ae   0x00000000   Code   RO         3112    .ARM.Collect$$libinit$$00000019  c_w.l(libinit2.o)
    0x080002ae   0x080002ae   0x00000000   Code   RO         3114    .ARM.Collect$$libinit$$0000001B  c_w.l(libinit2.o)
    0x080002ae   0x080002ae   0x00000000   Code   RO         3116    .ARM.Collect$$libinit$$0000001D  c_w.l(libinit2.o)
    0x080002ae   0x080002ae   0x00000000   Code   RO         3118    .ARM.Collect$$libinit$$0000001F  c_w.l(libinit2.o)
    0x080002ae   0x080002ae   0x00000000   Code   RO         3120    .ARM.Collect$$libinit$$00000021  c_w.l(libinit2.o)
    0x080002ae   0x080002ae   0x00000000   Code   RO         3122    .ARM.Collect$$libinit$$00000023  c_w.l(libinit2.o)
    0x080002ae   0x080002ae   0x00000000   Code   RO         3124    .ARM.Collect$$libinit$$00000025  c_w.l(libinit2.o)
    0x080002ae   0x080002ae   0x00000000   Code   RO         3128    .ARM.Collect$$libinit$$0000002C  c_w.l(libinit2.o)
    0x080002ae   0x080002ae   0x00000000   Code   RO         3130    .ARM.Collect$$libinit$$0000002E  c_w.l(libinit2.o)
    0x080002ae   0x080002ae   0x00000000   Code   RO         3132    .ARM.Collect$$libinit$$00000030  c_w.l(libinit2.o)
    0x080002ae   0x080002ae   0x00000004   Code   RO         3133    .ARM.Collect$$libinit$$00000031  c_w.l(libinit2.o)
    0x080002b2   0x080002b2   0x00000000   Code   RO         3134    .ARM.Collect$$libinit$$00000032  c_w.l(libinit2.o)
    0x080002b2   0x080002b2   0x00000002   Code   RO         3135    .ARM.Collect$$libinit$$00000033  c_w.l(libinit2.o)
    0x080002b4   0x080002b4   0x00000002   Code   RO         3360    .ARM.Collect$$libshutdown$$00000000  c_w.l(libshutdown.o)
    0x080002b6   0x080002b6   0x00000000   Code   RO         3318    .ARM.Collect$$libshutdown$$00000002  c_w.l(libshutdown2.o)
    0x080002b6   0x080002b6   0x00000000   Code   RO         3320    .ARM.Collect$$libshutdown$$00000004  c_w.l(libshutdown2.o)
    0x080002b6   0x080002b6   0x00000000   Code   RO         3323    .ARM.Collect$$libshutdown$$00000007  c_w.l(libshutdown2.o)
    0x080002b6   0x080002b6   0x00000000   Code   RO         3326    .ARM.Collect$$libshutdown$$0000000A  c_w.l(libshutdown2.o)
    0x080002b6   0x080002b6   0x00000000   Code   RO         3328    .ARM.Collect$$libshutdown$$0000000C  c_w.l(libshutdown2.o)
    0x080002b6   0x080002b6   0x00000000   Code   RO         3331    .ARM.Collect$$libshutdown$$0000000F  c_w.l(libshutdown2.o)
    0x080002b6   0x080002b6   0x00000002   Code   RO         3332    .ARM.Collect$$libshutdown$$00000010  c_w.l(libshutdown2.o)
    0x080002b8   0x080002b8   0x00000000   Code   RO         2966    .ARM.Collect$$rtentry$$00000000  c_w.l(__rtentry.o)
    0x080002b8   0x080002b8   0x00000000   Code   RO         3169    .ARM.Collect$$rtentry$$00000002  c_w.l(__rtentry2.o)
    0x080002b8   0x080002b8   0x00000006   Code   RO         3181    .ARM.Collect$$rtentry$$00000004  c_w.l(__rtentry4.o)
    0x080002be   0x080002be   0x00000000   Code   RO         3171    .ARM.Collect$$rtentry$$00000009  c_w.l(__rtentry2.o)
    0x080002be   0x080002be   0x00000004   Code   RO         3172    .ARM.Collect$$rtentry$$0000000A  c_w.l(__rtentry2.o)
    0x080002c2   0x080002c2   0x00000000   Code   RO         3174    .ARM.Collect$$rtentry$$0000000C  c_w.l(__rtentry2.o)
    0x080002c2   0x080002c2   0x00000008   Code   RO         3175    .ARM.Collect$$rtentry$$0000000D  c_w.l(__rtentry2.o)
    0x080002ca   0x080002ca   0x00000002   Code   RO         3298    .ARM.Collect$$rtexit$$00000000  c_w.l(rtexit.o)
    0x080002cc   0x080002cc   0x00000000   Code   RO         3334    .ARM.Collect$$rtexit$$00000002  c_w.l(rtexit2.o)
    0x080002cc   0x080002cc   0x00000004   Code   RO         3335    .ARM.Collect$$rtexit$$00000003  c_w.l(rtexit2.o)
    0x080002d0   0x080002d0   0x00000006   Code   RO         3336    .ARM.Collect$$rtexit$$00000004  c_w.l(rtexit2.o)
    0x080002d6   0x080002d6   0x00000002   PAD
    0x080002d8   0x080002d8   0x00000040   Code   RO          755    .text               startup_stm32f40_41xxx.o
    0x08000318   0x08000318   0x00000002   Code   RO         2832    .text               c_w.l(use_no_semi_2.o)
    0x0800031a   0x0800031a   0x00000002   PAD
    0x0800031c   0x0800031c   0x00000018   Code   RO         2896    .text               c_w.l(printf.o)
    0x08000334   0x08000334   0x00000014   Code   RO         2900    .text               c_w.l(strchr.o)
    0x08000348   0x08000348   0x0000008a   Code   RO         2906    .text               c_w.l(rt_memcpy_v6.o)
    0x080003d2   0x080003d2   0x00000064   Code   RO         2908    .text               c_w.l(rt_memcpy_w.o)
    0x08000436   0x08000436   0x00000010   Code   RO         2910    .text               c_w.l(aeabi_memset4.o)
    0x08000446   0x08000446   0x00000044   Code   RO         2912    .text               c_w.l(rt_memclr.o)
    0x0800048a   0x0800048a   0x0000004e   Code   RO         2914    .text               c_w.l(rt_memclr_w.o)
    0x080004d8   0x080004d8   0x00000006   Code   RO         2916    .text               c_w.l(heapauxi.o)
    0x080004de   0x080004de   0x00000002   PAD
    0x080004e0   0x080004e0   0x00000024   Code   RO         2923    .text               c_w.l(init_aeabi.o)
    0x08000504   0x08000504   0x00000002   Code   RO         2962    .text               c_w.l(use_no_semi.o)
    0x08000506   0x08000506   0x0000004e   Code   RO         2998    .text               c_w.l(_printf_pad.o)
    0x08000554   0x08000554   0x00000024   Code   RO         3000    .text               c_w.l(_printf_truncate.o)
    0x08000578   0x08000578   0x00000052   Code   RO         3002    .text               c_w.l(_printf_str.o)
    0x080005ca   0x080005ca   0x00000002   PAD
    0x080005cc   0x080005cc   0x00000078   Code   RO         3004    .text               c_w.l(_printf_dec.o)
    0x08000644   0x08000644   0x00000028   Code   RO         3006    .text               c_w.l(_printf_charcount.o)
    0x0800066c   0x0800066c   0x00000030   Code   RO         3008    .text               c_w.l(_printf_char_common.o)
    0x0800069c   0x0800069c   0x00000024   Code   RO         3012    .text               c_w.l(_printf_char_file.o)
    0x080006c0   0x080006c0   0x000000bc   Code   RO         3014    .text               c_w.l(_printf_wctomb.o)
    0x0800077c   0x0800077c   0x0000007c   Code   RO         3017    .text               c_w.l(_printf_longlong_dec.o)
    0x080007f8   0x080007f8   0x00000070   Code   RO         3023    .text               c_w.l(_printf_oct_int_ll.o)
    0x08000868   0x08000868   0x00000094   Code   RO         3043    .text               c_w.l(_printf_hex_int_ll_ptr.o)
    0x080008fc   0x080008fc   0x00000188   Code   RO         3063    .text               c_w.l(__printf_flags_ss_wp.o)
    0x08000a84   0x08000a84   0x00000008   Code   RO         3165    .text               c_w.l(libspace.o)
    0x08000a8c   0x08000a8c   0x0000008a   Code   RO         3191    .text               c_w.l(lludiv10.o)
    0x08000b16   0x08000b16   0x000000b2   Code   RO         3193    .text               c_w.l(_printf_intcommon.o)
    0x08000bc8   0x08000bc8   0x0000041c   Code   RO         3195    .text               c_w.l(_printf_fp_dec.o)
    0x08000fe4   0x08000fe4   0x000002fc   Code   RO         3199    .text               c_w.l(_printf_fp_hex.o)
    0x080012e0   0x080012e0   0x0000002c   Code   RO         3204    .text               c_w.l(_printf_char.o)
    0x0800130c   0x0800130c   0x0000002c   Code   RO         3206    .text               c_w.l(_printf_wchar.o)
    0x08001338   0x08001338   0x00000008   Code   RO         3209    .text               c_w.l(ferror.o)
    0x08001340   0x08001340   0x00000048   Code   RO         3213    .text               c_w.l(_c16rtomb.o)
    0x08001388   0x08001388   0x00000016   Code   RO         3215    .text               c_w.l(abort.o)
    0x0800139e   0x0800139e   0x0000004a   Code   RO         3229    .text               c_w.l(sys_stackheap_outer.o)
    0x080013e8   0x080013e8   0x00000010   Code   RO         3231    .text               c_w.l(rt_ctype_table.o)
    0x080013f8   0x080013f8   0x00000008   Code   RO         3238    .text               c_w.l(rt_locale_intlibspace.o)
    0x08001400   0x08001400   0x00000080   Code   RO         3242    .text               c_w.l(_printf_fp_infnan.o)
    0x08001480   0x08001480   0x000000e4   Code   RO         3244    .text               c_w.l(bigflt0.o)
    0x08001564   0x08001564   0x00000012   Code   RO         3274    .text               c_w.l(exit.o)
    0x08001576   0x08001576   0x0000000a   Code   RO         3276    .text               c_w.l(defsig_exit.o)
    0x08001580   0x08001580   0x0000000e   Code   RO         3278    .text               c_w.l(defsig_abrt_outer.o)
    0x0800158e   0x0800158e   0x00000032   Code   RO         3311    .text               c_w.l(defsig_general.o)
    0x080015c0   0x080015c0   0x00000030   Code   RO         3313    .text               c_w.l(defsig_abrt_inner.o)
    0x080015f0   0x080015f0   0x0000007c   Code   RO         3315    .text               c_w.l(strcmpv7em.o)
    0x0800166c   0x0800166c   0x00000004   Code   RO           19    .text.BusFault_Handler  stm32f4xx_it.o
    0x08001670   0x08001670   0x0000003e   Code   RO          282    .text.CAN1_RX0_IRQHandler  encoder.o
    0x080016ae   0x080016ae   0x00000002   PAD
    0x080016b0   0x080016b0   0x000001c0   Code   RO          284    .text.CAN2_RX0_IRQHandler  encoder.o
    0x08001870   0x08001870   0x000000ee   Code   RO          909    .text.CAN_ClearITPendingBit  stm32f4xx_can.o
    0x0800195e   0x0800195e   0x00000002   PAD
    0x08001960   0x08001960   0x00000046   Code   RO          861    .text.CAN_DeInit    stm32f4xx_can.o
    0x080019a6   0x080019a6   0x00000002   PAD
    0x080019a8   0x080019a8   0x0000015a   Code   RO          865    .text.CAN_FilterInit  stm32f4xx_can.o
    0x08001b02   0x08001b02   0x00000002   PAD
    0x08001b04   0x08001b04   0x0000019c   Code   RO          905    .text.CAN_GetITStatus  stm32f4xx_can.o
    0x08001ca0   0x08001ca0   0x0000002e   Code   RO          899    .text.CAN_ITConfig  stm32f4xx_can.o
    0x08001cce   0x08001cce   0x00000002   PAD
    0x08001cd0   0x08001cd0   0x000001b6   Code   RO          863    .text.CAN_Init      stm32f4xx_can.o
    0x08001e86   0x08001e86   0x00000002   PAD
    0x08001e88   0x08001e88   0x00000154   Code   RO          881    .text.CAN_Receive   stm32f4xx_can.o
    0x08001fdc   0x08001fdc   0x0000003c   Code   RO          867    .text.CAN_StructInit  stm32f4xx_can.o
    0x08002018   0x08002018   0x00000142   Code   RO          875    .text.CAN_Transmit  stm32f4xx_can.o
    0x0800215a   0x0800215a   0x00000002   PAD
    0x0800215c   0x0800215c   0x0000002e   Code   RO          907    .text.CheckITStatus  stm32f4xx_can.o
    0x0800218a   0x0800218a   0x00000002   PAD
    0x0800218c   0x0800218c   0x0000001a   Code   RO          386    .text.ConfigureTimeForRunTimeStats  timer.o
    0x080021a6   0x080021a6   0x00000002   PAD
    0x080021a8   0x080021a8   0x00000042   Code   RO          575    .text.DMA1_Stream1_IRQHandler  judge.o
    0x080021ea   0x080021ea   0x00000002   PAD
    0x080021ec   0x080021ec   0x000000f4   Code   RO          577    .text.DMA1_Stream3_IRQHandler  judge.o
    0x080022e0   0x080022e0   0x00000062   Code   RO         1148    .text.DMA_ClearFlag  stm32f4xx_dma.o
    0x08002342   0x08002342   0x00000002   PAD
    0x08002344   0x08002344   0x00000062   Code   RO         1154    .text.DMA_ClearITPendingBit  stm32f4xx_dma.o
    0x080023a6   0x080023a6   0x00000002   PAD
    0x080023a8   0x080023a8   0x0000002c   Code   RO         1124    .text.DMA_Cmd       stm32f4xx_dma.o
    0x080023d4   0x080023d4   0x0000002c   Code   RO         1142    .text.DMA_GetCmdStatus  stm32f4xx_dma.o
    0x08002400   0x08002400   0x0000000e   Code   RO         1132    .text.DMA_GetCurrDataCounter  stm32f4xx_dma.o
    0x0800240e   0x0800240e   0x00000002   PAD
    0x08002410   0x08002410   0x000000bc   Code   RO         1152    .text.DMA_GetITStatus  stm32f4xx_dma.o
    0x080024cc   0x080024cc   0x00000014   Code   RO         1130    .text.DMA_SetCurrDataCounter  stm32f4xx_dma.o
    0x080024e0   0x080024e0   0x00000002   Code   RO           23    .text.DebugMon_Handler  stm32f4xx_it.o
    0x080024e2   0x080024e2   0x00000002   PAD
    0x080024e4   0x080024e4   0x000000f6   Code   RO         1376    .text.GPIO_Init     stm32f4xx_gpio.o
    0x080025da   0x080025da   0x00000002   PAD
    0x080025dc   0x080025dc   0x00000072   Code   RO         1400    .text.GPIO_PinAFConfig  stm32f4xx_gpio.o
    0x0800264e   0x0800264e   0x00000002   PAD
    0x08002650   0x08002650   0x00000004   Code   RO           15    .text.HardFault_Handler  stm32f4xx_it.o
    0x08002654   0x08002654   0x0000000c   Code   RO          625    .text.JudgeRemainBulletNum  judge.o
    0x08002660   0x08002660   0x000000ae   Code   RO          569    .text.Judge_FindTureFrame  judge.o
    0x0800270e   0x0800270e   0x00000002   PAD
    0x08002710   0x08002710   0x0000001c   Code   RO          623    .text.Judge_Game_State  judge.o
    0x0800272c   0x0800272c   0x0000000c   Code   RO          615    .text.Judge_GetRobot_power_heat  judge.o
    0x08002738   0x08002738   0x00000014   Code   RO          627    .text.Judge_Robot_HP  judge.o
    0x0800274c   0x0800274c   0x00000014   Code   RO          629    .text.Judge_Robot_State  judge.o
    0x08002760   0x08002760   0x00000066   Code   RO          483    .text.Judge_SetDMASend  judge.o
    0x080027c6   0x080027c6   0x00000002   PAD
    0x080027c8   0x080027c8   0x00000612   Code   RO          571    .text.Judge_UnpackRecData  judge.o
    0x08002dda   0x08002dda   0x00000002   PAD
    0x08002ddc   0x08002ddc   0x0000000c   Code   RO          539    .text.Judge_robot_status  judge.o
    0x08002de8   0x08002de8   0x0000000c   Code   RO          617    .text.Judge_shoot_data  judge.o
    0x08002df4   0x08002df4   0x00000004   Code   RO           17    .text.MemManage_Handler  stm32f4xx_it.o
    0x08002df8   0x08002df8   0x00000002   Code   RO           13    .text.NMI_Handler   stm32f4xx_it.o
    0x08002dfa   0x08002dfa   0x00000002   PAD
    0x08002dfc   0x08002dfc   0x000000ce   Code   RO          763    .text.NVIC_Init     misc.o
    0x08002eca   0x08002eca   0x00000002   PAD
    0x08002ecc   0x08002ecc   0x0000001c   Code   RO          761    .text.NVIC_PriorityGroupConfig  misc.o
    0x08002ee8   0x08002ee8   0x00000008   PAD
    0x08002ef0   0x08002ef0   0x00000064   Code   RO         2788    .text.PendSV_Handler  port.o
    0x08002f54   0x08002f54   0x00000038   Code   RO         1745    .text.RCC_AHB1PeriphClockCmd  stm32f4xx_rcc.o
    0x08002f8c   0x08002f8c   0x00000038   Code   RO         1747    .text.RCC_AHB2PeriphClockCmd  stm32f4xx_rcc.o
    0x08002fc4   0x08002fc4   0x00000038   Code   RO         1751    .text.RCC_APB1PeriphClockCmd  stm32f4xx_rcc.o
    0x08002ffc   0x08002ffc   0x00000038   Code   RO         1761    .text.RCC_APB1PeriphResetCmd  stm32f4xx_rcc.o
    0x08003034   0x08003034   0x00000162   Code   RO         1723    .text.RCC_GetClocksFreq  stm32f4xx_rcc.o
    0x08003196   0x08003196   0x00000002   PAD
    0x08003198   0x08003198   0x00000036   Code   RO         1795    .text.RNG_Cmd       stm32f4xx_rng.o
    0x080031ce   0x080031ce   0x00000002   PAD
    0x080031d0   0x080031d0   0x00000038   Code   RO         1801    .text.RNG_GetFlagStatus  stm32f4xx_rng.o
    0x08003208   0x08003208   0x00000008   PAD
    0x08003210   0x08003210   0x00000024   Code   RO         2772    .text.SVC_Handler   port.o
    0x08003234   0x08003234   0x00000138   Code   RO           37    .text.SetSysClock   system_stm32f4xx.o
    0x0800336c   0x0800336c   0x00000034   Code   RO          769    .text.SysTick_CLKSourceConfig  misc.o
    0x080033a0   0x080033a0   0x00000054   Code   RO           25    .text.SysTick_Handler  stm32f4xx_it.o
    0x080033f4   0x080033f4   0x00000074   Code   RO           35    .text.SystemInit    system_stm32f4xx.o
    0x08003468   0x08003468   0x00000036   Code   RO          390    .text.TIM2_IRQHandler  timer.o
    0x0800349e   0x0800349e   0x00000002   PAD
    0x080034a0   0x080034a0   0x00000016   Code   RO         2290    .text.TIM_ClearITPendingBit  stm32f4xx_tim.o
    0x080034b6   0x080034b6   0x00000002   PAD
    0x080034b8   0x080034b8   0x0000002c   Code   RO         2168    .text.TIM_Cmd       stm32f4xx_tim.o
    0x080034e4   0x080034e4   0x0000005a   Code   RO         2288    .text.TIM_GetITStatus  stm32f4xx_tim.o
    0x0800353e   0x0800353e   0x00000002   PAD
    0x08003540   0x08003540   0x00000034   Code   RO         2280    .text.TIM_ITConfig  stm32f4xx_tim.o
    0x08003574   0x08003574   0x0000010e   Code   RO         2142    .text.TIM_TimeBaseInit  stm32f4xx_tim.o
    0x08003682   0x08003682   0x00000002   PAD
    0x08003684   0x08003684   0x000000a2   Code   RO          573    .text.USART3_IRQHandler  judge.o
    0x08003726   0x08003726   0x00000002   PAD
    0x08003728   0x08003728   0x0000002c   Code   RO         2341    .text.USART_Cmd     stm32f4xx_usart.o
    0x08003754   0x08003754   0x000000b0   Code   RO         2385    .text.USART_GetITStatus  stm32f4xx_usart.o
    0x08003804   0x08003804   0x00000162   Code   RO         2333    .text.USART_Init    stm32f4xx_usart.o
    0x08003966   0x08003966   0x00000002   PAD
    0x08003968   0x08003968   0x00000004   Code   RO           21    .text.UsageFault_Handler  stm32f4xx_it.o
    0x0800396c   0x0800396c   0x00000014   Code   RO          119    .text._GLOBAL__sub_I_ChassisTask.cpp  chassistask.o
    0x08003980   0x08003980   0x00000008   Code   RO          315    .text._GLOBAL__sub_I_ch2gm.cpp  ch2gm.o
    0x08003988   0x08003988   0x00000008   Code   RO          292    .text._GLOBAL__sub_I_encoder.cpp  encoder.o
    0x08003990   0x08003990   0x0000001c   Code   RO          229    .text._GLOBAL__sub_I_stateAction.cpp  stateaction.o
    0x080039ac   0x080039ac   0x00000018   Code   RO          173    .text._Z10Debug_TaskPv  debugtask.o
    0x080039c4   0x080039c4   0x000000a4   Code   RO           89    .text._Z10Start_TaskPv  starttask.o
    0x08003a68   0x08003a68   0x0000001c   Code   RO          181    .text._Z11Cancom_TaskPv  cancomtask.o
    0x08003a84   0x08003a84   0x00000034   Code   RO           58    .text._Z11sysTickInitv  sys.o
    0x08003ab8   0x08003ab8   0x0000001c   Code   RO           74    .text._Z12boardALLInitv  sys.o
    0x08003ad4   0x08003ad4   0x0000005e   Code   RO           62    .text._Z12getSysTimeUsv  sys.o
    0x08003b32   0x08003b32   0x00000002   PAD
    0x08003b34   0x08003b34   0x00000034   Code   RO          400    .text._Z13OE_SwitchInitv  optoeswitch.o
    0x08003b68   0x08003b68   0x00000032   Code   RO          313    .text._Z16progMsgRecFromGMP8CanRxMsg  ch2gm.o
    0x08003b9a   0x08003b9a   0x00000002   PAD
    0x08003b9c   0x08003b9c   0x00000092   Code   RO          346    .text._Z17Debug_Usart4_initj  debug_usart.o
    0x08003c2e   0x08003c2e   0x00000002   PAD
    0x08003c30   0x08003c30   0x0000047e   Code   RO          307    .text._Z20sendJudgeMSGtoGimbalv  ch2gm.o
    0x080040ae   0x080040ae   0x00000002   PAD
    0x080040b0   0x080040b0   0x000000a0   Code   RO           68    .text._Z7delayUsj   sys.o
    0x08004150   0x08004150   0x00000042   Code   RO          362    .text._Z8Led_TaskPv  led.o
    0x08004192   0x08004192   0x00000002   PAD
    0x08004194   0x08004194   0x00000080   Code   RO          371    .text._Z8RNG_Initv  rng.o
    0x08004214   0x08004214   0x000000fe   Code   RO          327    .text._Z9CAN1_Initv  can.o
    0x08004312   0x08004312   0x00000002   PAD
    0x08004314   0x08004314   0x00000102   Code   RO          329    .text._Z9CAN2_Initv  can.o
    0x08004416   0x08004416   0x00000002   PAD
    0x08004418   0x08004418   0x00000052   Code   RO           60    .text._ZL14SysTick_Configj  sys.o
    0x0800446a   0x0800446a   0x00000002   PAD
    0x0800446c   0x0800446c   0x00000042   Code   RO           76    .text._ZL18__NVIC_SetPriority4IRQnj  sys.o
    0x080044ae   0x080044ae   0x00000002   PAD
    0x080044b0   0x080044b0   0x0000006e   Code   RO          388    .text._ZL9TIM2_Inittt  timer.o
    0x0800451e   0x0800451e   0x00000002   PAD
    0x08004520   0x08004520   0x00000096   Code   RO          254    .text._ZN10cMotorCtrlC2E13eGMWhichMotor9eCtrlType11sGeneralPID  control.o
    0x080045b6   0x080045b6   0x00000002   PAD
    0x080045b8   0x080045b8   0x000000ec   Code   RO          252    .text._ZN10cMotorCtrlC2E13eGMWhichMotor9eCtrlType11sGeneralPIDS2_  control.o
    0x080046a4   0x080046a4   0x00000062   Code   RO          136    .text._ZN11sGeneralPIDC2Efffffff14ePID_RampState  chassistask.o
    0x08004706   0x08004706   0x00000002   PAD
    0x08004708   0x08004708   0x00000062   Code   RO          138    .text._ZN11sGeneralPIDC2Efffffff14ePID_RampStatef  chassistask.o
    0x0800476a   0x0800476a   0x00000002   PAD
    0x0800476c   0x0800476c   0x00000016   Code   RO          249    .text._ZN11sGeneralPIDC2Ev  stateaction.o
    0x08004782   0x08004782   0x00000002   PAD
    0x08004784   0x08004784   0x00000014   Code   RO          455    .text._ZN12sGetAngelAllC2Ev  motormsg.o
    0x08004798   0x08004798   0x0000001c   Code   RO          140    .text._ZN15sDbusMsgFromTopC2Ev  chassistask.o
    0x080047b4   0x080047b4   0x0000003a   Code   RO          358    .text._ZN3LED17LED_ConfigurationEv  led.o
    0x080047ee   0x080047ee   0x00000002   PAD
    0x080047f0   0x080047f0   0x00000026   Code   RO          360    .text._ZN3LED8LED_InitEv  led.o
    0x08004816   0x08004816   0x00000002   PAD
    0x08004818   0x08004818   0x0000003a   Code   RO          412    .text._ZN4cPIDC2E11sGeneralPID  pid.o
    0x08004852   0x08004852   0x00000002   PAD
    0x08004854   0x08004854   0x0000001c   Code   RO          414    .text._ZN4cPIDC2Ev  pid.o
    0x08004870   0x08004870   0x0000002e   Code   RO          447    .text._ZN9cMotorMsg11setMotorMsgE9sMotorMsg  motormsg.o
    0x0800489e   0x0800489e   0x00000002   PAD
    0x080048a0   0x080048a0   0x0000000a   Code   RO          445    .text._ZN9cMotorMsg12getApplyInfoEv  motormsg.o
    0x080048aa   0x080048aa   0x00000006   PAD
    0x080048b0   0x080048b0   0x00000120   Code   RO          439    .text._ZN9cMotorMsg16getContinueAngelEff  motormsg.o
    0x080049d0   0x080049d0   0x000000e0   Code   RO          441    .text._ZN9cMotorMsg19allAngelRecoderLoopEv  motormsg.o
    0x08004ab0   0x08004ab0   0x00000166   Code   RO          437    .text._ZN9cMotorMsgC2E13eGMWhichMotor5eCanX6eCanID10eMotorType  motormsg.o
    0x08004c16   0x08004c16   0x00000002   PAD
    0x08004c18   0x08004c18   0x00000014   Code   RO          247    .text._ZN9sMotorMsgC2Ev  stateaction.o
    0x08004c2c   0x08004c2c   0x00000044   Code   RO          103    .text.__cxx_global_var_init  chassistask.o
    0x08004c70   0x08004c70   0x00000010   Code   RO          205    .text.__cxx_global_var_init  stateaction.o
    0x08004c80   0x08004c80   0x00000034   Code   RO          280    .text.__cxx_global_var_init  encoder.o
    0x08004cb4   0x08004cb4   0x00000010   Code   RO          309    .text.__cxx_global_var_init  ch2gm.o
    0x08004cc4   0x08004cc4   0x00000048   Code   RO          105    .text.__cxx_global_var_init.1  chassistask.o
    0x08004d0c   0x08004d0c   0x00000010   Code   RO          207    .text.__cxx_global_var_init.1  stateaction.o
    0x08004d1c   0x08004d1c   0x00000048   Code   RO          107    .text.__cxx_global_var_init.2  chassistask.o
    0x08004d64   0x08004d64   0x00000010   Code   RO          211    .text.__cxx_global_var_init.2  stateaction.o
    0x08004d74   0x08004d74   0x000000e6   Code   RO          109    .text.__cxx_global_var_init.3  chassistask.o
    0x08004e5a   0x08004e5a   0x00000002   PAD
    0x08004e5c   0x08004e5c   0x00000010   Code   RO          213    .text.__cxx_global_var_init.3  stateaction.o
    0x08004e6c   0x08004e6c   0x00000010   Code   RO          215    .text.__cxx_global_var_init.4  stateaction.o
    0x08004e7c   0x08004e7c   0x00000010   Code   RO          217    .text.__cxx_global_var_init.5  stateaction.o
    0x08004e8c   0x08004e8c   0x00000008   Code   RO          340    .text._sys_exit     debug_usart.o
    0x08004e94   0x08004e94   0x00000008   Code   RO          342    .text._ttywrch      debug_usart.o
    0x08004e9c   0x08004e9c   0x00000004   Code   RO         3158    .text.abort_message  libcppabi_w.l(abort_message.cpp.o)
    0x08004ea0   0x08004ea0   0x00000030   Code   RO          338    .text.fputc         debug_usart.o
    0x08004ed0   0x08004ed0   0x00000066   Code   RO          464    .text.get_crc16_check_sum  crccheck.o
    0x08004f36   0x08004f36   0x00000002   PAD
    0x08004f38   0x08004f38   0x0000004a   Code   RO          458    .text.get_crc8_check_sum  crccheck.o
    0x08004f82   0x08004f82   0x00000002   PAD
    0x08004f84   0x08004f84   0x00000068   Code   RO            2    .text.main          main.o
    0x08004fec   0x08004fec   0x000000f4   Code   RO         2570    .text.prvAddCurrentTaskToDelayedList  tasks.o
    0x080050e0   0x080050e0   0x00000116   Code   RO         2558    .text.prvAddNewTaskToReadyList  tasks.o
    0x080051f6   0x080051f6   0x00000002   PAD
    0x080051f8   0x080051f8   0x0000008c   Code   RO         2711    .text.prvCheckForValidListAndQueue  timers.o
    0x08005284   0x08005284   0x0000007e   Code   RO         2676    .text.prvCheckTasksWaitingTermination  tasks.o
    0x08005302   0x08005302   0x00000002   PAD
    0x08005304   0x08005304   0x00000042   Code   RO         2502    .text.prvCopyDataFromQueue  queue.o
    0x08005346   0x08005346   0x00000002   PAD
    0x08005348   0x08005348   0x000000cc   Code   RO         2490    .text.prvCopyDataToQueue  queue.o
    0x08005414   0x08005414   0x00000018   Code   RO         2562    .text.prvDeleteTCB  tasks.o
    0x0800542c   0x0800542c   0x00000040   Code   RO         2739    .text.prvGetNextExpireTime  timers.o
    0x0800546c   0x0800546c   0x000000bc   Code   RO         2806    .text.prvHeapInit   heap_4.o
    0x08005528   0x08005528   0x00000038   Code   RO         2596    .text.prvIdleTask   tasks.o
    0x08005560   0x08005560   0x0000004e   Code   RO         2474    .text.prvInitialiseNewQueue  queue.o
    0x080055ae   0x080055ae   0x00000002   PAD
    0x080055b0   0x080055b0   0x0000010c   Code   RO         2556    .text.prvInitialiseNewTask  tasks.o
    0x080056bc   0x080056bc   0x0000008e   Code   RO         2674    .text.prvInitialiseTaskLists  tasks.o
    0x0800574a   0x0800574a   0x00000002   PAD
    0x0800574c   0x0800574c   0x000000c6   Code   RO         2808    .text.prvInsertBlockIntoFreeList  heap_4.o
    0x08005812   0x08005812   0x00000002   PAD
    0x08005814   0x08005814   0x00000086   Code   RO         2751    .text.prvInsertTimerInActiveList  timers.o
    0x0800589a   0x0800589a   0x00000002   PAD
    0x0800589c   0x0800589c   0x00000028   Code   RO         2504    .text.prvIsQueueEmpty  queue.o
    0x080058c4   0x080058c4   0x0000002e   Code   RO         2494    .text.prvIsQueueFull  queue.o
    0x080058f2   0x080058f2   0x00000002   PAD
    0x080058f4   0x080058f4   0x000000aa   Code   RO         2492    .text.prvNotifyQueueSetContainer  queue.o
    0x0800599e   0x0800599e   0x00000002   PAD
    0x080059a0   0x080059a0   0x00000020   Code   RO         2780    .text.prvPortStartFirstTask  port.o
    0x080059c0   0x080059c0   0x00000074   Code   RO         2747    .text.prvProcessExpiredTimer  timers.o
    0x08005a34   0x08005a34   0x0000012a   Code   RO         2743    .text.prvProcessReceivedCommands  timers.o
    0x08005b5e   0x08005b5e   0x00000002   PAD
    0x08005b60   0x08005b60   0x0000009a   Code   RO         2741    .text.prvProcessTimerOrBlockTask  timers.o
    0x08005bfa   0x08005bfa   0x00000002   PAD
    0x08005bfc   0x08005bfc   0x00000046   Code   RO         2564    .text.prvResetNextTaskUnblockTime  tasks.o
    0x08005c42   0x08005c42   0x00000002   PAD
    0x08005c44   0x08005c44   0x00000044   Code   RO         2745    .text.prvSampleTimeNow  timers.o
    0x08005c88   0x08005c88   0x000000c8   Code   RO         2749    .text.prvSwitchTimerLists  timers.o
    0x08005d50   0x08005d50   0x00000036   Code   RO         2770    .text.prvTaskExitError  port.o
    0x08005d86   0x08005d86   0x00000002   PAD
    0x08005d88   0x08005d88   0x0000001e   Code   RO         2713    .text.prvTimerTask  timers.o
    0x08005da6   0x08005da6   0x00000002   PAD
    0x08005da8   0x08005da8   0x000000ce   Code   RO         2496    .text.prvUnlockQueue  queue.o
    0x08005e76   0x08005e76   0x00000002   PAD
    0x08005e78   0x08005e78   0x000001c6   Code   RO         2804    .text.pvPortMalloc  heap_4.o
    0x0800603e   0x0800603e   0x00000002   PAD
    0x08006040   0x08006040   0x0000002c   Code   RO         2660    .text.pvTaskIncrementMutexHeldCount  tasks.o
    0x0800606c   0x0800606c   0x0000005e   Code   RO         2768    .text.pxPortInitialiseStack  port.o
    0x080060ca   0x080060ca   0x00000002   PAD
    0x080060cc   0x080060cc   0x0000005c   Code   RO         2955    .text.unlikely.__cxa_guard_acquire  libcppabi_w.l(cxa_guard.cpp.o)
    0x08006128   0x08006128   0x00000008   Code   RO         2957    .text.unlikely.__cxa_guard_release  libcppabi_w.l(cxa_guard.cpp.o)
    0x08006130   0x08006130   0x00000048   Code   RO         2461    .text.uxListRemove  list.o
    0x08006178   0x08006178   0x0000002e   Code   RO         2453    .text.vListInitialise  list.o
    0x080061a6   0x080061a6   0x00000002   PAD
    0x080061a8   0x080061a8   0x0000000e   Code   RO         2455    .text.vListInitialiseItem  list.o
    0x080061b6   0x080061b6   0x00000002   PAD
    0x080061b8   0x080061b8   0x0000006a   Code   RO         2459    .text.vListInsert   list.o
    0x08006222   0x08006222   0x00000002   PAD
    0x08006224   0x08006224   0x0000003a   Code   RO         2457    .text.vListInsertEnd  list.o
    0x0800625e   0x0800625e   0x00000002   PAD
    0x08006260   0x08006260   0x00000014   Code   RO         2778    .text.vPortEnableVFP  port.o
    0x08006274   0x08006274   0x0000004e   Code   RO         2784    .text.vPortEnterCritical  port.o
    0x080062c2   0x080062c2   0x00000002   PAD
    0x080062c4   0x080062c4   0x00000042   Code   RO         2786    .text.vPortExitCritical  port.o
    0x08006306   0x08006306   0x00000002   PAD
    0x08006308   0x08006308   0x000000b0   Code   RO         2810    .text.vPortFree     heap_4.o
    0x080063b8   0x080063b8   0x00000036   Code   RO         2776    .text.vPortSetupTimerInterrupt  port.o
    0x080063ee   0x080063ee   0x00000002   PAD
    0x080063f0   0x080063f0   0x00000074   Code   RO         2792    .text.vPortValidateInterruptPriority  port.o
    0x08006464   0x08006464   0x00000052   Code   RO         2530    .text.vQueueAddToRegistry  queue.o
    0x080064b6   0x080064b6   0x00000002   PAD
    0x080064b8   0x080064b8   0x00000064   Code   RO         2534    .text.vQueueWaitForMessageRestricted  queue.o
    0x0800651c   0x0800651c   0x000000fc   Code   RO         2566    .text.vTaskDelayUntil  tasks.o
    0x08006618   0x08006618   0x0000014c   Code   RO         2560    .text.vTaskDelete   tasks.o
    0x08006764   0x08006764   0x0000000e   Code   RO         2630    .text.vTaskMissedYield  tasks.o
    0x08006772   0x08006772   0x00000002   PAD
    0x08006774   0x08006774   0x0000003a   Code   RO         2616    .text.vTaskPlaceOnEventList  tasks.o
    0x080067ae   0x080067ae   0x00000002   PAD
    0x080067b0   0x080067b0   0x0000004a   Code   RO         2620    .text.vTaskPlaceOnEventListRestricted  tasks.o
    0x080067fa   0x080067fa   0x00000002   PAD
    0x080067fc   0x080067fc   0x0000010c   Code   RO         2646    .text.vTaskPriorityInherit  tasks.o
    0x08006908   0x08006908   0x00000038   Code   RO         2626    .text.vTaskSetTimeOutState  tasks.o
    0x08006940   0x08006940   0x000000ac   Code   RO         2594    .text.vTaskStartScheduler  tasks.o
    0x080069ec   0x080069ec   0x00000010   Code   RO         2568    .text.vTaskSuspendAll  tasks.o
    0x080069fc   0x080069fc   0x0000011c   Code   RO         2586    .text.vTaskSwitchContext  tasks.o
    0x08006b18   0x08006b18   0x0000011c   Code   RO         2774    .text.xPortStartScheduler  port.o
    0x08006c34   0x08006c34   0x0000003c   Code   RO         2790    .text.xPortSysTickHandler  port.o
    0x08006c70   0x08006c70   0x0000006c   Code   RO         2472    .text.xQueueGenericCreate  queue.o
    0x08006cdc   0x08006cdc   0x00000240   Code   RO         2486    .text.xQueueGenericReceive  queue.o
    0x08006f1c   0x08006f1c   0x000000b2   Code   RO         2470    .text.xQueueGenericReset  queue.o
    0x08006fce   0x08006fce   0x00000002   PAD
    0x08006fd0   0x08006fd0   0x0000023e   Code   RO         2482    .text.xQueueGenericSend  queue.o
    0x0800720e   0x0800720e   0x00000002   PAD
    0x08007210   0x08007210   0x0000015a   Code   RO         2498    .text.xQueueGenericSendFromISR  queue.o
    0x0800736a   0x0800736a   0x00000002   PAD
    0x0800736c   0x0800736c   0x000000b8   Code   RO         2628    .text.xTaskCheckForTimeOut  tasks.o
    0x08007424   0x08007424   0x00000098   Code   RO         2554    .text.xTaskCreate   tasks.o
    0x080074bc   0x080074bc   0x00000038   Code   RO         2644    .text.xTaskGetSchedulerState  tasks.o
    0x080074f4   0x080074f4   0x00000014   Code   RO         2602    .text.xTaskGetTickCount  tasks.o
    0x08007508   0x08007508   0x000001b0   Code   RO         2600    .text.xTaskIncrementTick  tasks.o
    0x080076b8   0x080076b8   0x00000106   Code   RO         2648    .text.xTaskPriorityDisinherit  tasks.o
    0x080077be   0x080077be   0x00000002   PAD
    0x080077c0   0x080077c0   0x000000ba   Code   RO         2622    .text.xTaskRemoveFromEventList  tasks.o
    0x0800787a   0x0800787a   0x00000002   PAD
    0x0800787c   0x0800787c   0x00000170   Code   RO         2572    .text.xTaskResumeAll  tasks.o
    0x080079ec   0x080079ec   0x00000062   Code   RO         2709    .text.xTimerCreateTimerTask  timers.o
    0x08007a4e   0x08007a4e   0x00000002   PAD
    0x08007a50   0x08007a50   0x000000a8   Code   RO         2719    .text.xTimerGenericCommand  timers.o
    0x08007af8   0x08007af8   0x0000003e   Code   RO         3247    CL$$btod_d2e        c_w.l(btod.o)
    0x08007b36   0x08007b36   0x00000046   Code   RO         3249    CL$$btod_d2e_denorm_low  c_w.l(btod.o)
    0x08007b7c   0x08007b7c   0x00000060   Code   RO         3248    CL$$btod_d2e_norm_op1  c_w.l(btod.o)
    0x08007bdc   0x08007bdc   0x00000338   Code   RO         3257    CL$$btod_div_common  c_w.l(btod.o)
    0x08007f14   0x08007f14   0x000000dc   Code   RO         3254    CL$$btod_e2e        c_w.l(btod.o)
    0x08007ff0   0x08007ff0   0x0000002a   Code   RO         3251    CL$$btod_ediv       c_w.l(btod.o)
    0x0800801a   0x0800801a   0x0000002a   Code   RO         3250    CL$$btod_emul       c_w.l(btod.o)
    0x08008044   0x08008044   0x00000244   Code   RO         3256    CL$$btod_mult_common  c_w.l(btod.o)
    0x08008288   0x08008288   0x00000030   Code   RO         3296    i.__ARM_fpclassify  m_wm.l(fpclassify.o)
    0x080082b8   0x080082b8   0x0000000e   Code   RO         3056    i._is_digit         c_w.l(__printf_wp.o)
    0x080082c6   0x080082c6   0x00000002   PAD
    0x080082c8   0x080082c8   0x0000002c   Code   RO         3272    locale$$code        c_w.l(lc_numeric_c.o)
    0x080082f4   0x080082f4   0x0000002c   Code   RO         3307    locale$$code        c_w.l(lc_ctype_c.o)
    0x08008320   0x08008320   0x00000062   Code   RO         2926    x$fpl$d2f           fz_wm.l(d2f.o)
    0x08008382   0x08008382   0x00000002   PAD
    0x08008384   0x08008384   0x00000150   Code   RO         2928    x$fpl$dadd          fz_wm.l(daddsub_clz.o)
    0x080084d4   0x080084d4   0x000002b4   Code   RO         2935    x$fpl$ddiv          fz_wm.l(ddiv.o)
    0x08008788   0x08008788   0x0000002e   Code   RO         2943    x$fpl$dflt          fz_wm.l(dflt_clz.o)
    0x080087b6   0x080087b6   0x00000002   PAD
    0x080087b8   0x080087b8   0x00000154   Code   RO         2948    x$fpl$dmul          fz_wm.l(dmul.o)
    0x0800890c   0x0800890c   0x0000009c   Code   RO         3140    x$fpl$dnaninf       fz_wm.l(dnaninf.o)
    0x080089a8   0x080089a8   0x0000000c   Code   RO         3142    x$fpl$dretinf       fz_wm.l(dretinf.o)
    0x080089b4   0x080089b4   0x000001dc   Code   RO         2930    x$fpl$dsub          fz_wm.l(daddsub_clz.o)
    0x08008b90   0x08008b90   0x00000056   Code   RO         2950    x$fpl$f2d           fz_wm.l(f2d.o)
    0x08008be6   0x08008be6   0x0000008c   Code   RO         3144    x$fpl$fnaninf       fz_wm.l(fnaninf.o)
    0x08008c72   0x08008c72   0x0000001a   Code   RO         3226    x$fpl$fpinit        fz_wm.l(fpinit.o)
    0x08008c8c   0x08008c8c   0x0000000a   Code   RO         3146    x$fpl$fretinf       fz_wm.l(fretinf.o)
    0x08008c96   0x08008c96   0x00000004   Code   RO         3148    x$fpl$printf1       fz_wm.l(printf1.o)
    0x08008c9a   0x08008c9a   0x00000004   Code   RO         3150    x$fpl$printf2       fz_wm.l(printf2.o)
    0x08008c9e   0x08008c9e   0x00000000   Code   RO         3156    x$fpl$usenofp       fz_wm.l(usenofp.o)
    0x08008c9e   0x08008c9e   0x00000002   PAD
    0x08008ca0   0x08008ca0   0x00000008   Data   RO         3015    .constdata          c_w.l(_printf_wctomb.o)
    0x08008ca8   0x08008ca8   0x00000028   Data   RO         3044    .constdata          c_w.l(_printf_hex_int_ll_ptr.o)
    0x08008cd0   0x08008cd0   0x00000011   Data   RO         3064    .constdata          c_w.l(__printf_flags_ss_wp.o)
    0x08008ce1   0x08008ce1   0x00000026   Data   RO         3200    .constdata          c_w.l(_printf_fp_hex.o)
    0x08008d07   0x08008d07   0x00000001   PAD
    0x08008d08   0x08008d08   0x00000094   Data   RO         3245    .constdata          c_w.l(bigflt0.o)
    0x08008d9c   0x08008d9c   0x00000010   Data   RO         1785    .rodata.APBAHBPrescTable  stm32f4xx_rcc.o
    0x08008dac   0x08008dac   0x00000100   Data   RO          471    .rodata.CRC8_TAB    crccheck.o
    0x08008eac   0x08008eac   0x0000000f   Data   RO            5    .rodata.str1.1      main.o
    0x08008ebb   0x08008ebb   0x00000011   Data   RO           96    .rodata.str1.1      starttask.o
    0x08008ecc   0x08008ecc   0x00000005   Data   RO         2692    .rodata.str1.1      tasks.o
    0x08008ed1   0x08008ed1   0x0000000d   Data   RO         2754    .rodata.str1.1      timers.o
    0x08008ede   0x08008ede   0x00000200   Data   RO          473    .rodata.wCRC_Table  crccheck.o
    0x080090de   0x080090de   0x00000002   PAD
    0x080090e0   0x080090e0   0x00000020   Data   RO         3361    Region$$Table       anon$$obj.o
    0x08009100   0x08009100   0x0000001c   Data   RO         3271    locale$$data        c_w.l(lc_numeric_c.o)
    0x0800911c   0x0800911c   0x00000110   Data   RO         3306    locale$$data        c_w.l(lc_ctype_c.o)
    0x0800922c   0x0800922c   0x00000004   Data   RO          128    .init_array         chassistask.o
    0x08009230   0x0800922c   0x00000004   Data   RO          238    .init_array         stateaction.o
    0x08009234   0x0800922c   0x00000004   Data   RO          299    .init_array         encoder.o
    0x08009238   0x0800922c   0x00000004   Data   RO          319    .init_array         ch2gm.o
    0x0800923c   0x0800922c   0x00000000   Data   RO         2921    .init_array         c_w.l(init_aeabi.o)


    Execution Region RW_IRAM1 (Exec base: 0x20000000, Load base: 0x08009240, Size: 0x0001b550, Max: 0x00020000, ABSOLUTE)

    Exec Addr    Load Addr    Size         Type   Attr      Idx    E Section Name        Object

    0x20000000   0x08009240   0x00000004   Data   RW           41    .data.SystemCoreClock  system_stm32f4xx.o
    0x20000004   0x08009244   0x00000004   Data   RW          317    .data.i             ch2gm.o
    0x20000008   0x08009248   0x00000004   Data   RW         2796    .data.uxCriticalNesting  port.o
    0x2000000c   0x0800924c   0x00000004   PAD
    0x20000010        -       0x00000060   Zero   RW         3166    .bss                c_w.l(libspace.o)
    0x20000070        -       0x00000050   Zero   RW          122    .bss.BRAKE_PC_PID_Struct  chassistask.o
    0x200000c0        -       0x00000050   Zero   RW          121    .bss.BRAKE_VC_PID_Struct  chassistask.o
    0x20000110        -       0x00000148   Zero   RW          124    .bss.CMAllMotorCtrl  chassistask.o
    0x20000258        -       0x00000004   Zero   RW           95    .bss.CancomTask_Handler  starttask.o
    0x2000025c        -       0x00000050   Zero   RW          123    .bss.DRIVING_VC_PID_Struct  chassistask.o
    0x200002ac        -       0x0000000a   Zero   RW          318    .bss.DbusMsg        ch2gm.o
    0x200002b6   0x0800924c   0x00000002   PAD
    0x200002b8        -       0x00000004   Zero   RW           94    .bss.DebugTask_Handler  starttask.o
    0x200002bc   0x0800924c   0x00000004   PAD
    0x200002c0        -       0x00000008   Zero   RW          392    .bss.FreeRTOSRunTimeTicks  timer.o
    0x200002c8        -       0x00000060   Zero   RW          294    .bss.GimbalAllMotorMsg  encoder.o
    0x20000328        -       0x00000001   Zero   RW           78    .bss.Init_OK        sys.o
    0x20000329        -       0x0000019a   Zero   RW          637    .bss.Judge_DataBuff  judge.o
    0x200004c3   0x0800924c   0x00000001   PAD
    0x200004c4        -       0x00000002   Zero   RW          690    .bss.Judge_FindTureFrame.CRC16_Result  judge.o
    0x200004c6        -       0x00000001   Zero   RW          689    .bss.Judge_FindTureFrame.CRC8_Result  judge.o
    0x200004c7   0x0800924c   0x00000001   PAD
    0x200004c8        -       0x00000004   Zero   RW          688    .bss.Judge_FindTureFrame.LinShiAddr  judge.o
    0x200004cc        -       0x000001a0   Zero   RW          638    .bss.Judge_TxDataBuff  judge.o
    0x2000066c        -       0x0000005c   Zero   RW          639    .bss.Judge_UndateFlag  judge.o
    0x200006c8        -       0x00000004   Zero   RW          691    .bss.Judge_UnpackRecData.HereStartUnpack  judge.o
    0x200006cc        -       0x00000004   Zero   RW           91    .bss.LedTask_Handler  starttask.o
    0x200006d0        -       0x00000004   Zero   RW            4    .bss.StartTask_Handler  main.o
    0x200006d4        -       0x00000001   Zero   RW           27    .bss.SysTick_Handler.upTimeCnt  stm32f4xx_it.o
    0x200006d5   0x0800924c   0x00000003   PAD
    0x200006d8        -       0x00000004   Zero   RW          695    .bss.USART3_IRQHandler.HowManyDataRec  judge.o
    0x200006dc        -       0x00000001   Zero   RW          694    .bss.USART3_IRQHandler.rec  judge.o
    0x200006dd   0x0800924c   0x00000003   PAD
    0x200006e0        -       0x00000004   Zero   RW          297    .bss._ZGVZ19CAN2_RX0_IRQHandlerE7tempMsg  encoder.o
    0x200006e4        -       0x00000010   Zero   RW          296    .bss._ZZ19CAN2_RX0_IRQHandlerE7tempMsg  encoder.o
    0x200006f4        -       0x00000014   Zero   RW          295    .bss._ZZ19CAN2_RX0_IRQHandlerE9RxMessage  encoder.o
    0x20000708        -       0x00000054   Zero   RW          348    .bss.__stdout       debug_usart.o
    0x2000075c        -       0x00000010   Zero   RW          234    .bss.brake_msg      stateaction.o
    0x2000076c        -       0x00000050   Zero   RW          236    .bss.brake_pid      stateaction.o
    0x200007bc        -       0x00000010   Zero   RW          233    .bss.brake_temp     stateaction.o
    0x200007cc        -       0x00000010   Zero   RW          235    .bss.drive_msg      stateaction.o
    0x200007dc        -       0x00000050   Zero   RW          237    .bss.drive_pid      stateaction.o
    0x2000082c        -       0x00000010   Zero   RW          232    .bss.drive_temp     stateaction.o
    0x2000083c        -       0x00000147   Zero   RW          693    .bss.judge_recv_mesg  judge.o
    0x20000983   0x0800924c   0x00000001   PAD
    0x20000984        -       0x00000004   Zero   RW         2758    .bss.prvSampleTimeNow.xLastTime  timers.o
    0x20000988        -       0x00000004   Zero   RW         2678    .bss.pxCurrentTCB   tasks.o
    0x2000098c        -       0x00000004   Zero   RW         2756    .bss.pxCurrentTimerList  timers.o
    0x20000990        -       0x00000004   Zero   RW         2688    .bss.pxDelayedTaskList  tasks.o
    0x20000994        -       0x00000004   Zero   RW         2818    .bss.pxEnd          heap_4.o
    0x20000998        -       0x00000004   Zero   RW         2689    .bss.pxOverflowDelayedTaskList  tasks.o
    0x2000099c        -       0x00000004   Zero   RW         2757    .bss.pxOverflowTimerList  timers.o
    0x200009a0        -       0x00000280   Zero   RW         2679    .bss.pxReadyTasksLists  tasks.o
    0x20000c20        -       0x00000004   Zero   RW           79    .bss.sysTickUptime  sys.o
    0x20000c24        -       0x00000004   Zero   RW           80    .bss.sysTickUptimeUs  sys.o
    0x20000c28        -       0x0000c800   Zero   RW         2823    .bss.ucHeap         heap_4.o
    0x2000d428        -       0x00000001   Zero   RW         2794    .bss.ucMaxSysCallPriority  port.o
    0x2000d429   0x0800924c   0x00000003   PAD
    0x2000d42c        -       0x00000004   Zero   RW         2795    .bss.ulMaxPRIGROUPValue  port.o
    0x2000d430        -       0x00000004   Zero   RW         2699    .bss.ulTaskSwitchedInTime  tasks.o
    0x2000d434        -       0x00000004   Zero   RW         2698    .bss.ulTotalRunTime  tasks.o
    0x2000d438        -       0x00000004   Zero   RW         2684    .bss.uxCurrentNumberOfTasks  tasks.o
    0x2000d43c        -       0x00000004   Zero   RW         2683    .bss.uxDeletedTasksWaitingCleanUp  tasks.o
    0x2000d440        -       0x00000004   Zero   RW         2696    .bss.uxPendedTicks  tasks.o
    0x2000d444        -       0x00000004   Zero   RW         2686    .bss.uxSchedulerSuspended  tasks.o
    0x2000d448        -       0x00000004   Zero   RW         2681    .bss.uxTaskNumber   tasks.o
    0x2000d44c        -       0x00000004   Zero   RW         2680    .bss.uxTopReadyPriority  tasks.o
    0x2000d450        -       0x00000014   Zero   RW         2759    .bss.xActiveTimerList1  timers.o
    0x2000d464        -       0x00000014   Zero   RW         2760    .bss.xActiveTimerList2  timers.o
    0x2000d478        -       0x00000004   Zero   RW         2819    .bss.xBlockAllocatedBit  heap_4.o
    0x2000d47c        -       0x00000014   Zero   RW         2700    .bss.xDelayedTaskList1  tasks.o
    0x2000d490        -       0x00000014   Zero   RW         2701    .bss.xDelayedTaskList2  tasks.o
    0x2000d4a4        -       0x00000004   Zero   RW         2820    .bss.xFreeBytesRemaining  heap_4.o
    0x2000d4a8        -       0x00000004   Zero   RW         2693    .bss.xIdleTaskHandle  tasks.o
    0x2000d4ac        -       0x00000004   Zero   RW         2822    .bss.xMinimumEverFreeBytesRemaining  heap_4.o
    0x2000d4b0        -       0x00000004   Zero   RW         2694    .bss.xNextTaskUnblockTime  tasks.o
    0x2000d4b4        -       0x00000004   Zero   RW         2697    .bss.xNumOfOverflows  tasks.o
    0x2000d4b8        -       0x00000014   Zero   RW         2691    .bss.xPendingReadyList  tasks.o
    0x2000d4cc        -       0x00000040   Zero   RW         2546    .bss.xQueueRegistry  queue.o
    0x2000d50c        -       0x00000004   Zero   RW         2685    .bss.xSchedulerRunning  tasks.o
    0x2000d510        -       0x00000008   Zero   RW         2821    .bss.xStart         heap_4.o
    0x2000d518        -       0x00000014   Zero   RW         2690    .bss.xSuspendedTaskList  tasks.o
    0x2000d52c        -       0x00000014   Zero   RW         2682    .bss.xTasksWaitingTermination  tasks.o
    0x2000d540        -       0x00000004   Zero   RW         2687    .bss.xTickCount     tasks.o
    0x2000d544        -       0x00000004   Zero   RW         2753    .bss.xTimerQueue    timers.o
    0x2000d548        -       0x00000004   Zero   RW         2755    .bss.xTimerTaskHandle  timers.o
    0x2000d54c        -       0x00000004   Zero   RW         2695    .bss.xYieldPending  tasks.o
    0x2000d550        -       0x0000a000   Zero   RW          753    HEAP                startup_stm32f40_41xxx.o
    0x20017550        -       0x00004000   Zero   RW          752    STACK               startup_stm32f40_41xxx.o


==============================================================================

Image component sizes


      Code (inc. data)   RO Data    RW Data    ZI Data      Debug   Object Name

       512          0          0          0          0      21403   can.o
        28          0          0          0          0      18367   cancomtask.o
      1224          4          4          4         10      14107   ch2gm.o
       686         64          4          0        568      27855   chassistask.o
       386          0          0          0          0      26545   control.o
       176          0        768          0          0       2155   crccheck.o
       210          0          0          0         84       9354   debug_usart.o
        24          0          0          0          0      18769   debugtask.o
       570         16          4          0        136      17979   encoder.o
      1016          0          0          0      51224       3119   heap_4.o
      2418          0          0          0       1261      37015   judge.o
       162          0          0          0          0      19084   led.o
       296          0          0          0          0       2074   list.o
       104          0         15          0          4      22452   main.o
       286          0          0          0          0       2948   misc.o
       946         48          0          0          0      11449   motormsg.o
        52          0          0          0          0      18249   optoeswitch.o
        86          0          0          0          0      21168   pid.o
       994         16          0          4          5       3257   port.o
      2774          0          0          0         64      13336   queue.o
       128          0          0          0          0      18166   rng.o
       164          0         17          0         12      18053   starttask.o
        64         26        392          0      57344        876   startup_stm32f40_41xxx.o
       166          0          4          0        224      25297   stateaction.o
      2318          0          0          0          0       9672   stm32f4xx_can.o
       506          0          0          0          0       5720   stm32f4xx_dma.o
       360          0          0          0          0       4504   stm32f4xx_gpio.o
       104          0          0          0          1       1217   stm32f4xx_it.o
       578          0         16          0          0      10707   stm32f4xx_rcc.o
       110          0          0          0          0       1979   stm32f4xx_rng.o
       478          0          0          0          0      19855   stm32f4xx_tim.o
       574          0          0          0          0       7252   stm32f4xx_usart.o
       482          0          0          0          9      23030   sys.o
       428          0          0          4          0       3284   system_stm32f4xx.o
      4438          0          5          0        808      21921   tasks.o
       190          0          0          0          8      20406   timer.o
      1470         10         13          0         60       7796   timers.o

    ----------------------------------------------------------------------
     25700        184       1276         12     111844     510420   Object Totals
         0          0         32          0          0          0   (incl. Generated)
       192          0          2          0         22          0   (incl. Padding)

    ----------------------------------------------------------------------

      Code (inc. data)   RO Data    RW Data    ZI Data      Debug   Library Member Name

         8          0          0          0          0         68   __main.o
       392          4         17          0          0         92   __printf_flags_ss_wp.o
        14          0          0          0          0         68   __printf_wp.o
         0          0          0          0          0          0   __rtentry.o
        12          0          0          0          0          0   __rtentry2.o
         6          0          0          0          0          0   __rtentry4.o
        52          8          0          0          0          0   __scatter.o
        26          0          0          0          0          0   __scatter_copy.o
        28          0          0          0          0          0   __scatter_zi.o
        72          0          0          0          0         96   _c16rtomb.o
         6          0          0          0          0          0   _printf_a.o
         6          0          0          0          0          0   _printf_c.o
        44          0          0          0          0        108   _printf_char.o
        48          6          0          0          0         96   _printf_char_common.o
        36          4          0          0          0         80   _printf_char_file.o
        40          0          0          0          0         68   _printf_charcount.o
         6          0          0          0          0          0   _printf_d.o
       120         16          0          0          0         92   _printf_dec.o
         6          0          0          0          0          0   _printf_e.o
         6          0          0          0          0          0   _printf_f.o
      1052          0          0          0          0        148   _printf_fp_dec.o
       764          8         38          0          0        100   _printf_fp_hex.o
       128         16          0          0          0         84   _printf_fp_infnan.o
         6          0          0          0          0          0   _printf_g.o
       148          4         40          0          0        160   _printf_hex_int_ll_ptr.o
         6          0          0          0          0          0   _printf_i.o
       178          0          0          0          0         88   _printf_intcommon.o
        10          0          0          0          0          0   _printf_l.o
         6          0          0          0          0          0   _printf_lc.o
        10          0          0          0          0          0   _printf_ll.o
         6          0          0          0          0          0   _printf_lld.o
         6          0          0          0          0          0   _printf_lli.o
         6          0          0          0          0          0   _printf_llo.o
         6          0          0          0          0          0   _printf_llu.o
         6          0          0          0          0          0   _printf_llx.o
       124         16          0          0          0         92   _printf_longlong_dec.o
         6          0          0          0          0          0   _printf_ls.o
         6          0          0          0          0          0   _printf_n.o
         6          0          0          0          0          0   _printf_o.o
       112          8          0          0          0        124   _printf_oct_int_ll.o
         6          0          0          0          0          0   _printf_p.o
        78          0          0          0          0        108   _printf_pad.o
         0          0          0          0          0          0   _printf_percent.o
         4          0          0          0          0          0   _printf_percent_end.o
         6          0          0          0          0          0   _printf_s.o
        82          0          0          0          0         80   _printf_str.o
        36          0          0          0          0         84   _printf_truncate.o
         6          0          0          0          0          0   _printf_u.o
        44          0          0          0          0        108   _printf_wchar.o
       188          6          8          0          0         92   _printf_wctomb.o
         6          0          0          0          0          0   _printf_x.o
        22          0          0          0          0         80   abort.o
        16          0          0          0          0         68   aeabi_memset4.o
       228          4        148          0          0         96   bigflt0.o
      1936        128          0          0          0        668   btod.o
        48         34          0          0          0         76   defsig_abrt_inner.o
        14          0          0          0          0         80   defsig_abrt_outer.o
        10          0          0          0          0         68   defsig_exit.o
        50          0          0          0          0         88   defsig_general.o
        18          0          0          0          0         80   exit.o
         8          0          0          0          0         68   ferror.o
         6          0          0          0          0        152   heapauxi.o
        36          8          0          0          0         80   init_aeabi.o
        44         10        272          0          0         76   lc_ctype_c.o
        44         10         28          0          0         76   lc_numeric_c.o
         2          0          0          0          0          0   libinit.o
        38          0          0          0          0          0   libinit2.o
         2          0          0          0          0          0   libshutdown.o
         2          0          0          0          0          0   libshutdown2.o
         8          4          0          0         96         68   libspace.o
       138          0          0          0          0         80   lludiv10.o
        24          4          0          0          0         84   printf.o
        16          4          0          0          0         76   rt_ctype_table.o
         8          4          0          0          0         68   rt_locale_intlibspace.o
        68          0          0          0          0         68   rt_memclr.o
        78          0          0          0          0         80   rt_memclr_w.o
       138          0          0          0          0         68   rt_memcpy_v6.o
       100          0          0          0          0         80   rt_memcpy_w.o
         2          0          0          0          0          0   rtexit.o
        10          0          0          0          0          0   rtexit2.o
        20          0          0          0          0         68   strchr.o
       124          0          0          0          0         88   strcmpv7em.o
        74          0          0          0          0         80   sys_stackheap_outer.o
         2          0          0          0          0         68   use_no_semi.o
         2          0          0          0          0         68   use_no_semi_2.o
        98          4          0          0          0        140   d2f.o
       812         16          0          0          0        392   daddsub_clz.o
       692        140          0          0          0        264   ddiv.o
        46          0          0          0          0        116   dflt_clz.o
       340         12          0          0          0        152   dmul.o
       156          4          0          0          0        140   dnaninf.o
        12          0          0          0          0        116   dretinf.o
        86          4          0          0          0        132   f2d.o
       140          4          0          0          0        132   fnaninf.o
        26          0          0          0          0        116   fpinit.o
        10          0          0          0          0        116   fretinf.o
         4          0          0          0          0        116   printf1.o
         4          0          0          0          0        116   printf2.o
         0          0          0          0          0          0   usenofp.o
         4          0          0          0          0         36   abort_message.cpp.o
       100         56          0          0          0         76   cxa_guard.cpp.o
        48          0          0          0          0        124   fpclassify.o

    ----------------------------------------------------------------------
      9908        546        552          0         96       7120   Library Totals
        18          0          1          0          0          0   (incl. Padding)

    ----------------------------------------------------------------------

      Code (inc. data)   RO Data    RW Data    ZI Data      Debug   Library Name

      7312        306        551          0         96       4836   c_w.l
      2426        184          0          0          0       2048   fz_wm.l
       104         56          0          0          0        112   libcppabi_w.l
        48          0          0          0          0        124   m_wm.l

    ----------------------------------------------------------------------
      9908        546        552          0         96       7120   Library Totals

    ----------------------------------------------------------------------

==============================================================================


      Code (inc. data)   RO Data    RW Data    ZI Data      Debug   

     35608        730       1828         12     111940     512956   Grand Totals
     35608        730       1828         12     111940     512956   ELF Image Totals
     35608        730       1828         12          0          0   ROM Totals

==============================================================================

    Total RO  Size (Code + RO Data)                37436 (  36.56kB)
    Total RW  Size (RW Data + ZI Data)            111952 ( 109.33kB)
    Total ROM Size (Code + RO Data + RW Data)      37448 (  36.57kB)

==============================================================================

