Component: ARM Compiler 6.16 Tool: armlink [5dfeaa00]

==============================================================================

Section Cross References

    main.o(.text._Znwj) refers to heap_4.o(.text.pvPortMalloc) for pvPortMalloc
    main.o(.text._Znwj) refers to rt_memclr.o(.text) for __aeabi_memclr
    main.o(.ARM.exidx.text._Znwj) refers to main.o(.text._Znwj) for [Anonymous Symbol]
    main.o(.text._ZdlPv) refers to heap_4.o(.text.vPortFree) for vPortFree
    main.o(.ARM.exidx.text._ZdlPv) refers to main.o(.text._ZdlPv) for [Anonymous Symbol]
    main.o(.text.main) refers to misc.o(.text.NVIC_PriorityGroupConfig) for NVIC_PriorityGroupConfig
    main.o(.text.main) refers to sys.o(.text._Z11sysTickInitv) for sysTickInit()
    main.o(.text.main) refers to visioncom.o(.text._Z21VISION_COM_Usart_Initj) for VISION_COM_Usart_Init(unsigned int)
    main.o(.text.main) refers to usart6.o(.text._Z11USART6_Initj) for USART6_Init(unsigned int)
    main.o(.text.main) refers to can.o(.text.CAN1_Init) for CAN1_Init
    main.o(.text.main) refers to can.o(.text.CAN2_Init) for CAN2_Init
    main.o(.text.main) refers to spi.o(.text.SPI1_Init) for SPI1_Init
    main.o(.text.main) refers to bmi088driver.o(.text.BMI088_init) for BMI088_init
    main.o(.text.main) refers to main.o(.rodata.str1.1) for .L.str
    main.o(.text.main) refers to printf.o(.text) for printf
    main.o(.text.main) refers to sys.o(.text._Z7delayMsj) for delayMs(unsigned int)
    main.o(.text.main) refers to imu.o(.text._Z14IMUOffset_Initv) for IMUOffset_Init()
    main.o(.text.main) refers to dbus.o(.text.RC_Dbus_Init) for RC_Dbus_Init
    main.o(.text.main) refers to main.o(.bss.StartTask_Handler) for StartTask_Handler
    main.o(.text.main) refers to starttask.o(.text._Z10Start_TaskPv) for Start_Task(void*)
    main.o(.text.main) refers to tasks.o(.text.xTaskCreate) for xTaskCreate
    main.o(.text.main) refers to tasks.o(.text.vTaskStartScheduler) for vTaskStartScheduler
    main.o(.ARM.exidx.text.main) refers to main.o(.text.main) for [Anonymous Symbol]
    stm32f4xx_it.o(.ARM.exidx.text.NMI_Handler) refers to stm32f4xx_it.o(.text.NMI_Handler) for [Anonymous Symbol]
    stm32f4xx_it.o(.ARM.exidx.text.HardFault_Handler) refers to stm32f4xx_it.o(.text.HardFault_Handler) for [Anonymous Symbol]
    stm32f4xx_it.o(.ARM.exidx.text.MemManage_Handler) refers to stm32f4xx_it.o(.text.MemManage_Handler) for [Anonymous Symbol]
    stm32f4xx_it.o(.ARM.exidx.text.BusFault_Handler) refers to stm32f4xx_it.o(.text.BusFault_Handler) for [Anonymous Symbol]
    stm32f4xx_it.o(.ARM.exidx.text.UsageFault_Handler) refers to stm32f4xx_it.o(.text.UsageFault_Handler) for [Anonymous Symbol]
    stm32f4xx_it.o(.ARM.exidx.text.DebugMon_Handler) refers to stm32f4xx_it.o(.text.DebugMon_Handler) for [Anonymous Symbol]
    stm32f4xx_it.o(.text.SysTick_Handler) refers to tasks.o(.text.xTaskGetSchedulerState) for xTaskGetSchedulerState
    stm32f4xx_it.o(.text.SysTick_Handler) refers to port.o(.text.xPortSysTickHandler) for xPortSysTickHandler
    stm32f4xx_it.o(.text.SysTick_Handler) refers to sys.o(.bss.sysTickUptime) for sysTickUptime
    stm32f4xx_it.o(.text.SysTick_Handler) refers to stm32f4xx_it.o(.bss.SysTick_Handler.upTimeCnt) for SysTick_Handler.upTimeCnt
    stm32f4xx_it.o(.text.SysTick_Handler) refers to sys.o(.bss.sysTickUptimeUs) for sysTickUptimeUs
    stm32f4xx_it.o(.ARM.exidx.text.SysTick_Handler) refers to stm32f4xx_it.o(.text.SysTick_Handler) for [Anonymous Symbol]
    system_stm32f4xx.o(.text.SystemInit) refers to system_stm32f4xx.o(.text.SetSysClock) for SetSysClock
    system_stm32f4xx.o(.ARM.exidx.text.SystemInit) refers to system_stm32f4xx.o(.text.SystemInit) for [Anonymous Symbol]
    system_stm32f4xx.o(.ARM.exidx.text.SetSysClock) refers to system_stm32f4xx.o(.text.SetSysClock) for [Anonymous Symbol]
    system_stm32f4xx.o(.text.SystemCoreClockUpdate) refers to system_stm32f4xx.o(.data.SystemCoreClock) for SystemCoreClock
    system_stm32f4xx.o(.text.SystemCoreClockUpdate) refers to system_stm32f4xx.o(.rodata.AHBPrescTable) for AHBPrescTable
    system_stm32f4xx.o(.ARM.exidx.text.SystemCoreClockUpdate) refers to system_stm32f4xx.o(.text.SystemCoreClockUpdate) for [Anonymous Symbol]
    cycle.o(.text._ZN5Cycle9getCycleTEv) refers to sys.o(.text._Z12getSysTimeUsv) for getSysTimeUs()
    cycle.o(.text._ZN5Cycle9getCycleTEv) refers to ffltll_clz.o(x$fpl$ffltll) for __aeabi_ul2f
    cycle.o(.ARM.exidx.text._ZN5Cycle9getCycleTEv) refers to cycle.o(.text._ZN5Cycle9getCycleTEv) for [Anonymous Symbol]
    sys.o(.text._Z11sysTickInitv) refers to stm32f4xx_rcc.o(.text.RCC_GetClocksFreq) for RCC_GetClocksFreq
    sys.o(.text._Z11sysTickInitv) refers to sys.o(.text._ZL14SysTick_Configj) for SysTick_Config(unsigned int)
    sys.o(.text._Z11sysTickInitv) refers to misc.o(.text.SysTick_CLKSourceConfig) for SysTick_CLKSourceConfig
    sys.o(.ARM.exidx.text._Z11sysTickInitv) refers to sys.o(.text._Z11sysTickInitv) for [Anonymous Symbol]
[...]
    xTaskPriorityDisinherit                  0x0800b409   Thumb Code   262  tasks.o(.text.xTaskPriorityDisinherit)
    xTaskRemoveFromEventList                 0x0800b511   Thumb Code   186  tasks.o(.text.xTaskRemoveFromEventList)
    xTaskResumeAll                           0x0800b5cd   Thumb Code   368  tasks.o(.text.xTaskResumeAll)
    xTimerCreateTimerTask                    0x0800b73d   Thumb Code    98  timers.o(.text.xTimerCreateTimerTask)
    xTimerGenericCommand                     0x0800b7a1   Thumb Code   168  timers.o(.text.xTimerGenericCommand)
    _btod_d2e                                0x0800b849   Thumb Code    62  btod.o(CL$$btod_d2e)
    _d2e_denorm_low                          0x0800b887   Thumb Code    70  btod.o(CL$$btod_d2e_denorm_low)
    _d2e_norm_op1                            0x0800b8cd   Thumb Code    96  btod.o(CL$$btod_d2e_norm_op1)
    __btod_div_common                        0x0800b92d   Thumb Code   696  btod.o(CL$$btod_div_common)
    _e2e                                     0x0800bc65   Thumb Code   220  btod.o(CL$$btod_e2e)
    _btod_ediv                               0x0800bd41   Thumb Code    42  btod.o(CL$$btod_ediv)
    _btod_emul                               0x0800bd6b   Thumb Code    42  btod.o(CL$$btod_emul)
    __btod_mult_common                       0x0800bd95   Thumb Code   580  btod.o(CL$$btod_mult_common)
    __ARM_fpclassify                         0x0800bfd9   Thumb Code    48  fpclassify.o(i.__ARM_fpclassify)
    __ARM_fpclassifyf                        0x0800c009   Thumb Code    38  fpclassifyf.o(i.__ARM_fpclassifyf)
    __hardfp_asinf                           0x0800c031   Thumb Code   258  asinf.o(i.__hardfp_asinf)
    __hardfp_atan2f                          0x0800c15d   Thumb Code   594  atan2f.o(i.__hardfp_atan2f)
    __hardfp_sqrtf                           0x0800c409   Thumb Code    58  sqrtf.o(i.__hardfp_sqrtf)
    __mathlib_flt_infnan                     0x0800c443   Thumb Code     6  funder.o(i.__mathlib_flt_infnan)
    __mathlib_flt_infnan2                    0x0800c449   Thumb Code     6  funder.o(i.__mathlib_flt_infnan2)
    __mathlib_flt_invalid                    0x0800c451   Thumb Code    10  funder.o(i.__mathlib_flt_invalid)
    __mathlib_flt_underflow                  0x0800c461   Thumb Code    10  funder.o(i.__mathlib_flt_underflow)
    _is_digit                                0x0800c471   Thumb Code    14  __printf_wp.o(i._is_digit)
    sqrtf                                    0x0800c47f   Thumb Code    62  sqrtf.o(i.sqrtf)
    _get_lc_numeric                          0x0800c4bd   Thumb Code    44  lc_numeric_c.o(locale$$code)
    _get_lc_ctype                            0x0800c4e9   Thumb Code    44  lc_ctype_c.o(locale$$code)
    __aeabi_d2f                              0x0800c515   Thumb Code     0  d2f.o(x$fpl$d2f)
    _d2f                                     0x0800c515   Thumb Code    98  d2f.o(x$fpl$d2f)
    __aeabi_dadd                             0x0800c579   Thumb Code     0  daddsub_clz.o(x$fpl$dadd)
    _dadd                                    0x0800c579   Thumb Code   332  daddsub_clz.o(x$fpl$dadd)
    __fpl_dcmp_Inf                           0x0800c6c9   Thumb Code    24  dcmpi.o(x$fpl$dcmpinf)
    __aeabi_ddiv                             0x0800c6e1   Thumb Code     0  ddiv.o(x$fpl$ddiv)
    _ddiv                                    0x0800c6e1   Thumb Code   556  ddiv.o(x$fpl$ddiv)
    __aeabi_cdcmpeq                          0x0800c995   Thumb Code     0  deqf.o(x$fpl$deqf)
    _dcmpeq                                  0x0800c995   Thumb Code   120  deqf.o(x$fpl$deqf)
    __aeabi_i2d                              0x0800ca0d   Thumb Code     0  dflt_clz.o(x$fpl$dflt)
    _dflt                                    0x0800ca0d   Thumb Code    46  dflt_clz.o(x$fpl$dflt)
    __aeabi_cdcmpge                          0x0800ca3d   Thumb Code     0  dgeqf.o(x$fpl$dgeqf)
    _dcmpge                                  0x0800ca3d   Thumb Code   120  dgeqf.o(x$fpl$dgeqf)
    __aeabi_cdcmple                          0x0800cab5   Thumb Code     0  dleqf.o(x$fpl$dleqf)
    _dcmple                                  0x0800cab5   Thumb Code   120  dleqf.o(x$fpl$dleqf)
    __fpl_dcmple_InfNaN                      0x0800cb17   Thumb Code     0  dleqf.o(x$fpl$dleqf)
    __aeabi_dmul                             0x0800cb2d   Thumb Code     0  dmul.o(x$fpl$dmul)
    _dmul                                    0x0800cb2d   Thumb Code   332  dmul.o(x$fpl$dmul)
    __fpl_dnaninf                            0x0800cc81   Thumb Code   156  dnaninf.o(x$fpl$dnaninf)
    __fpl_dretinf                            0x0800cd1d   Thumb Code    12  dretinf.o(x$fpl$dretinf)
    __aeabi_dsub                             0x0800cd29   Thumb Code     0  daddsub_clz.o(x$fpl$dsub)
    _dsub                                    0x0800cd29   Thumb Code   472  daddsub_clz.o(x$fpl$dsub)
    __aeabi_f2d                              0x0800cf05   Thumb Code     0  f2d.o(x$fpl$f2d)
    _f2d                                     0x0800cf05   Thumb Code    86  f2d.o(x$fpl$f2d)
    __aeabi_dcmpeq                           0x0800cf5b   Thumb Code     0  dcmp.o(x$fpl$fcmp)
    _deq                                     0x0800cf5b   Thumb Code    14  dcmp.o(x$fpl$fcmp)
    _dneq                                    0x0800cf69   Thumb Code    14  dcmp.o(x$fpl$fcmp)
    __aeabi_dcmpgt                           0x0800cf77   Thumb Code     0  dcmp.o(x$fpl$fcmp)
    _dgr                                     0x0800cf77   Thumb Code    14  dcmp.o(x$fpl$fcmp)
    __aeabi_dcmpge                           0x0800cf85   Thumb Code     0  dcmp.o(x$fpl$fcmp)
    _dgeq                                    0x0800cf85   Thumb Code    14  dcmp.o(x$fpl$fcmp)
    __aeabi_dcmple                           0x0800cf93   Thumb Code     0  dcmp.o(x$fpl$fcmp)
    _dleq                                    0x0800cf93   Thumb Code    14  dcmp.o(x$fpl$fcmp)
    __aeabi_dcmplt                           0x0800cfa1   Thumb Code     0  dcmp.o(x$fpl$fcmp)
    _dls                                     0x0800cfa1   Thumb Code    14  dcmp.o(x$fpl$fcmp)
    __fpl_fnaninf                            0x0800cfaf   Thumb Code   140  fnaninf.o(x$fpl$fnaninf)
    _fp_init                                 0x0800d03b   Thumb Code    26  fpinit.o(x$fpl$fpinit)
    __fplib_config_fpu_vfp                   0x0800d053   Thumb Code     0  fpinit.o(x$fpl$fpinit)
    __fplib_config_pureend_doubles           0x0800d053   Thumb Code     0  fpinit.o(x$fpl$fpinit)
    __fpl_fretinf                            0x0800d055   Thumb Code    10  fretinf.o(x$fpl$fretinf)
    _printf_fp_dec                           0x0800d05f   Thumb Code     4  printf1.o(x$fpl$printf1)
    _printf_fp_hex                           0x0800d063   Thumb Code     4  printf2.o(x$fpl$printf2)
    __I$use$fp                               0x0800d066   Number         0  usenofp.o(x$fpl$usenofp)
    Region$$Table$$Base                      0x0800d2b0   Number         0  anon$$obj.o(Region$$Table)
    Region$$Table$$Limit                     0x0800d2d0   Number         0  anon$$obj.o(Region$$Table)
    __ctype                                  0x0800d2f9   Data           0  lc_ctype_c.o(locale$$data)
    SHT$$INIT_ARRAY$$Base                    0x0800d3fc   Number         0  gimbaltask.o(.init_array)
    SHT$$INIT_ARRAY$$Limit                   0x0800d408   Number         0  init_aeabi.o(.init_array)
    BMI088_ACCEL_SEN                         0x20000000   Data           4  bmi088driver.o(.data.BMI088_ACCEL_SEN)
    BMI088_GYRO_SEN                          0x20000004   Data           4  bmi088driver.o(.data.BMI088_GYRO_SEN)
    SystemCoreClock                          0x20000008   Data           4  system_stm32f4xx.o(.data.SystemCoreClock)
    q0                                       0x200000a4   Data           4  imu.o(.data.q0)
    __libspace_start                         0x200000b0   Data          96  libspace.o(.bss)
    AUTO_AIM_PITCH_PC_PID_Struct             0x20000110   Data          80  gimbaltask.o(.bss.AUTO_AIM_PITCH_PC_PID_Struct)
    __temporary_stack_top$libspace           0x20000110   Data           0  libspace.o(.bss)
    AUTO_AIM_PITCH_VC_PID_Struct             0x20000160   Data          80  gimbaltask.o(.bss.AUTO_AIM_PITCH_VC_PID_Struct)
    AUTO_AIM_YAW_PC_PID_Struct               0x200001b0   Data          80  gimbaltask.o(.bss.AUTO_AIM_YAW_PC_PID_Struct)
    AUTO_AIM_YAW_VC_PID_Struct               0x20000200   Data          80  gimbaltask.o(.bss.AUTO_AIM_YAW_VC_PID_Struct)
    DMA_InitStructure                        0x20000250   Data          60  visioncom.o(.bss.DMA_InitStructure)
    DebugTask_Handler                        0x2000028c   Data           4  starttask.o(.bss.DebugTask_Handler)
    FRICITION_0_VC_PID_Struct                0x20000290   Data          80  gimbaltask.o(.bss.FRICITION_0_VC_PID_Struct)
    FRICITION_1_VC_PID_Struct                0x200002e0   Data          80  gimbaltask.o(.bss.FRICITION_1_VC_PID_Struct)
    FreeRTOSRunTimeTicks                     0x20000330   Data           8  timer.o(.bss.FreeRTOSRunTimeTicks)
    GMAllMotorCtrl                           0x20000338   Data         820  gimbaltask.o(.bss.GMAllMotorCtrl)
    GimbalAllMotorMsg                        0x2000066c   Data         240  encoder.o(.bss.GimbalAllMotorMsg)
    GimbalTask_Handler                       0x2000075c   Data           4  starttask.o(.bss.GimbalTask_Handler)
    ImuTask_Handler                          0x20000760   Data           4  starttask.o(.bss.ImuTask_Handler)
    Init_OK                                  0x20000764   Data           1  sys.o(.bss.Init_OK)
    KalPit                                   0x20000768   Data         220  imu.o(.bss.KalPit)
    KalYaw                                   0x20000844   Data         220  imu.o(.bss.KalYaw)
    LedTask_Handler                          0x20000920   Data           4  starttask.o(.bss.LedTask_Handler)
    RAMMER_VC_PID_Struct                     0x20000924   Data          80  gimbaltask.o(.bss.RAMMER_VC_PID_Struct)
    StartTask_Handler                        0x20000974   Data           4  main.o(.bss.StartTask_Handler)
    UpperCtrlInfo                            0x2000097c   Data          20  visioncom.o(.bss.UpperCtrlInfo)
    __stdout                                 0x20000ae0   Data          84  visioncom.o(.bss.__stdout)
    block_flag                               0x20000b34   Data           1  gimbaltask.o(.bss.block_flag)
    imu_pitch_angular_speed                  0x20000b38   Data           4  imu.o(.bss.imu_pitch_angular_speed)
    imu_yaw_angle                            0x20000b3c   Data           4  imu.o(.bss.imu_yaw_angle)
    imu_yaw_angular_speed                    0x20000b40   Data           4  imu.o(.bss.imu_yaw_angular_speed)
    judge_msg                                0x20000b44   Data          28  gm2ch.o(.bss.judge_msg)
    pxCurrentTCB                             0x20000b64   Data           4  tasks.o(.bss.pxCurrentTCB)
    q1                                       0x20000dfc   Data           4  imu.o(.bss.q1)
    q2                                       0x20000e00   Data           4  imu.o(.bss.q2)
    q3                                       0x20000e04   Data           4  imu.o(.bss.q3)
    rc_ctrl_data                             0x20000e08   Data          20  dbus.o(.bss.rc_ctrl_data)
    sendPacketBuffer                         0x20000e1c   Data          32  visioncom.o(.bss.sendPacketBuffer)
    sysTickUptime                            0x20000e3c   Data           4  sys.o(.bss.sysTickUptime)
    sysTickUptimeUs                          0x20000e40   Data           4  sys.o(.bss.sysTickUptimeUs)
    xQueueRegistry                           0x2000d6e8   Data          64  queue.o(.bss.xQueueRegistry)



==============================================================================

Memory Map of the image

  Image Entry point : 0x08000189

  Load Region LR_IROM1 (Base: 0x08000000, Size: 0x0000d4b8, Max: 0x00100000, ABSOLUTE)

    Execution Region ER_IROM1 (Exec base: 0x08000000, Load base: 0x08000000, Size: 0x0000d408, Max: 0x00100000, ABSOLUTE)

    Exec Addr    Load Addr    Size         Type   Attr      Idx    E Section Name        Object

    0x08000000   0x08000000   0x00000188   Data   RO          665    RESET               startup_stm32f40_41xxx.o
    0x08000188   0x08000188   0x00000008   Code   RO         2829  * !!!main             c_w.l(__main.o)
    0x08000190   0x08000190   0x00000034   Code   RO         3320    !!!scatter          c_w.l(__scatter.o)
    0x080001c4   0x080001c4   0x0000001a   Code   RO         3322    !!handler_copy      c_w.l(__scatter_copy.o)
    0x080001de   0x080001de   0x00000002   PAD
    0x080001e0   0x080001e0   0x0000001c   Code   RO         3324    !!handler_zi        c_w.l(__scatter_zi.o)
    0x080001fc   0x080001fc   0x00000000   Code   RO         3008    .ARM.Collect$$_printf_percent$$00000000  c_w.l(_printf_percent.o)
    0x080001fc   0x080001fc   0x00000006   Code   RO         2997    .ARM.Collect$$_printf_percent$$00000001  c_w.l(_printf_n.o)
    0x08000202   0x08000202   0x00000006   Code   RO         2999    .ARM.Collect$$_printf_percent$$00000002  c_w.l(_printf_p.o)
    0x08000208   0x08000208   0x00000006   Code   RO         3004    .ARM.Collect$$_printf_percent$$00000003  c_w.l(_printf_f.o)
    0x0800020e   0x0800020e   0x00000006   Code   RO         3005    .ARM.Collect$$_printf_percent$$00000004  c_w.l(_printf_e.o)
    0x08000214   0x08000214   0x00000006   Code   RO         3006    .ARM.Collect$$_printf_percent$$00000005  c_w.l(_printf_g.o)
    0x0800021a   0x0800021a   0x00000006   Code   RO         3007    .ARM.Collect$$_printf_percent$$00000006  c_w.l(_printf_a.o)
    0x08000220   0x08000220   0x0000000a   Code   RO         3012    .ARM.Collect$$_printf_percent$$00000007  c_w.l(_printf_ll.o)
    0x0800022a   0x0800022a   0x00000006   Code   RO         3001    .ARM.Collect$$_printf_percent$$00000008  c_w.l(_printf_i.o)
    0x08000230   0x08000230   0x00000006   Code   RO         3002    .ARM.Collect$$_printf_percent$$00000009  c_w.l(_printf_d.o)
    0x08000236   0x08000236   0x00000006   Code   RO         3003    .ARM.Collect$$_printf_percent$$0000000A  c_w.l(_printf_u.o)
    0x0800023c   0x0800023c   0x00000006   Code   RO         3000    .ARM.Collect$$_printf_percent$$0000000B  c_w.l(_printf_o.o)
    0x08000242   0x08000242   0x00000006   Code   RO         2998    .ARM.Collect$$_printf_percent$$0000000C  c_w.l(_printf_x.o)
    0x08000248   0x08000248   0x00000006   Code   RO         3009    .ARM.Collect$$_printf_percent$$0000000D  c_w.l(_printf_lli.o)
    0x0800024e   0x0800024e   0x00000006   Code   RO         3010    .ARM.Collect$$_printf_percent$$0000000E  c_w.l(_printf_lld.o)
    0x08000254   0x08000254   0x00000006   Code   RO         3011    .ARM.Collect$$_printf_percent$$0000000F  c_w.l(_printf_llu.o)
    0x0800025a   0x0800025a   0x00000006   Code   RO         3016    .ARM.Collect$$_printf_percent$$00000010  c_w.l(_printf_llo.o)
    0x08000260   0x08000260   0x00000006   Code   RO         3017    .ARM.Collect$$_printf_percent$$00000011  c_w.l(_printf_llx.o)
    0x08000266   0x08000266   0x0000000a   Code   RO         3013    .ARM.Collect$$_printf_percent$$00000012  c_w.l(_printf_l.o)
    0x08000270   0x08000270   0x00000006   Code   RO         2995    .ARM.Collect$$_printf_percent$$00000013  c_w.l(_printf_c.o)
    0x08000276   0x08000276   0x00000006   Code   RO         2996    .ARM.Collect$$_printf_percent$$00000014  c_w.l(_printf_s.o)
    0x0800027c   0x0800027c   0x00000006   Code   RO         3014    .ARM.Collect$$_printf_percent$$00000015  c_w.l(_printf_lc.o)
    0x08000282   0x08000282   0x00000006   Code   RO         3015    .ARM.Collect$$_printf_percent$$00000016  c_w.l(_printf_ls.o)
    0x08000288   0x08000288   0x00000004   Code   RO         3164    .ARM.Collect$$_printf_percent$$00000017  c_w.l(_printf_percent_end.o)
    0x0800028c   0x0800028c   0x00000002   Code   RO         3251    .ARM.Collect$$libinit$$00000000  c_w.l(libinit.o)
    0x0800028e   0x0800028e   0x00000004   Code   RO         3020    .ARM.Collect$$libinit$$00000001  c_w.l(libinit2.o)
    0x08000292   0x08000292   0x00000000   Code   RO         3023    .ARM.Collect$$libinit$$00000004  c_w.l(libinit2.o)
    0x08000292   0x08000292   0x00000000   Code   RO         3026    .ARM.Collect$$libinit$$0000000A  c_w.l(libinit2.o)
    0x08000292   0x08000292   0x00000000   Code   RO         3028    .ARM.Collect$$libinit$$0000000C  c_w.l(libinit2.o)
    0x08000292   0x08000292   0x00000000   Code   RO         3030    .ARM.Collect$$libinit$$0000000E  c_w.l(libinit2.o)
    0x08000292   0x08000292   0x00000006   Code   RO         3031    .ARM.Collect$$libinit$$0000000F  c_w.l(libinit2.o)
    0x08000298   0x08000298   0x00000000   Code   RO         3033    .ARM.Collect$$libinit$$00000011  c_w.l(libinit2.o)
    0x08000298   0x08000298   0x0000000c   Code   RO         3034    .ARM.Collect$$libinit$$00000012  c_w.l(libinit2.o)
    0x080002a4   0x080002a4   0x00000000   Code   RO         3035    .ARM.Collect$$libinit$$00000013  c_w.l(libinit2.o)
    0x080002a4   0x080002a4   0x00000000   Code   RO         3037    .ARM.Collect$$libinit$$00000015  c_w.l(libinit2.o)
    0x080002a4   0x080002a4   0x0000000a   Code   RO         3038    .ARM.Collect$$libinit$$00000016  c_w.l(libinit2.o)
    0x080002ae   0x080002ae   0x00000000   Code   RO         3039    .ARM.Collect$$libinit$$00000017  c_w.l(libinit2.o)
    0x080002ae   0x080002ae   0x00000000   Code   RO         3041    .ARM.Collect$$libinit$$00000019  c_w.l(libinit2.o)
    0x080002ae   0x080002ae   0x00000000   Code   RO         3043    .ARM.Collect$$libinit$$0000001B  c_w.l(libinit2.o)
    0x080002ae   0x080002ae   0x00000000   Code   RO         3045    .ARM.Collect$$libinit$$0000001D  c_w.l(libinit2.o)
    0x080002ae   0x080002ae   0x00000000   Code   RO         3047    .ARM.Collect$$libinit$$0000001F  c_w.l(libinit2.o)
    0x080002ae   0x080002ae   0x00000000   Code   RO         3049    .ARM.Collect$$libinit$$00000021  c_w.l(libinit2.o)
    0x080002ae   0x080002ae   0x00000000   Code   RO         3051    .ARM.Collect$$libinit$$00000023  c_w.l(libinit2.o)
    0x080002ae   0x080002ae   0x00000000   Code   RO         3053    .ARM.Collect$$libinit$$00000025  c_w.l(libinit2.o)
    0x080002ae   0x080002ae   0x00000000   Code   RO         3057    .ARM.Collect$$libinit$$0000002C  c_w.l(libinit2.o)
    0x080002ae   0x080002ae   0x00000000   Code   RO         3059    .ARM.Collect$$libinit$$0000002E  c_w.l(libinit2.o)
    0x080002ae   0x080002ae   0x00000000   Code   RO         3061    .ARM.Collect$$libinit$$00000030  c_w.l(libinit2.o)
    0x080002ae   0x080002ae   0x00000004   Code   RO         3062    .ARM.Collect$$libinit$$00000031  c_w.l(libinit2.o)
    0x080002b2   0x080002b2   0x00000000   Code   RO         3063    .ARM.Collect$$libinit$$00000032  c_w.l(libinit2.o)
    0x080002b2   0x080002b2   0x00000002   Code   RO         3064    .ARM.Collect$$libinit$$00000033  c_w.l(libinit2.o)
    0x080002b4   0x080002b4   0x00000002   Code   RO         3318    .ARM.Collect$$libshutdown$$00000000  c_w.l(libshutdown.o)
    0x080002b6   0x080002b6   0x00000000   Code   RO         3276    .ARM.Collect$$libshutdown$$00000002  c_w.l(libshutdown2.o)
    0x080002b6   0x080002b6   0x00000000   Code   RO         3278    .ARM.Collect$$libshutdown$$00000004  c_w.l(libshutdown2.o)
    0x080002b6   0x080002b6   0x00000000   Code   RO         3281    .ARM.Collect$$libshutdown$$00000007  c_w.l(libshutdown2.o)
    0x080002b6   0x080002b6   0x00000000   Code   RO         3284    .ARM.Collect$$libshutdown$$0000000A  c_w.l(libshutdown2.o)
    0x080002b6   0x080002b6   0x00000000   Code   RO         3286    .ARM.Collect$$libshutdown$$0000000C  c_w.l(libshutdown2.o)
    0x080002b6   0x080002b6   0x00000000   Code   RO         3289    .ARM.Collect$$libshutdown$$0000000F  c_w.l(libshutdown2.o)
    0x080002b6   0x080002b6   0x00000002   Code   RO         3290    .ARM.Collect$$libshutdown$$00000010  c_w.l(libshutdown2.o)
    0x080002b8   0x080002b8   0x00000000   Code   RO         2893    .ARM.Collect$$rtentry$$00000000  c_w.l(__rtentry.o)
    0x080002b8   0x080002b8   0x00000000   Code   RO         3120    .ARM.Collect$$rtentry$$00000002  c_w.l(__rtentry2.o)
    0x080002b8   0x080002b8   0x00000006   Code   RO         3132    .ARM.Collect$$rtentry$$00000004  c_w.l(__rtentry4.o)
    0x080002be   0x080002be   0x00000000   Code   RO         3122    .ARM.Collect$$rtentry$$00000009  c_w.l(__rtentry2.o)
    0x080002be   0x080002be   0x00000004   Code   RO         3123    .ARM.Collect$$rtentry$$0000000A  c_w.l(__rtentry2.o)
    0x080002c2   0x080002c2   0x00000000   Code   RO         3125    .ARM.Collect$$rtentry$$0000000C  c_w.l(__rtentry2.o)
    0x080002c2   0x080002c2   0x00000008   Code   RO         3126    .ARM.Collect$$rtentry$$0000000D  c_w.l(__rtentry2.o)
    0x080002ca   0x080002ca   0x00000002   Code   RO         3256    .ARM.Collect$$rtexit$$00000000  c_w.l(rtexit.o)
    0x080002cc   0x080002cc   0x00000000   Code   RO         3292    .ARM.Collect$$rtexit$$00000002  c_w.l(rtexit2.o)
    0x080002cc   0x080002cc   0x00000004   Code   RO         3293    .ARM.Collect$$rtexit$$00000003  c_w.l(rtexit2.o)
    0x080002d0   0x080002d0   0x00000006   Code   RO         3294    .ARM.Collect$$rtexit$$00000004  c_w.l(rtexit2.o)
    0x080002d6   0x080002d6   0x00000002   PAD
    0x080002d8   0x080002d8   0x00000040   Code   RO          666    .text               startup_stm32f40_41xxx.o
    0x08000318   0x08000318   0x00000002   Code   RO         2743    .text               c_w.l(use_no_semi_2.o)
    0x0800031a   0x0800031a   0x00000002   PAD
    0x0800031c   0x0800031c   0x00000018   Code   RO         2807    .text               c_w.l(printf.o)
    0x08000334   0x08000334   0x0000008a   Code   RO         2817    .text               c_w.l(rt_memcpy_v6.o)
    0x080003be   0x080003be   0x00000064   Code   RO         2819    .text               c_w.l(rt_memcpy_w.o)
    0x08000422   0x08000422   0x00000010   Code   RO         2821    .text               c_w.l(aeabi_memset4.o)
    0x08000432   0x08000432   0x0000004e   Code   RO         2825    .text               c_w.l(rt_memclr_w.o)
    0x08000480   0x08000480   0x00000006   Code   RO         2827    .text               c_w.l(heapauxi.o)
    0x08000486   0x08000486   0x00000002   PAD
    0x08000488   0x08000488   0x00000024   Code   RO         2834    .text               c_w.l(init_aeabi.o)
    0x080004ac   0x080004ac   0x00000002   Code   RO         2889    .text               c_w.l(use_no_semi.o)
    0x080004ae   0x080004ae   0x00000016   Code   RO         2923    .text               c_w.l(_rserrno.o)
    0x080004c4   0x080004c4   0x0000004e   Code   RO         2927    .text               c_w.l(_printf_pad.o)
    0x08000512   0x08000512   0x00000024   Code   RO         2929    .text               c_w.l(_printf_truncate.o)
    0x08000536   0x08000536   0x00000052   Code   RO         2931    .text               c_w.l(_printf_str.o)
    0x08000588   0x08000588   0x00000078   Code   RO         2933    .text               c_w.l(_printf_dec.o)
    0x08000600   0x08000600   0x00000028   Code   RO         2935    .text               c_w.l(_printf_charcount.o)
    0x08000628   0x08000628   0x00000030   Code   RO         2937    .text               c_w.l(_printf_char_common.o)
    0x08000658   0x08000658   0x00000024   Code   RO         2941    .text               c_w.l(_printf_char_file.o)
    0x0800067c   0x0800067c   0x000000bc   Code   RO         2943    .text               c_w.l(_printf_wctomb.o)
    0x08000738   0x08000738   0x0000007c   Code   RO         2946    .text               c_w.l(_printf_longlong_dec.o)
    0x080007b4   0x080007b4   0x00000070   Code   RO         2952    .text               c_w.l(_printf_oct_int_ll.o)
    0x08000824   0x08000824   0x00000094   Code   RO         2972    .text               c_w.l(_printf_hex_int_ll_ptr.o)
    0x080008b8   0x080008b8   0x00000188   Code   RO         2992    .text               c_w.l(__printf_flags_ss_wp.o)
    0x08000a40   0x08000a40   0x00000008   Code   RO         3116    .text               c_w.l(libspace.o)
    0x08000a48   0x08000a48   0x00000008   Code   RO         3137    .text               c_w.l(rt_errno_addr_intlibspace.o)
    0x08000a50   0x08000a50   0x0000008a   Code   RO         3147    .text               c_w.l(lludiv10.o)
    0x08000ada   0x08000ada   0x000000b2   Code   RO         3149    .text               c_w.l(_printf_intcommon.o)
    0x08000b8c   0x08000b8c   0x0000041c   Code   RO         3151    .text               c_w.l(_printf_fp_dec.o)
    0x08000fa8   0x08000fa8   0x000002fc   Code   RO         3155    .text               c_w.l(_printf_fp_hex.o)
    0x080012a4   0x080012a4   0x0000002c   Code   RO         3160    .text               c_w.l(_printf_char.o)
    0x080012d0   0x080012d0   0x0000002c   Code   RO         3162    .text               c_w.l(_printf_wchar.o)
    0x080012fc   0x080012fc   0x00000008   Code   RO         3165    .text               c_w.l(ferror.o)
    0x08001304   0x08001304   0x00000048   Code   RO         3169    .text               c_w.l(_c16rtomb.o)
    0x0800134c   0x0800134c   0x00000016   Code   RO         3171    .text               c_w.l(abort.o)
    0x08001362   0x08001362   0x0000004a   Code   RO         3187    .text               c_w.l(sys_stackheap_outer.o)
    0x080013ac   0x080013ac   0x00000010   Code   RO         3189    .text               c_w.l(rt_ctype_table.o)
    0x080013bc   0x080013bc   0x00000008   Code   RO         3196    .text               c_w.l(rt_locale_intlibspace.o)
    0x080013c4   0x080013c4   0x00000080   Code   RO         3200    .text               c_w.l(_printf_fp_infnan.o)
    0x08001444   0x08001444   0x000000e4   Code   RO         3202    .text               c_w.l(bigflt0.o)
    0x08001528   0x08001528   0x00000012   Code   RO         3232    .text               c_w.l(exit.o)
    0x0800153a   0x0800153a   0x0000000a   Code   RO         3234    .text               c_w.l(defsig_exit.o)
    0x08001544   0x08001544   0x0000000e   Code   RO         3236    .text               c_w.l(defsig_abrt_outer.o)
    0x08001552   0x08001552   0x00000032   Code   RO         3269    .text               c_w.l(defsig_general.o)
    0x08001584   0x08001584   0x00000030   Code   RO         3271    .text               c_w.l(defsig_abrt_inner.o)
    0x080015b4   0x080015b4   0x00000004   PAD
    0x080015b8   0x080015b8   0x0000007c   Code   RO         3273    .text               c_w.l(strcmpv7em.o)
    0x08001634   0x08001634   0x0000003a   Code   RO          378    .text.BMI088_init   bmi088driver.o
    0x0800166e   0x0800166e   0x00000002   PAD
    0x08001670   0x08001670   0x000001c6   Code   RO          388    .text.BMI088_read   bmi088driver.o
    0x08001836   0x08001836   0x00000002   PAD
    0x08001838   0x08001838   0x00000004   Code   RO           24    .text.BusFault_Handler  stm32f4xx_it.o
    0x0800183c   0x0800183c   0x00000106   Code   RO          597    .text.CAN1_Init     can.o
    0x08001942   0x08001942   0x00000006   PAD
    0x08001948   0x08001948   0x00000220   Code   RO          225    .text.CAN1_RX0_IRQHandler  encoder.o
    0x08001b68   0x08001b68   0x00000100   Code   RO          599    .text.CAN2_Init     can.o
    0x08001c68   0x08001c68   0x00000180   Code   RO          227    .text.CAN2_RX0_IRQHandler  encoder.o
    0x08001de8   0x08001de8   0x000000ee   Code   RO          820    .text.CAN_ClearITPendingBit  stm32f4xx_can.o
    0x08001ed6   0x08001ed6   0x00000002   PAD
    0x08001ed8   0x08001ed8   0x00000046   Code   RO          772    .text.CAN_DeInit    stm32f4xx_can.o
    0x08001f1e   0x08001f1e   0x00000002   PAD
    0x08001f20   0x08001f20   0x0000015a   Code   RO          776    .text.CAN_FilterInit  stm32f4xx_can.o
    0x0800207a   0x0800207a   0x00000002   PAD
    0x0800207c   0x0800207c   0x0000019c   Code   RO          816    .text.CAN_GetITStatus  stm32f4xx_can.o
    0x08002218   0x08002218   0x0000002e   Code   RO          810    .text.CAN_ITConfig  stm32f4xx_can.o
    0x08002246   0x08002246   0x00000002   PAD
    0x08002248   0x08002248   0x000001b6   Code   RO          774    .text.CAN_Init      stm32f4xx_can.o
    0x080023fe   0x080023fe   0x00000002   PAD
    0x08002400   0x08002400   0x00000154   Code   RO          792    .text.CAN_Receive   stm32f4xx_can.o
    0x08002554   0x08002554   0x0000003c   Code   RO          778    .text.CAN_StructInit  stm32f4xx_can.o
    0x08002590   0x08002590   0x00000142   Code   RO          786    .text.CAN_Transmit  stm32f4xx_can.o
    0x080026d2   0x080026d2   0x00000002   PAD
    0x080026d4   0x080026d4   0x0000002e   Code   RO          818    .text.CheckITStatus  stm32f4xx_can.o
    0x08002702   0x08002702   0x00000002   PAD
    0x08002704   0x08002704   0x0000001a   Code   RO          561    .text.ConfigureTimeForRunTimeStats  timer.o
    0x0800271e   0x0800271e   0x00000002   PAD
    0x08002720   0x08002720   0x00000058   Code   RO          300    .text.DMA2_Stream2_IRQHandler  visioncom.o
    0x08002778   0x08002778   0x00000062   Code   RO         1059    .text.DMA_ClearFlag  stm32f4xx_dma.o
    0x080027da   0x080027da   0x00000002   PAD
    0x080027dc   0x080027dc   0x00000062   Code   RO         1065    .text.DMA_ClearITPendingBit  stm32f4xx_dma.o
    0x0800283e   0x0800283e   0x00000002   PAD
    0x08002840   0x08002840   0x0000002c   Code   RO         1035    .text.DMA_Cmd       stm32f4xx_dma.o
    0x0800286c   0x0800286c   0x00000258   Code   RO         1029    .text.DMA_DeInit    stm32f4xx_dma.o
    0x08002ac4   0x08002ac4   0x0000002c   Code   RO         1047    .text.DMA_DoubleBufferModeCmd  stm32f4xx_dma.o
    0x08002af0   0x08002af0   0x00000030   Code   RO         1045    .text.DMA_DoubleBufferModeConfig  stm32f4xx_dma.o
    0x08002b20   0x08002b20   0x0000002c   Code   RO         1053    .text.DMA_GetCmdStatus  stm32f4xx_dma.o
    0x08002b4c   0x08002b4c   0x0000000e   Code   RO         1043    .text.DMA_GetCurrDataCounter  stm32f4xx_dma.o
    0x08002b5a   0x08002b5a   0x00000002   PAD
    0x08002b5c   0x08002b5c   0x00000026   Code   RO         1051    .text.DMA_GetCurrentMemoryTarget  stm32f4xx_dma.o
    0x08002b82   0x08002b82   0x00000002   PAD
    0x08002b84   0x08002b84   0x00000082   Code   RO         1057    .text.DMA_GetFlagStatus  stm32f4xx_dma.o
    0x08002c06   0x08002c06   0x00000002   PAD
    0x08002c08   0x08002c08   0x000000bc   Code   RO         1063    .text.DMA_GetITStatus  stm32f4xx_dma.o
    0x08002cc4   0x08002cc4   0x00000072   Code   RO         1061    .text.DMA_ITConfig  stm32f4xx_dma.o
    0x08002d36   0x08002d36   0x00000002   PAD
    0x08002d38   0x08002d38   0x00000094   Code   RO         1031    .text.DMA_Init      stm32f4xx_dma.o
    0x08002dcc   0x08002dcc   0x00000014   Code   RO         1041    .text.DMA_SetCurrDataCounter  stm32f4xx_dma.o
    0x08002de0   0x08002de0   0x00000002   Code   RO           28    .text.DebugMon_Handler  stm32f4xx_it.o
    0x08002de2   0x08002de2   0x00000002   PAD
    0x08002de4   0x08002de4   0x00000016   Code   RO          518    .text.EXTI4_IRQHandler  spi.o
    0x08002dfa   0x08002dfa   0x00000002   PAD
    0x08002dfc   0x08002dfc   0x00000016   Code   RO          520    .text.EXTI9_5_IRQHandler  spi.o
    0x08002e12   0x08002e12   0x00000002   PAD
    0x08002e14   0x08002e14   0x00000014   Code   RO         1134    .text.EXTI_ClearITPendingBit  stm32f4xx_exti.o
    0x08002e28   0x08002e28   0x00000034   Code   RO         1132    .text.EXTI_GetITStatus  stm32f4xx_exti.o
    0x08002e5c   0x08002e5c   0x000000ea   Code   RO         1122    .text.EXTI_Init     stm32f4xx_exti.o
    0x08002f46   0x08002f46   0x00000002   PAD
    0x08002f48   0x08002f48   0x000000f6   Code   RO         1287    .text.GPIO_Init     stm32f4xx_gpio.o
    0x0800303e   0x0800303e   0x00000002   PAD
    0x08003040   0x08003040   0x00000072   Code   RO         1311    .text.GPIO_PinAFConfig  stm32f4xx_gpio.o
    0x080030b2   0x080030b2   0x00000002   PAD
    0x080030b4   0x080030b4   0x00000014   Code   RO         1301    .text.GPIO_SetBits  stm32f4xx_gpio.o
    0x080030c8   0x080030c8   0x0000002c   Code   RO         1305    .text.GPIO_WriteBit  stm32f4xx_gpio.o
    0x080030f4   0x080030f4   0x00000004   Code   RO           20    .text.HardFault_Handler  stm32f4xx_it.o
    0x080030f8   0x080030f8   0x00000004   Code   RO           22    .text.MemManage_Handler  stm32f4xx_it.o
    0x080030fc   0x080030fc   0x00000002   Code   RO           18    .text.NMI_Handler   stm32f4xx_it.o
    0x080030fe   0x080030fe   0x00000002   PAD
    0x08003100   0x08003100   0x000000ce   Code   RO          674    .text.NVIC_Init     misc.o
    0x080031ce   0x080031ce   0x00000002   PAD
    0x080031d0   0x080031d0   0x0000001c   Code   RO          672    .text.NVIC_PriorityGroupConfig  misc.o
    0x080031ec   0x080031ec   0x00000004   PAD
    0x080031f0   0x080031f0   0x00000064   Code   RO         2699    .text.PendSV_Handler  port.o
    0x08003254   0x08003254   0x00000038   Code   RO         1656    .text.RCC_AHB1PeriphClockCmd  stm32f4xx_rcc.o
    0x0800328c   0x0800328c   0x00000038   Code   RO         1662    .text.RCC_APB1PeriphClockCmd  stm32f4xx_rcc.o
    0x080032c4   0x080032c4   0x00000038   Code   RO         1672    .text.RCC_APB1PeriphResetCmd  stm32f4xx_rcc.o
    0x080032fc   0x080032fc   0x00000038   Code   RO         1664    .text.RCC_APB2PeriphClockCmd  stm32f4xx_rcc.o
    0x08003334   0x08003334   0x00000038   Code   RO         1674    .text.RCC_APB2PeriphResetCmd  stm32f4xx_rcc.o
    0x0800336c   0x0800336c   0x00000162   Code   RO         1634    .text.RCC_GetClocksFreq  stm32f4xx_rcc.o
    0x080034ce   0x080034ce   0x00000002   PAD
    0x080034d0   0x080034d0   0x000000c6   Code   RO          339    .text.RC_DataProcess  dbus.o
    0x08003596   0x08003596   0x00000002   PAD
    0x08003598   0x08003598   0x00000016   Code   RO          343    .text.RC_Dbus_Init  dbus.o
    0x080035ae   0x080035ae   0x00000002   PAD
    0x080035b0   0x080035b0   0x0000013a   Code   RO          516    .text.SPI1_Init     spi.o
    0x080036ea   0x080036ea   0x00000002   PAD
    0x080036ec   0x080036ec   0x0000002c   Code   RO         1983    .text.SPI_Cmd       stm32f4xx_spi.o
    0x08003718   0x08003718   0x00000036   Code   RO         2015    .text.SPI_I2S_GetFlagStatus  stm32f4xx_spi.o
    0x0800374e   0x0800374e   0x00000002   PAD
    0x08003750   0x08003750   0x0000000c   Code   RO         1999    .text.SPI_I2S_ReceiveData  stm32f4xx_spi.o
    0x0800375c   0x0800375c   0x00000014   Code   RO         2001    .text.SPI_I2S_SendData  stm32f4xx_spi.o
    0x08003770   0x08003770   0x00000068   Code   RO         1975    .text.SPI_Init      stm32f4xx_spi.o
    0x080037d8   0x080037d8   0x00000008   PAD
    0x080037e0   0x080037e0   0x00000024   Code   RO         2683    .text.SVC_Handler   port.o
    0x08003804   0x08003804   0x00000056   Code   RO         2036    .text.SYSCFG_EXTILineConfig  stm32f4xx_syscfg.o
    0x0800385a   0x0800385a   0x00000002   PAD
    0x0800385c   0x0800385c   0x00000138   Code   RO           42    .text.SetSysClock   system_stm32f4xx.o
    0x08003994   0x08003994   0x00000034   Code   RO          680    .text.SysTick_CLKSourceConfig  misc.o
    0x080039c8   0x080039c8   0x00000054   Code   RO           30    .text.SysTick_Handler  stm32f4xx_it.o
    0x08003a1c   0x08003a1c   0x00000074   Code   RO           40    .text.SystemInit    system_stm32f4xx.o
    0x08003a90   0x08003a90   0x00000036   Code   RO          565    .text.TIM2_IRQHandler  timer.o
    0x08003ac6   0x08003ac6   0x00000002   PAD
    0x08003ac8   0x08003ac8   0x0000002c   Code   RO         2073    .text.TIM_ARRPreloadConfig  stm32f4xx_tim.o
    0x08003af4   0x08003af4   0x00000016   Code   RO         2201    .text.TIM_ClearITPendingBit  stm32f4xx_tim.o
    0x08003b0a   0x08003b0a   0x00000002   PAD
    0x08003b0c   0x08003b0c   0x0000002c   Code   RO         2079    .text.TIM_Cmd       stm32f4xx_tim.o
    0x08003b38   0x08003b38   0x0000005a   Code   RO         2199    .text.TIM_GetITStatus  stm32f4xx_tim.o
    0x08003b92   0x08003b92   0x00000002   PAD
    0x08003b94   0x08003b94   0x00000034   Code   RO         2191    .text.TIM_ITConfig  stm32f4xx_tim.o
    0x08003bc8   0x08003bc8   0x00000130   Code   RO         2081    .text.TIM_OC1Init   stm32f4xx_tim.o
    0x08003cf8   0x08003cf8   0x0000003c   Code   RO         2109    .text.TIM_OC1PreloadConfig  stm32f4xx_tim.o
    0x08003d34   0x08003d34   0x0000010e   Code   RO         2053    .text.TIM_TimeBaseInit  stm32f4xx_tim.o
    0x08003e42   0x08003e42   0x00000002   PAD
    0x08003e44   0x08003e44   0x00000126   Code   RO          304    .text.USART1_IRQHandler  visioncom.o
    0x08003f6a   0x08003f6a   0x00000002   PAD
    0x08003f6c   0x08003f6c   0x0000010a   Code   RO          345    .text.USART3_IRQHandler  dbus.o
    0x08004076   0x08004076   0x00000002   PAD
    0x08004078   0x08004078   0x00000024   Code   RO         2294    .text.USART_ClearFlag  stm32f4xx_usart.o
    0x0800409c   0x0800409c   0x0000002c   Code   RO         2252    .text.USART_Cmd     stm32f4xx_usart.o
    0x080040c8   0x080040c8   0x00000034   Code   RO         2288    .text.USART_DMACmd  stm32f4xx_usart.o
    0x080040fc   0x080040fc   0x00000144   Code   RO         2242    .text.USART_DeInit  stm32f4xx_usart.o
    0x08004240   0x08004240   0x000000b0   Code   RO         2296    .text.USART_GetITStatus  stm32f4xx_usart.o
    0x080042f0   0x080042f0   0x00000092   Code   RO         2290    .text.USART_ITConfig  stm32f4xx_usart.o
    0x08004382   0x08004382   0x00000002   PAD
    0x08004384   0x08004384   0x00000162   Code   RO         2244    .text.USART_Init    stm32f4xx_usart.o
    0x080044e6   0x080044e6   0x00000002   PAD
    0x080044e8   0x080044e8   0x00000010   Code   RO         2262    .text.USART_ReceiveData  stm32f4xx_usart.o
    0x080044f8   0x080044f8   0x00000004   Code   RO           26    .text.UsageFault_Handler  stm32f4xx_it.o
    0x080044fc   0x080044fc   0x00000024   Code   RO          124    .text._GLOBAL__sub_I_GimbalTask.cpp  gimbaltask.o
    0x08004520   0x08004520   0x00000008   Code   RO          235    .text._GLOBAL__sub_I_encoder.cpp  encoder.o
    0x08004528   0x08004528   0x00000008   Code   RO          364    .text._GLOBAL__sub_I_gm2ch.cpp  gm2ch.o
    0x08004530   0x08004530   0x0000002a   Code   RO          201    .text._Z10Debug_TaskPv  debugtask.o
    0x0800455a   0x0800455a   0x00000002   PAD
    0x0800455c   0x0800455c   0x000000cc   Code   RO          158    .text._Z10Start_TaskPv  starttask.o
    0x08004628   0x08004628   0x00000404   Code   RO          110    .text._Z11Gimbal_TaskPv  gimbaltask.o
    0x08004a2c   0x08004a2c   0x000000ac   Code   RO          440    .text._Z11IMU_KalInitP8KalMan_t  imu.o
    0x08004ad8   0x08004ad8   0x0000053a   Code   RO          448    .text._Z11Kalman_CalcP8KalMan_tfff  imu.o
    0x08005012   0x08005012   0x00000002   PAD
    0x08005014   0x08005014   0x000000be   Code   RO          553    .text._Z11USART6_Initj  usart6.o
    0x080050d2   0x080050d2   0x00000002   PAD
    0x080050d4   0x080050d4   0x0000017c   Code   RO          302    .text._Z11slovePacketPh  visioncom.o
    0x08005250   0x08005250   0x00000034   Code   RO           63    .text._Z11sysTickInitv  sys.o
    0x08005284   0x08005284   0x000000b4   Code   RO          514    .text._Z12SPI_TIM_Initv  spi.o
    0x08005338   0x08005338   0x0000001c   Code   RO           79    .text._Z12boardALLInitv  sys.o
    0x08005354   0x08005354   0x0000005e   Code   RO           67    .text._Z12getSysTimeUsv  sys.o
    0x080053b2   0x080053b2   0x00000002   PAD
    0x080053b4   0x080053b4   0x00000112   Code   RO          512    .text._Z13SPI_GPIO_Initv  spi.o
    0x080054c6   0x080054c6   0x00000002   PAD
    0x080054c8   0x080054c8   0x000000a4   Code   RO          438    .text._Z14IMUOffset_Initv  imu.o
    0x0800556c   0x0800556c   0x00000002   Code   RO          405    .text._Z15BMI088_com_initv  bmi088middleware.o
    0x0800556e   0x0800556e   0x00000002   PAD
    0x08005570   0x08005570   0x00000026   Code   RO          407    .text._Z15BMI088_delay_mst  bmi088middleware.o
    0x08005596   0x08005596   0x00000002   PAD
    0x08005598   0x08005598   0x00000046   Code   RO          409    .text._Z15BMI088_delay_ust  bmi088middleware.o
    0x080055de   0x080055de   0x00000002   PAD
    0x080055e0   0x080055e0   0x0000002a   Code   RO          112    .text._Z15GMCtrlSetTarget13eGMWhichMotorf  gimbaltask.o
    0x0800560a   0x0800560a   0x00000002   PAD
    0x0800560c   0x0800560c   0x0000049a   Code   RO          122    .text._Z15MotorDebugPrint13eGMWhichMotor  gimbaltask.o
    0x08005aa6   0x08005aa6   0x00000002   PAD
    0x08005aa8   0x08005aa8   0x00000002   Code   RO          403    .text._Z16BMI088_GPIO_initv  bmi088middleware.o
    0x08005aaa   0x08005aaa   0x00000002   PAD
    0x08005aac   0x08005aac   0x00000014   Code   RO          417    .text._Z16BMI088_GYRO_NS_Hv  bmi088middleware.o
    0x08005ac0   0x08005ac0   0x00000014   Code   RO          415    .text._Z16BMI088_GYRO_NS_Lv  bmi088middleware.o
    0x08005ad4   0x08005ad4   0x00000012   Code   RO          413    .text._Z17BMI088_ACCEL_NS_Hv  bmi088middleware.o
    0x08005ae6   0x08005ae6   0x00000002   PAD
    0x08005ae8   0x08005ae8   0x00000012   Code   RO          411    .text._Z17BMI088_ACCEL_NS_Lv  bmi088middleware.o
    0x08005afa   0x08005afa   0x00000002   PAD
    0x08005afc   0x08005afc   0x00000024   Code   RO          231    .text._Z17getMotorApplyInfo13eGMWhichMotor  encoder.o
    0x08005b20   0x08005b20   0x00000024   Code   RO          229    .text._Z18getMotorMsgFromCan13eGMWhichMotor  encoder.o
    0x08005b44   0x08005b44   0x0000000a   Code   RO          298    .text._Z18getSendPackBuff_U1v  visioncom.o
    0x08005b4e   0x08005b4e   0x00000002   PAD
    0x08005b50   0x08005b50   0x00000074   Code   RO          114    .text._Z19sendRCInfoToChassisP14RC_CtrlTypeDefi  gimbaltask.o
    0x08005bc4   0x08005bc4   0x0000011c   Code   RO          269    .text._Z20SendMotorCtrlCurrentP10cMotorCtrl  control.o
    0x08005ce0   0x08005ce0   0x000001e0   Code   RO          296    .text._Z21VISION_COM_Usart_Initj  visioncom.o
    0x08005ec0   0x08005ec0   0x00000056   Code   RO          419    .text._Z22BMI088_read_write_byteh  bmi088middleware.o
    0x08005f16   0x08005f16   0x00000002   PAD
    0x08005f18   0x08005f18   0x00000094   Code   RO          294    .text._Z25VISION_COM_UsartGPIO_initv  visioncom.o
    0x08005fac   0x08005fac   0x00000016   Code   RO           75    .text._Z7delayMsj   sys.o
    0x08005fc2   0x08005fc2   0x00000002   PAD
    0x08005fc4   0x08005fc4   0x000000a0   Code   RO           73    .text._Z7delayUsj   sys.o
    0x08006064   0x08006064   0x0000001c   Code   RO          150    .text._Z8Imu_TaskPv  imutask.o
    0x08006080   0x08006080   0x00000068   Code   RO          544    .text._Z8Led_TaskPv  led.o
    0x080060e8   0x080060e8   0x000000dc   Code   RO          442    .text._Z8imu_mainv  imu.o
    0x080061c4   0x080061c4   0x0000020c   Code   RO          337    .text._Z9RC_DeInitPhS_t  dbus.o
    0x080063d0   0x080063d0   0x00000078   Code   RO          436    .text._ZL12imu_get_datav  imu.o
    0x08006448   0x08006448   0x00000052   Code   RO           65    .text._ZL14SysTick_Configj  sys.o
    0x0800649a   0x0800649a   0x00000002   PAD
    0x0800649c   0x0800649c   0x00000042   Code   RO           81    .text._ZL18__NVIC_SetPriority4IRQnj  sys.o
    0x080064de   0x080064de   0x00000002   PAD
    0x080064e0   0x080064e0   0x00000920   Code   RO          444    .text._ZL18mahony_ahrs_updatePK13imu_ripdata_t  imu.o
    0x08006e00   0x08006e00   0x000002a0   Code   RO          446    .text._ZL19IMU_getYawPitchRollP16attitude_angle_t  imu.o
    0x080070a0   0x080070a0   0x00000044   Code   RO          390    .text._ZL20BMI088_read_muli_reghPhh  bmi088driver.o
    0x080070e4   0x080070e4   0x0000033c   Code   RO          462    .text._ZL21accel_low_pass_filterP13imu_ripdata_t  imu.o
    0x08007420   0x08007420   0x0000057c   Code   RO          464    .text._ZL21mahony_ahrs_updateIMUPK13imu_ripdata_t  imu.o
    0x0800799c   0x0800799c   0x00000024   Code   RO          386    .text._ZL22BMI088_read_single_reghPh  bmi088driver.o
    0x080079c0   0x080079c0   0x00000020   Code   RO          384    .text._ZL23BMI088_write_single_reghh  bmi088driver.o
    0x080079e0   0x080079e0   0x0000005a   Code   RO          466    .text._ZL7invSqrtf  imu.o
    0x08007a3a   0x08007a3a   0x00000002   PAD
    0x08007a3c   0x08007a3c   0x0000006e   Code   RO          563    .text._ZL9TIM2_Inittt  timer.o
    0x08007aaa   0x08007aaa   0x00000002   PAD
    0x08007aac   0x08007aac   0x00000078   Code   RO          257    .text._ZN10cMotorCtrl10getCtrlCurEv  control.o
    0x08007b24   0x08007b24   0x000000f2   Code   RO          259    .text._ZN10cMotorCtrl11curOutLimitEf  control.o
    0x08007c16   0x08007c16   0x00000002   PAD
    0x08007c18   0x08007c18   0x00000034   Code   RO          255    .text._ZN10cMotorCtrl15getSpeedCtrlOutEv  control.o
    0x08007c4c   0x08007c4c   0x00000044   Code   RO          263    .text._ZN10cMotorCtrl9setTargetEf  control.o
    0x08007c90   0x08007c90   0x0000008c   Code   RO          253    .text._ZN10cMotorCtrlC2E13eGMWhichMotor9eCtrlTypeR11sGeneralPID  control.o
    0x08007d1c   0x08007d1c   0x000000e0   Code   RO          251    .text._ZN10cMotorCtrlC2E13eGMWhichMotor9eCtrlTypeR11sGeneralPIDS3_  control.o
    0x08007dfc   0x08007dfc   0x0000001e   Code   RO          209    .text._ZN10sJudegeMsgC2Ev  debugtask.o
    0x08007e1a   0x08007e1a   0x00000002   PAD
    0x08007e1c   0x08007e1c   0x00000062   Code   RO          145    .text._ZN11sGeneralPIDC2Efffffff14ePID_RampState  gimbaltask.o
    0x08007e7e   0x08007e7e   0x00000002   PAD
    0x08007e80   0x08007e80   0x00000062   Code   RO          147    .text._ZN11sGeneralPIDC2Efffffff14ePID_RampStatef  gimbaltask.o
    0x08007ee2   0x08007ee2   0x00000002   PAD
    0x08007ee4   0x08007ee4   0x00000016   Code   RO          640    .text._ZN11sGeneralPIDC2Ev  pid.o
    0x08007efa   0x08007efa   0x00000002   PAD
    0x08007efc   0x08007efc   0x00000014   Code   RO          661    .text._ZN12sGetAngelAllC2Ev  motormsg.o
    0x08007f10   0x08007f10   0x0000003e   Code   RO          540    .text._ZN3LED17LED_ConfigurationEv  led.o
    0x08007f4e   0x08007f4e   0x00000002   PAD
    0x08007f50   0x08007f50   0x00000030   Code   RO          542    .text._ZN3LED8LED_InitEv  led.o
    0x08007f80   0x08007f80   0x0000019e   Code   RO          616    .text._ZN4cPID11updateParamEf  pid.o
    0x0800811e   0x0800811e   0x00000002   PAD
    0x08008120   0x08008120   0x0000000a   Code   RO          628    .text._ZN4cPID12getPIDStructEv  pid.o
    0x0800812a   0x0800812a   0x00000002   PAD
    0x0800812c   0x0800812c   0x00000018   Code   RO          622    .text._ZN4cPID17setTargetWithRampEf  pid.o
    0x08008144   0x08008144   0x00000018   Code   RO          620    .text._ZN4cPID20setTargetWithoutRampEf  pid.o
    0x0800815c   0x0800815c   0x00000100   Code   RO          618    .text._ZN4cPID9calculateEv  pid.o
    0x0800825c   0x0800825c   0x0000003a   Code   RO          612    .text._ZN4cPIDC2E11sGeneralPID  pid.o
    0x08008296   0x08008296   0x00000002   PAD
    0x08008298   0x08008298   0x0000001c   Code   RO          614    .text._ZN4cPIDC2Ev  pid.o
    0x080082b4   0x080082b4   0x0000000c   Code   RO          649    .text._ZN9cMotorMsg11getMotorMSGEv  motormsg.o
    0x080082c0   0x080082c0   0x0000002e   Code   RO          653    .text._ZN9cMotorMsg11setMotorMsgE9sMotorMsg  motormsg.o
    0x080082ee   0x080082ee   0x00000002   PAD
    0x080082f0   0x080082f0   0x0000000a   Code   RO          651    .text._ZN9cMotorMsg12getApplyInfoEv  motormsg.o
    0x080082fa   0x080082fa   0x00000006   PAD
    0x08008300   0x08008300   0x00000120   Code   RO          645    .text._ZN9cMotorMsg16getContinueAngelEff  motormsg.o
    0x08008420   0x08008420   0x0000003c   Code   RO          647    .text._ZN9cMotorMsg19allAngelRecoderLoopEv  motormsg.o
    0x0800845c   0x0800845c   0x00000166   Code   RO          643    .text._ZN9cMotorMsgC2E13eGMWhichMotor5eCanX6eCanID10eMotorType  motormsg.o
    0x080085c2   0x080085c2   0x00000002   PAD
    0x080085c4   0x080085c4   0x00000014   Code   RO          248    .text._ZN9sMotorMsgC2Ev  encoder.o
    0x080085d8   0x080085d8   0x00000044   Code   RO           94    .text.__cxx_global_var_init  gimbaltask.o
    0x0800861c   0x0800861c   0x00000074   Code   RO          223    .text.__cxx_global_var_init  encoder.o
    0x08008690   0x08008690   0x00000010   Code   RO          356    .text.__cxx_global_var_init  gm2ch.o
    0x080086a0   0x080086a0   0x00000044   Code   RO           96    .text.__cxx_global_var_init.1  gimbaltask.o
    0x080086e4   0x080086e4   0x00000048   Code   RO           98    .text.__cxx_global_var_init.2  gimbaltask.o
    0x0800872c   0x0800872c   0x00000040   Code   RO          100    .text.__cxx_global_var_init.3  gimbaltask.o
    0x0800876c   0x0800876c   0x00000048   Code   RO          102    .text.__cxx_global_var_init.4  gimbaltask.o
    0x080087b4   0x080087b4   0x0000004c   Code   RO          104    .text.__cxx_global_var_init.5  gimbaltask.o
    0x08008800   0x08008800   0x0000004c   Code   RO          106    .text.__cxx_global_var_init.6  gimbaltask.o
    0x0800884c   0x0800884c   0x00000094   Code   RO          108    .text.__cxx_global_var_init.7  gimbaltask.o
    0x080088e0   0x080088e0   0x00000008   Code   RO          288    .text._sys_exit     visioncom.o
    0x080088e8   0x080088e8   0x00000008   Code   RO          290    .text._ttywrch      visioncom.o
    0x080088f0   0x080088f0   0x00000004   Code   RO         3093    .text.abort_message  libcppabi_w.l(abort_message.cpp.o)
    0x080088f4   0x080088f4   0x0000018e   Code   RO          380    .text.bmi088_accel_init  bmi088driver.o
    0x08008a82   0x08008a82   0x00000002   PAD
    0x08008a84   0x08008a84   0x00000146   Code   RO          382    .text.bmi088_gyro_init  bmi088driver.o
    0x08008bca   0x08008bca   0x00000002   PAD
    0x08008bcc   0x08008bcc   0x00000030   Code   RO          286    .text.fputc         visioncom.o
    0x08008bfc   0x08008bfc   0x0000000a   Code   RO          341    .text.getRCInfo     dbus.o
    0x08008c06   0x08008c06   0x00000002   PAD
    0x08008c08   0x08008c08   0x000000cc   Code   RO            6    .text.main          main.o
    0x08008cd4   0x08008cd4   0x000000f4   Code   RO         2481    .text.prvAddCurrentTaskToDelayedList  tasks.o
    0x08008dc8   0x08008dc8   0x00000116   Code   RO         2469    .text.prvAddNewTaskToReadyList  tasks.o
    0x08008ede   0x08008ede   0x00000002   PAD
    0x08008ee0   0x08008ee0   0x0000008c   Code   RO         2622    .text.prvCheckForValidListAndQueue  timers.o
    0x08008f6c   0x08008f6c   0x0000007e   Code   RO         2587    .text.prvCheckTasksWaitingTermination  tasks.o
    0x08008fea   0x08008fea   0x00000002   PAD
    0x08008fec   0x08008fec   0x00000042   Code   RO         2413    .text.prvCopyDataFromQueue  queue.o
    0x0800902e   0x0800902e   0x00000002   PAD
    0x08009030   0x08009030   0x000000cc   Code   RO         2401    .text.prvCopyDataToQueue  queue.o
    0x080090fc   0x080090fc   0x00000018   Code   RO         2473    .text.prvDeleteTCB  tasks.o
    0x08009114   0x08009114   0x00000040   Code   RO         2650    .text.prvGetNextExpireTime  timers.o
    0x08009154   0x08009154   0x000000bc   Code   RO         2717    .text.prvHeapInit   heap_4.o
    0x08009210   0x08009210   0x00000038   Code   RO         2507    .text.prvIdleTask   tasks.o
    0x08009248   0x08009248   0x0000004e   Code   RO         2385    .text.prvInitialiseNewQueue  queue.o
    0x08009296   0x08009296   0x00000002   PAD
    0x08009298   0x08009298   0x0000010c   Code   RO         2467    .text.prvInitialiseNewTask  tasks.o
    0x080093a4   0x080093a4   0x0000008e   Code   RO         2585    .text.prvInitialiseTaskLists  tasks.o
    0x08009432   0x08009432   0x00000002   PAD
    0x08009434   0x08009434   0x000000c6   Code   RO         2719    .text.prvInsertBlockIntoFreeList  heap_4.o
    0x080094fa   0x080094fa   0x00000002   PAD
    0x080094fc   0x080094fc   0x00000086   Code   RO         2662    .text.prvInsertTimerInActiveList  timers.o
    0x08009582   0x08009582   0x00000002   PAD
    0x08009584   0x08009584   0x00000028   Code   RO         2415    .text.prvIsQueueEmpty  queue.o
    0x080095ac   0x080095ac   0x0000002e   Code   RO         2405    .text.prvIsQueueFull  queue.o
    0x080095da   0x080095da   0x00000002   PAD
    0x080095dc   0x080095dc   0x000000aa   Code   RO         2403    .text.prvNotifyQueueSetContainer  queue.o
    0x08009686   0x08009686   0x00000002   PAD
    0x08009688   0x08009688   0x00000020   Code   RO         2691    .text.prvPortStartFirstTask  port.o
    0x080096a8   0x080096a8   0x00000074   Code   RO         2658    .text.prvProcessExpiredTimer  timers.o
    0x0800971c   0x0800971c   0x0000012a   Code   RO         2654    .text.prvProcessReceivedCommands  timers.o
    0x08009846   0x08009846   0x00000002   PAD
    0x08009848   0x08009848   0x0000009a   Code   RO         2652    .text.prvProcessTimerOrBlockTask  timers.o
    0x080098e2   0x080098e2   0x00000002   PAD
    0x080098e4   0x080098e4   0x00000046   Code   RO         2475    .text.prvResetNextTaskUnblockTime  tasks.o
    0x0800992a   0x0800992a   0x00000002   PAD
    0x0800992c   0x0800992c   0x00000044   Code   RO         2656    .text.prvSampleTimeNow  timers.o
    0x08009970   0x08009970   0x000000c8   Code   RO         2660    .text.prvSwitchTimerLists  timers.o
    0x08009a38   0x08009a38   0x00000036   Code   RO         2681    .text.prvTaskExitError  port.o
    0x08009a6e   0x08009a6e   0x00000002   PAD
    0x08009a70   0x08009a70   0x0000001e   Code   RO         2624    .text.prvTimerTask  timers.o
    0x08009a8e   0x08009a8e   0x00000002   PAD
    0x08009a90   0x08009a90   0x000000ce   Code   RO         2407    .text.prvUnlockQueue  queue.o
    0x08009b5e   0x08009b5e   0x00000002   PAD
    0x08009b60   0x08009b60   0x000001c6   Code   RO         2715    .text.pvPortMalloc  heap_4.o
    0x08009d26   0x08009d26   0x00000002   PAD
    0x08009d28   0x08009d28   0x0000002c   Code   RO         2571    .text.pvTaskIncrementMutexHeldCount  tasks.o
    0x08009d54   0x08009d54   0x0000005e   Code   RO         2679    .text.pxPortInitialiseStack  port.o
    0x08009db2   0x08009db2   0x00000002   PAD
    0x08009db4   0x08009db4   0x0000005c   Code   RO         2864    .text.unlikely.__cxa_guard_acquire  libcppabi_w.l(cxa_guard.cpp.o)
    0x08009e10   0x08009e10   0x00000008   Code   RO         2866    .text.unlikely.__cxa_guard_release  libcppabi_w.l(cxa_guard.cpp.o)
    0x08009e18   0x08009e18   0x00000048   Code   RO         2372    .text.uxListRemove  list.o
    0x08009e60   0x08009e60   0x0000002e   Code   RO         2364    .text.vListInitialise  list.o
    0x08009e8e   0x08009e8e   0x00000002   PAD
    0x08009e90   0x08009e90   0x0000000e   Code   RO         2366    .text.vListInitialiseItem  list.o
    0x08009e9e   0x08009e9e   0x00000002   PAD
    0x08009ea0   0x08009ea0   0x0000006a   Code   RO         2370    .text.vListInsert   list.o
    0x08009f0a   0x08009f0a   0x00000002   PAD
    0x08009f0c   0x08009f0c   0x0000003a   Code   RO         2368    .text.vListInsertEnd  list.o
    0x08009f46   0x08009f46   0x00000002   PAD
    0x08009f48   0x08009f48   0x00000014   Code   RO         2689    .text.vPortEnableVFP  port.o
    0x08009f5c   0x08009f5c   0x0000004e   Code   RO         2695    .text.vPortEnterCritical  port.o
    0x08009faa   0x08009faa   0x00000002   PAD
    0x08009fac   0x08009fac   0x00000042   Code   RO         2697    .text.vPortExitCritical  port.o
    0x08009fee   0x08009fee   0x00000002   PAD
    0x08009ff0   0x08009ff0   0x000000b0   Code   RO         2721    .text.vPortFree     heap_4.o
    0x0800a0a0   0x0800a0a0   0x00000036   Code   RO         2687    .text.vPortSetupTimerInterrupt  port.o
    0x0800a0d6   0x0800a0d6   0x00000002   PAD
    0x0800a0d8   0x0800a0d8   0x00000074   Code   RO         2703    .text.vPortValidateInterruptPriority  port.o
    0x0800a14c   0x0800a14c   0x00000052   Code   RO         2441    .text.vQueueAddToRegistry  queue.o
    0x0800a19e   0x0800a19e   0x00000002   PAD
    0x0800a1a0   0x0800a1a0   0x00000064   Code   RO         2445    .text.vQueueWaitForMessageRestricted  queue.o
    0x0800a204   0x0800a204   0x00000066   Code   RO         2485    .text.vTaskDelay    tasks.o
    0x0800a26a   0x0800a26a   0x00000002   PAD
    0x0800a26c   0x0800a26c   0x000000fc   Code   RO         2477    .text.vTaskDelayUntil  tasks.o
    0x0800a368   0x0800a368   0x0000014c   Code   RO         2471    .text.vTaskDelete   tasks.o
    0x0800a4b4   0x0800a4b4   0x0000000e   Code   RO         2541    .text.vTaskMissedYield  tasks.o
    0x0800a4c2   0x0800a4c2   0x00000002   PAD
    0x0800a4c4   0x0800a4c4   0x0000003a   Code   RO         2527    .text.vTaskPlaceOnEventList  tasks.o
    0x0800a4fe   0x0800a4fe   0x00000002   PAD
    0x0800a500   0x0800a500   0x0000004a   Code   RO         2531    .text.vTaskPlaceOnEventListRestricted  tasks.o
    0x0800a54a   0x0800a54a   0x00000002   PAD
    0x0800a54c   0x0800a54c   0x0000010c   Code   RO         2557    .text.vTaskPriorityInherit  tasks.o
    0x0800a658   0x0800a658   0x00000038   Code   RO         2537    .text.vTaskSetTimeOutState  tasks.o
    0x0800a690   0x0800a690   0x000000ac   Code   RO         2505    .text.vTaskStartScheduler  tasks.o
    0x0800a73c   0x0800a73c   0x00000010   Code   RO         2479    .text.vTaskSuspendAll  tasks.o
    0x0800a74c   0x0800a74c   0x0000011c   Code   RO         2497    .text.vTaskSwitchContext  tasks.o
    0x0800a868   0x0800a868   0x0000011c   Code   RO         2685    .text.xPortStartScheduler  port.o
    0x0800a984   0x0800a984   0x0000003c   Code   RO         2701    .text.xPortSysTickHandler  port.o
    0x0800a9c0   0x0800a9c0   0x0000006c   Code   RO         2383    .text.xQueueGenericCreate  queue.o
    0x0800aa2c   0x0800aa2c   0x00000240   Code   RO         2397    .text.xQueueGenericReceive  queue.o
    0x0800ac6c   0x0800ac6c   0x000000b2   Code   RO         2381    .text.xQueueGenericReset  queue.o
    0x0800ad1e   0x0800ad1e   0x00000002   PAD
    0x0800ad20   0x0800ad20   0x0000023e   Code   RO         2393    .text.xQueueGenericSend  queue.o
    0x0800af5e   0x0800af5e   0x00000002   PAD
    0x0800af60   0x0800af60   0x0000015a   Code   RO         2409    .text.xQueueGenericSendFromISR  queue.o
    0x0800b0ba   0x0800b0ba   0x00000002   PAD
    0x0800b0bc   0x0800b0bc   0x000000b8   Code   RO         2539    .text.xTaskCheckForTimeOut  tasks.o
    0x0800b174   0x0800b174   0x00000098   Code   RO         2465    .text.xTaskCreate   tasks.o
    0x0800b20c   0x0800b20c   0x00000038   Code   RO         2555    .text.xTaskGetSchedulerState  tasks.o
    0x0800b244   0x0800b244   0x00000014   Code   RO         2513    .text.xTaskGetTickCount  tasks.o
    0x0800b258   0x0800b258   0x000001b0   Code   RO         2511    .text.xTaskIncrementTick  tasks.o
    0x0800b408   0x0800b408   0x00000106   Code   RO         2559    .text.xTaskPriorityDisinherit  tasks.o
    0x0800b50e   0x0800b50e   0x00000002   PAD
    0x0800b510   0x0800b510   0x000000ba   Code   RO         2533    .text.xTaskRemoveFromEventList  tasks.o
    0x0800b5ca   0x0800b5ca   0x00000002   PAD
    0x0800b5cc   0x0800b5cc   0x00000170   Code   RO         2483    .text.xTaskResumeAll  tasks.o
    0x0800b73c   0x0800b73c   0x00000062   Code   RO         2620    .text.xTimerCreateTimerTask  timers.o
    0x0800b79e   0x0800b79e   0x00000002   PAD
    0x0800b7a0   0x0800b7a0   0x000000a8   Code   RO         2630    .text.xTimerGenericCommand  timers.o
    0x0800b848   0x0800b848   0x0000003e   Code   RO         3205    CL$$btod_d2e        c_w.l(btod.o)
    0x0800b886   0x0800b886   0x00000046   Code   RO         3207    CL$$btod_d2e_denorm_low  c_w.l(btod.o)
    0x0800b8cc   0x0800b8cc   0x00000060   Code   RO         3206    CL$$btod_d2e_norm_op1  c_w.l(btod.o)
    0x0800b92c   0x0800b92c   0x00000338   Code   RO         3215    CL$$btod_div_common  c_w.l(btod.o)
    0x0800bc64   0x0800bc64   0x000000dc   Code   RO         3212    CL$$btod_e2e        c_w.l(btod.o)
    0x0800bd40   0x0800bd40   0x0000002a   Code   RO         3209    CL$$btod_ediv       c_w.l(btod.o)
    0x0800bd6a   0x0800bd6a   0x0000002a   Code   RO         3208    CL$$btod_emul       c_w.l(btod.o)
    0x0800bd94   0x0800bd94   0x00000244   Code   RO         3214    CL$$btod_mult_common  c_w.l(btod.o)
    0x0800bfd8   0x0800bfd8   0x00000030   Code   RO         3254    i.__ARM_fpclassify  m_wm.l(fpclassify.o)
    0x0800c008   0x0800c008   0x00000026   Code   RO         3096    i.__ARM_fpclassifyf  m_wm.l(fpclassifyf.o)
    0x0800c02e   0x0800c02e   0x00000002   PAD
    0x0800c030   0x0800c030   0x0000012c   Code   RO         2871    i.__hardfp_asinf    m_wm.l(asinf.o)
    0x0800c15c   0x0800c15c   0x000002ac   Code   RO         2877    i.__hardfp_atan2f   m_wm.l(atan2f.o)
    0x0800c408   0x0800c408   0x0000003a   Code   RO         2883    i.__hardfp_sqrtf    m_wm.l(sqrtf.o)
    0x0800c442   0x0800c442   0x00000006   Code   RO         3099    i.__mathlib_flt_infnan  m_wm.l(funder.o)
    0x0800c448   0x0800c448   0x00000006   Code   RO         3100    i.__mathlib_flt_infnan2  m_wm.l(funder.o)
    0x0800c44e   0x0800c44e   0x00000002   PAD
    0x0800c450   0x0800c450   0x00000010   Code   RO         3101    i.__mathlib_flt_invalid  m_wm.l(funder.o)
    0x0800c460   0x0800c460   0x00000010   Code   RO         3104    i.__mathlib_flt_underflow  m_wm.l(funder.o)
    0x0800c470   0x0800c470   0x0000000e   Code   RO         2985    i._is_digit         c_w.l(__printf_wp.o)
    0x0800c47e   0x0800c47e   0x0000003e   Code   RO         2885    i.sqrtf             m_wm.l(sqrtf.o)
    0x0800c4bc   0x0800c4bc   0x0000002c   Code   RO         3230    locale$$code        c_w.l(lc_numeric_c.o)
    0x0800c4e8   0x0800c4e8   0x0000002c   Code   RO         3265    locale$$code        c_w.l(lc_ctype_c.o)
    0x0800c514   0x0800c514   0x00000062   Code   RO         2837    x$fpl$d2f           fz_wm.l(d2f.o)
    0x0800c576   0x0800c576   0x00000002   PAD
    0x0800c578   0x0800c578   0x00000150   Code   RO         2839    x$fpl$dadd          fz_wm.l(daddsub_clz.o)
    0x0800c6c8   0x0800c6c8   0x00000018   Code   RO         3182    x$fpl$dcmpinf       fz_wm.l(dcmpi.o)
    0x0800c6e0   0x0800c6e0   0x000002b4   Code   RO         2848    x$fpl$ddiv          fz_wm.l(ddiv.o)
    0x0800c994   0x0800c994   0x00000078   Code   RO         3069    x$fpl$deqf          fz_wm.l(deqf.o)
    0x0800ca0c   0x0800ca0c   0x0000002e   Code   RO         2852    x$fpl$dflt          fz_wm.l(dflt_clz.o)
    0x0800ca3a   0x0800ca3a   0x00000002   PAD
    0x0800ca3c   0x0800ca3c   0x00000078   Code   RO         3071    x$fpl$dgeqf         fz_wm.l(dgeqf.o)
    0x0800cab4   0x0800cab4   0x00000078   Code   RO         3073    x$fpl$dleqf         fz_wm.l(dleqf.o)
    0x0800cb2c   0x0800cb2c   0x00000154   Code   RO         2857    x$fpl$dmul          fz_wm.l(dmul.o)
    0x0800cc80   0x0800cc80   0x0000009c   Code   RO         3075    x$fpl$dnaninf       fz_wm.l(dnaninf.o)
    0x0800cd1c   0x0800cd1c   0x0000000c   Code   RO         3077    x$fpl$dretinf       fz_wm.l(dretinf.o)
    0x0800cd28   0x0800cd28   0x000001dc   Code   RO         2841    x$fpl$dsub          fz_wm.l(daddsub_clz.o)
    0x0800cf04   0x0800cf04   0x00000056   Code   RO         2859    x$fpl$f2d           fz_wm.l(f2d.o)
    0x0800cf5a   0x0800cf5a   0x00000054   Code   RO         2845    x$fpl$fcmp          fz_wm.l(dcmp.o)
    0x0800cfae   0x0800cfae   0x0000008c   Code   RO         3079    x$fpl$fnaninf       fz_wm.l(fnaninf.o)
    0x0800d03a   0x0800d03a   0x0000001a   Code   RO         3184    x$fpl$fpinit        fz_wm.l(fpinit.o)
    0x0800d054   0x0800d054   0x0000000a   Code   RO         3081    x$fpl$fretinf       fz_wm.l(fretinf.o)
    0x0800d05e   0x0800d05e   0x00000004   Code   RO         3083    x$fpl$printf1       fz_wm.l(printf1.o)
    0x0800d062   0x0800d062   0x00000004   Code   RO         3085    x$fpl$printf2       fz_wm.l(printf2.o)
    0x0800d066   0x0800d066   0x00000000   Code   RO         3091    x$fpl$usenofp       fz_wm.l(usenofp.o)
    0x0800d066   0x0800d066   0x00000002   PAD
    0x0800d068   0x0800d068   0x00000008   Data   RO         2944    .constdata          c_w.l(_printf_wctomb.o)
    0x0800d070   0x0800d070   0x00000028   Data   RO         2973    .constdata          c_w.l(_printf_hex_int_ll_ptr.o)
    0x0800d098   0x0800d098   0x00000011   Data   RO         2993    .constdata          c_w.l(__printf_flags_ss_wp.o)
    0x0800d0a9   0x0800d0a9   0x00000026   Data   RO         3156    .constdata          c_w.l(_printf_fp_hex.o)
    0x0800d0cf   0x0800d0cf   0x00000001   PAD
    0x0800d0d0   0x0800d0d0   0x00000094   Data   RO         3203    .constdata          c_w.l(bigflt0.o)
    0x0800d164   0x0800d164   0x00000010   Data   RO         1696    .rodata.APBAHBPrescTable  stm32f4xx_rcc.o
    0x0800d174   0x0800d174   0x00000004   PAD
    0x0800d178   0x0800d178   0x00000018   Data   RO          487    .rodata._ZZL21accel_low_pass_filterP13imu_ripdata_tE10fliter_num  imu.o
    0x0800d190   0x0800d190   0x00000020   Data   RO            9    .rodata.str1.1      main.o
    0x0800d1b0   0x0800d1b0   0x0000009f   Data   RO          136    .rodata.str1.1      gimbaltask.o
    0x0800d24f   0x0800d24f   0x00000015   Data   RO          166    .rodata.str1.1      starttask.o
    0x0800d264   0x0800d264   0x00000038   Data   RO          324    .rodata.str1.1      visioncom.o
    0x0800d29c   0x0800d29c   0x00000005   Data   RO         2603    .rodata.str1.1      tasks.o
    0x0800d2a1   0x0800d2a1   0x0000000d   Data   RO         2665    .rodata.str1.1      timers.o
    0x0800d2ae   0x0800d2ae   0x00000002   PAD
    0x0800d2b0   0x0800d2b0   0x00000020   Data   RO         3319    Region$$Table       anon$$obj.o
    0x0800d2d0   0x0800d2d0   0x0000001c   Data   RO         3229    locale$$data        c_w.l(lc_numeric_c.o)
    0x0800d2ec   0x0800d2ec   0x00000110   Data   RO         3264    locale$$data        c_w.l(lc_ctype_c.o)
    0x0800d3fc   0x0800d3fc   0x00000004   Data   RO          137    .init_array         gimbaltask.o
    0x0800d400   0x0800d3fc   0x00000004   Data   RO          241    .init_array         encoder.o
    0x0800d404   0x0800d3fc   0x00000004   Data   RO          370    .init_array         gm2ch.o
    0x0800d408   0x0800d3fc   0x00000000   Data   RO         2832    .init_array         c_w.l(init_aeabi.o)


    Execution Region RW_IRAM1 (Exec base: 0x20000000, Load base: 0x0800d408, Size: 0x0001b770, Max: 0x00020000, ABSOLUTE)

    Exec Addr    Load Addr    Size         Type   Attr      Idx    E Section Name        Object

    0x20000000   0x0800d408   0x00000004   Data   RW          392    .data.BMI088_ACCEL_SEN  bmi088driver.o
    0x20000004   0x0800d40c   0x00000004   Data   RW          393    .data.BMI088_GYRO_SEN  bmi088driver.o
    0x20000008   0x0800d410   0x00000004   Data   RW           46    .data.SystemCoreClock  system_stm32f4xx.o
    0x2000000c   0x0800d414   0x00000012   Data   RW          395    .data._ZL32write_BMI088_gyro_reg_data_error  bmi088driver.o
    0x2000001e   0x0800d426   0x00000012   Data   RW          394    .data._ZL33write_BMI088_accel_reg_data_error  bmi088driver.o
    0x20000030   0x0800d438   0x0000006c   Data   RW          476    .data._ZL3imu       imu.o
    0x2000009c   0x0800d4a4   0x00000004   Data   RW          497    .data._ZL5twoKi     imu.o
    0x200000a0   0x0800d4a8   0x00000004   Data   RW          501    .data._ZL5twoKp     imu.o
    0x200000a4   0x0800d4ac   0x00000004   Data   RW          471    .data.q0            imu.o
    0x200000a8   0x0800d4b0   0x00000004   Data   RW         2707    .data.uxCriticalNesting  port.o
    0x200000ac   0x0800d4b4   0x00000004   PAD
    0x200000b0        -       0x00000060   Zero   RW         3117    .bss                c_w.l(libspace.o)
    0x20000110        -       0x00000050   Zero   RW          129    .bss.AUTO_AIM_PITCH_PC_PID_Struct  gimbaltask.o
    0x20000160        -       0x00000050   Zero   RW          128    .bss.AUTO_AIM_PITCH_VC_PID_Struct  gimbaltask.o
    0x200001b0        -       0x00000050   Zero   RW          127    .bss.AUTO_AIM_YAW_PC_PID_Struct  gimbaltask.o
    0x20000200        -       0x00000050   Zero   RW          126    .bss.AUTO_AIM_YAW_VC_PID_Struct  gimbaltask.o
    0x20000250        -       0x0000003c   Zero   RW          321    .bss.DMA_InitStructure  visioncom.o
    0x2000028c        -       0x00000004   Zero   RW          164    .bss.DebugTask_Handler  starttask.o
    0x20000290        -       0x00000050   Zero   RW          131    .bss.FRICITION_0_VC_PID_Struct  gimbaltask.o
    0x200002e0        -       0x00000050   Zero   RW          132    .bss.FRICITION_1_VC_PID_Struct  gimbaltask.o
    0x20000330        -       0x00000008   Zero   RW          567    .bss.FreeRTOSRunTimeTicks  timer.o
    0x20000338        -       0x00000334   Zero   RW          133    .bss.GMAllMotorCtrl  gimbaltask.o
    0x2000066c        -       0x000000f0   Zero   RW          237    .bss.GimbalAllMotorMsg  encoder.o
    0x2000075c        -       0x00000004   Zero   RW          162    .bss.GimbalTask_Handler  starttask.o
    0x20000760        -       0x00000004   Zero   RW          161    .bss.ImuTask_Handler  starttask.o
    0x20000764        -       0x00000001   Zero   RW           83    .bss.Init_OK        sys.o
    0x20000765   0x0800d4b4   0x00000003   PAD
    0x20000768        -       0x000000dc   Zero   RW          478    .bss.KalPit         imu.o
    0x20000844        -       0x000000dc   Zero   RW          479    .bss.KalYaw         imu.o
    0x20000920        -       0x00000004   Zero   RW          160    .bss.LedTask_Handler  starttask.o
    0x20000924        -       0x00000050   Zero   RW          130    .bss.RAMMER_VC_PID_Struct  gimbaltask.o
    0x20000974        -       0x00000004   Zero   RW            8    .bss.StartTask_Handler  main.o
    0x20000978        -       0x00000001   Zero   RW           32    .bss.SysTick_Handler.upTimeCnt  stm32f4xx_it.o
    0x20000979   0x0800d4b4   0x00000003   PAD
    0x2000097c        -       0x00000014   Zero   RW          323    .bss.UpperCtrlInfo  visioncom.o
    0x20000990        -       0x00000004   Zero   RW          239    .bss._ZGVZ19CAN1_RX0_IRQHandlerE7tempMsg  encoder.o
    0x20000994        -       0x00000004   Zero   RW          277    .bss._ZGVZN10cMotorCtrl11curOutLimitEfE11maxCurLimit  control.o
    0x20000998        -       0x00000014   Zero   RW          278    .bss._ZL11TxMsg_0x1FF  control.o
    0x200009ac        -       0x00000004   Zero   RW          498    .bss._ZL11integralFBx  imu.o
    0x200009b0        -       0x00000004   Zero   RW          499    .bss._ZL11integralFBy  imu.o
    0x200009b4        -       0x00000004   Zero   RW          500    .bss._ZL11integralFBz  imu.o
    0x200009b8        -       0x00000050   Zero   RW          322    .bss._ZL19VISION_COM_DMA_Buff  visioncom.o
    0x20000a08        -       0x00000004   Zero   RW          481    .bss._ZL2Ag         imu.o
    0x20000a0c        -       0x00000004   Zero   RW          491    .bss._ZL2ax         imu.o
    0x20000a10        -       0x00000004   Zero   RW          492    .bss._ZL2ay         imu.o
    0x20000a14        -       0x00000004   Zero   RW          493    .bss._ZL2az         imu.o
    0x20000a18        -       0x00000004   Zero   RW          488    .bss._ZL2gx         imu.o
    0x20000a1c        -       0x00000004   Zero   RW          489    .bss._ZL2gy         imu.o
    0x20000a20        -       0x00000004   Zero   RW          490    .bss._ZL2gz         imu.o
    0x20000a24        -       0x00000004   Zero   RW          494    .bss._ZL2mx         imu.o
    0x20000a28        -       0x00000004   Zero   RW          495    .bss._ZL2my         imu.o
    0x20000a2c        -       0x00000004   Zero   RW          496    .bss._ZL2mz         imu.o
    0x20000a30        -       0x0000000c   Zero   RW          477    .bss._ZL6offset     imu.o
    0x20000a3c        -       0x00000024   Zero   RW          348    .bss._ZL8rc_rxbuf   dbus.o
    0x20000a60        -       0x00000002   Zero   RW          480    .bss._ZZ14IMUOffset_InitvE9calibrate  imu.o
    0x20000a62   0x0800d4b4   0x00000002   PAD
    0x20000a64        -       0x00000004   Zero   RW          326    .bss._ZZ17USART1_IRQHandlerE11inTestTimes  visioncom.o
    0x20000a68        -       0x00000004   Zero   RW          327    .bss._ZZ17USART1_IRQHandlerE14slovePackTimes  visioncom.o
    0x20000a6c        -       0x00000010   Zero   RW          238    .bss._ZZ19CAN1_RX0_IRQHandlerE7tempMsg  encoder.o
    0x20000a7c        -       0x00000004   Zero   RW          503    .bss._ZZL19IMU_getYawPitchRollP16attitude_angle_tE13last_yaw_temp  imu.o
    0x20000a80        -       0x00000004   Zero   RW          502    .bss._ZZL19IMU_getYawPitchRollP16attitude_angle_tE8yaw_temp  imu.o
    0x20000a84        -       0x00000004   Zero   RW          504    .bss._ZZL19IMU_getYawPitchRollP16attitude_angle_tE9yaw_count  imu.o
    0x20000a88        -       0x00000001   Zero   RW          483    .bss._ZZL21accel_low_pass_filterP13imu_ripdata_tE12updata_count  imu.o
    0x20000a89   0x0800d4b4   0x00000007   PAD
    0x20000a90        -       0x00000018   Zero   RW          484    .bss._ZZL21accel_low_pass_filterP13imu_ripdata_tE14accel_fliter_1  imu.o
    0x20000aa8        -       0x00000018   Zero   RW          485    .bss._ZZL21accel_low_pass_filterP13imu_ripdata_tE14accel_fliter_2  imu.o
    0x20000ac0        -       0x00000018   Zero   RW          486    .bss._ZZL21accel_low_pass_filterP13imu_ripdata_tE14accel_fliter_3  imu.o
    0x20000ad8        -       0x00000004   Zero   RW          276    .bss._ZZN10cMotorCtrl11curOutLimitEfE11maxCurLimit  control.o
    0x20000adc        -       0x00000004   Zero   RW          275    .bss._ZZN10cMotorCtrl11curOutLimitEfE6retCur  control.o
    0x20000ae0        -       0x00000054   Zero   RW          318    .bss.__stdout       visioncom.o
    0x20000b34        -       0x00000001   Zero   RW          135    .bss.block_flag     gimbaltask.o
    0x20000b35   0x0800d4b4   0x00000003   PAD
    0x20000b38        -       0x00000004   Zero   RW          470    .bss.imu_pitch_angular_speed  imu.o
    0x20000b3c        -       0x00000004   Zero   RW          468    .bss.imu_yaw_angle  imu.o
    0x20000b40        -       0x00000004   Zero   RW          469    .bss.imu_yaw_angular_speed  imu.o
    0x20000b44        -       0x0000001c   Zero   RW          366    .bss.judge_msg      gm2ch.o
    0x20000b60        -       0x00000004   Zero   RW         2669    .bss.prvSampleTimeNow.xLastTime  timers.o
    0x20000b64        -       0x00000004   Zero   RW         2589    .bss.pxCurrentTCB   tasks.o
    0x20000b68        -       0x00000004   Zero   RW         2667    .bss.pxCurrentTimerList  timers.o
    0x20000b6c        -       0x00000004   Zero   RW         2599    .bss.pxDelayedTaskList  tasks.o
    0x20000b70        -       0x00000004   Zero   RW         2729    .bss.pxEnd          heap_4.o
    0x20000b74        -       0x00000004   Zero   RW         2600    .bss.pxOverflowDelayedTaskList  tasks.o
    0x20000b78        -       0x00000004   Zero   RW         2668    .bss.pxOverflowTimerList  timers.o
    0x20000b7c        -       0x00000280   Zero   RW         2590    .bss.pxReadyTasksLists  tasks.o
    0x20000dfc        -       0x00000004   Zero   RW          472    .bss.q1             imu.o
    0x20000e00        -       0x00000004   Zero   RW          473    .bss.q2             imu.o
    0x20000e04        -       0x00000004   Zero   RW          474    .bss.q3             imu.o
    0x20000e08        -       0x00000014   Zero   RW          347    .bss.rc_ctrl_data   dbus.o
    0x20000e1c        -       0x00000020   Zero   RW          329    .bss.sendPacketBuffer  visioncom.o
    0x20000e3c        -       0x00000004   Zero   RW           84    .bss.sysTickUptime  sys.o
    0x20000e40        -       0x00000004   Zero   RW           85    .bss.sysTickUptimeUs  sys.o
    0x20000e44        -       0x0000c800   Zero   RW         2734    .bss.ucHeap         heap_4.o
    0x2000d644        -       0x00000001   Zero   RW         2705    .bss.ucMaxSysCallPriority  port.o
    0x2000d645   0x0800d4b4   0x00000003   PAD
    0x2000d648        -       0x00000004   Zero   RW         2706    .bss.ulMaxPRIGROUPValue  port.o
    0x2000d64c        -       0x00000004   Zero   RW         2610    .bss.ulTaskSwitchedInTime  tasks.o
    0x2000d650        -       0x00000004   Zero   RW         2609    .bss.ulTotalRunTime  tasks.o
    0x2000d654        -       0x00000004   Zero   RW         2595    .bss.uxCurrentNumberOfTasks  tasks.o
    0x2000d658        -       0x00000004   Zero   RW         2594    .bss.uxDeletedTasksWaitingCleanUp  tasks.o
    0x2000d65c        -       0x00000004   Zero   RW         2607    .bss.uxPendedTicks  tasks.o
    0x2000d660        -       0x00000004   Zero   RW         2597    .bss.uxSchedulerSuspended  tasks.o
    0x2000d664        -       0x00000004   Zero   RW         2592    .bss.uxTaskNumber   tasks.o
    0x2000d668        -       0x00000004   Zero   RW         2591    .bss.uxTopReadyPriority  tasks.o
    0x2000d66c        -       0x00000014   Zero   RW         2670    .bss.xActiveTimerList1  timers.o
    0x2000d680        -       0x00000014   Zero   RW         2671    .bss.xActiveTimerList2  timers.o
    0x2000d694        -       0x00000004   Zero   RW         2730    .bss.xBlockAllocatedBit  heap_4.o
    0x2000d698        -       0x00000014   Zero   RW         2611    .bss.xDelayedTaskList1  tasks.o
    0x2000d6ac        -       0x00000014   Zero   RW         2612    .bss.xDelayedTaskList2  tasks.o
    0x2000d6c0        -       0x00000004   Zero   RW         2731    .bss.xFreeBytesRemaining  heap_4.o
    0x2000d6c4        -       0x00000004   Zero   RW         2604    .bss.xIdleTaskHandle  tasks.o
    0x2000d6c8        -       0x00000004   Zero   RW         2733    .bss.xMinimumEverFreeBytesRemaining  heap_4.o
    0x2000d6cc        -       0x00000004   Zero   RW         2605    .bss.xNextTaskUnblockTime  tasks.o
    0x2000d6d0        -       0x00000004   Zero   RW         2608    .bss.xNumOfOverflows  tasks.o
    0x2000d6d4        -       0x00000014   Zero   RW         2602    .bss.xPendingReadyList  tasks.o
    0x2000d6e8        -       0x00000040   Zero   RW         2457    .bss.xQueueRegistry  queue.o
    0x2000d728        -       0x00000004   Zero   RW         2596    .bss.xSchedulerRunning  tasks.o
    0x2000d72c        -       0x00000008   Zero   RW         2732    .bss.xStart         heap_4.o
    0x2000d734        -       0x00000014   Zero   RW         2601    .bss.xSuspendedTaskList  tasks.o
    0x2000d748        -       0x00000014   Zero   RW         2593    .bss.xTasksWaitingTermination  tasks.o
    0x2000d75c        -       0x00000004   Zero   RW         2598    .bss.xTickCount     tasks.o
    0x2000d760        -       0x00000004   Zero   RW         2664    .bss.xTimerQueue    timers.o
    0x2000d764        -       0x00000004   Zero   RW         2666    .bss.xTimerTaskHandle  timers.o
    0x2000d768        -       0x00000004   Zero   RW         2606    .bss.xYieldPending  tasks.o
    0x2000d76c   0x0800d4b4   0x00000004   PAD
    0x2000d770        -       0x0000a000   Zero   RW          664    HEAP                startup_stm32f40_41xxx.o
    0x20017770        -       0x00004000   Zero   RW          663    STACK               startup_stm32f40_41xxx.o


==============================================================================

Image component sizes


      Code (inc. data)   RO Data    RW Data    ZI Data      Debug   Object Name

      1372          0          0         44          0      19961   bmi088driver.o
       274          0          0          0          0      18692   bmi088middleware.o
       518          0          0          0          0      21124   can.o
      1130          0          0          0         32      26729   control.o
      1020          0          0          0         56      23497   dbus.o
        72          0          0          0          0      19370   debugtask.o
      1144         32          4          0        260      24913   encoder.o
      3240        204        163          0       1381      29788   gimbaltask.o
        24          0          4          0         28      20703   gm2ch.o
      1016          0          0          0      51224       3074   heap_4.o
      7344         64         24        120        615      28243   imu.o
        28          0          0          0          0      18271   imutask.o
       214          0          0          0          0      18771   led.o
       296          0          0          0          0       2069   list.o
       204          0         32          0          4      22010   main.o
       286          0          0          0          0       2943   misc.o
       794         24          0          0          0      11205   motormsg.o
       836          0          0          0          0      22149   pid.o
       994         16          0          4          5       3252   port.o
      2774          0          0          0         64      13291   queue.o
       812          0          0          0          0      22177   spi.o
       204          0         21          0         16      17749   starttask.o
        64         26        392          0      57344        876   startup_stm32f40_41xxx.o
      2318          0          0          0          0       9667   stm32f4xx_can.o
      1628          0          0          0          0       5715   stm32f4xx_dma.o
       306          0          0          0          0       2635   stm32f4xx_exti.o
       424          0          0          0          0       4499   stm32f4xx_gpio.o
       104          0          0          0          1       1212   stm32f4xx_it.o
       634          0         16          0          0      10702   stm32f4xx_rcc.o
       234          0          0          0          0       7559   stm32f4xx_spi.o
        86          0          0          0          0       2031   stm32f4xx_syscfg.o
       886          0          0          0          0      19850   stm32f4xx_tim.o
      1148          0          0          0          0       7247   stm32f4xx_usart.o
       504          0          0          0          9      22690   sys.o
       428          0          0          4          0       3279   system_stm32f4xx.o
      4540          0          5          0        808      21876   tasks.o
       190          0          0          0          8      20160   timer.o
      1470         10         13          0         60       7791   timers.o
       190          0          0          0          0      20506   usart6.o
      1464          0         56          0        284      25583   visioncom.o

    ----------------------------------------------------------------------
     41452        376        768        172     112228     583859   Object Totals
         0          0         32          0          0          0   (incl. Generated)
       238          0          6          0         29          0   (incl. Padding)

    ----------------------------------------------------------------------

      Code (inc. data)   RO Data    RW Data    ZI Data      Debug   Library Member Name

         8          0          0          0          0         68   __main.o
       392          4         17          0          0         92   __printf_flags_ss_wp.o
        14          0          0          0          0         68   __printf_wp.o
         0          0          0          0          0          0   __rtentry.o
        12          0          0          0          0          0   __rtentry2.o
         6          0          0          0          0          0   __rtentry4.o
        52          8          0          0          0          0   __scatter.o
        26          0          0          0          0          0   __scatter_copy.o
        28          0          0          0          0          0   __scatter_zi.o
        72          0          0          0          0         96   _c16rtomb.o
         6          0          0          0          0          0   _printf_a.o
         6          0          0          0          0          0   _printf_c.o
        44          0          0          0          0        108   _printf_char.o
        48          6          0          0          0         96   _printf_char_common.o
        36          4          0          0          0         80   _printf_char_file.o
        40          0          0          0          0         68   _printf_charcount.o
         6          0          0          0          0          0   _printf_d.o
       120         16          0          0          0         92   _printf_dec.o
         6          0          0          0          0          0   _printf_e.o
         6          0          0          0          0          0   _printf_f.o
      1052          0          0          0          0        148   _printf_fp_dec.o
       764          8         38          0          0        100   _printf_fp_hex.o
       128         16          0          0          0         84   _printf_fp_infnan.o
         6          0          0          0          0          0   _printf_g.o
       148          4         40          0          0        160   _printf_hex_int_ll_ptr.o
         6          0          0          0          0          0   _printf_i.o
       178          0          0          0          0         88   _printf_intcommon.o
        10          0          0          0          0          0   _printf_l.o
         6          0          0          0          0          0   _printf_lc.o
        10          0          0          0          0          0   _printf_ll.o
         6          0          0          0          0          0   _printf_lld.o
         6          0          0          0          0          0   _printf_lli.o
         6          0          0          0          0          0   _printf_llo.o
         6          0          0          0          0          0   _printf_llu.o
         6          0          0          0          0          0   _printf_llx.o
       124         16          0          0          0         92   _printf_longlong_dec.o
         6          0          0          0          0          0   _printf_ls.o
         6          0          0          0          0          0   _printf_n.o
         6          0          0          0          0          0   _printf_o.o
       112          8          0          0          0        124   _printf_oct_int_ll.o
         6          0          0          0          0          0   _printf_p.o
        78          0          0          0          0        108   _printf_pad.o
         0          0          0          0          0          0   _printf_percent.o
         4          0          0          0          0          0   _printf_percent_end.o
         6          0          0          0          0          0   _printf_s.o
        82          0          0          0          0         80   _printf_str.o
        36          0          0          0          0         84   _printf_truncate.o
         6          0          0          0          0          0   _printf_u.o
        44          0          0          0          0        108   _printf_wchar.o
       188          6          8          0          0         92   _printf_wctomb.o
         6          0          0          0          0          0   _printf_x.o
        22          0          0          0          0        100   _rserrno.o
        22          0          0          0          0         80   abort.o
        16          0          0          0          0         68   aeabi_memset4.o
       228          4        148          0          0         96   bigflt0.o
      1936        128          0          0          0        668   btod.o
        48         34          0          0          0         76   defsig_abrt_inner.o
        14          0          0          0          0         80   defsig_abrt_outer.o
        10          0          0          0          0         68   defsig_exit.o
        50          0          0          0          0         88   defsig_general.o
        18          0          0          0          0         80   exit.o
         8          0          0          0          0         68   ferror.o
         6          0          0          0          0        152   heapauxi.o
        36          8          0          0          0         80   init_aeabi.o
        44         10        272          0          0         76   lc_ctype_c.o
        44         10         28          0          0         76   lc_numeric_c.o
         2          0          0          0          0          0   libinit.o
        38          0          0          0          0          0   libinit2.o
         2          0          0          0          0          0   libshutdown.o
         2          0          0          0          0          0   libshutdown2.o
         8          4          0          0         96         68   libspace.o
       138          0          0          0          0         80   lludiv10.o
        24          4          0          0          0         84   printf.o
        16          4          0          0          0         76   rt_ctype_table.o
         8          4          0          0          0         68   rt_errno_addr_intlibspace.o
         8          4          0          0          0         68   rt_locale_intlibspace.o
        78          0          0          0          0         80   rt_memclr_w.o
       138          0          0          0          0         68   rt_memcpy_v6.o
       100          0          0          0          0         80   rt_memcpy_w.o
         2          0          0          0          0          0   rtexit.o
        10          0          0          0          0          0   rtexit2.o
       124          0          0          0          0         88   strcmpv7em.o
        74          0          0          0          0         80   sys_stackheap_outer.o
         2          0          0          0          0         68   use_no_semi.o
         2          0          0          0          0         68   use_no_semi_2.o
        98          4          0          0          0        140   d2f.o
       812         16          0          0          0        392   daddsub_clz.o
        84          0          0          0          0        244   dcmp.o
        24          0          0          0          0        116   dcmpi.o
       692        140          0          0          0        264   ddiv.o
       120          4          0          0          0        140   deqf.o
        46          0          0          0          0        116   dflt_clz.o
       120          4          0          0          0        140   dgeqf.o
       120          4          0          0          0        140   dleqf.o
       340         12          0          0          0        152   dmul.o
       156          4          0          0          0        140   dnaninf.o
        12          0          0          0          0        116   dretinf.o
        86          4          0          0          0        132   f2d.o
       140          4          0          0          0        132   fnaninf.o
        26          0          0          0          0        116   fpinit.o
        10          0          0          0          0        116   fretinf.o
         4          0          0          0          0        116   printf1.o
         4          0          0          0          0        116   printf2.o
         0          0          0          0          0          0   usenofp.o
         4          0          0          0          0         36   abort_message.cpp.o
       100         56          0          0          0         76   cxa_guard.cpp.o
       300         42          0          0          0        176   asinf.o
       684         90          0          0          0        208   atan2f.o
        48          0          0          0          0        124   fpclassify.o
        38          0          0          0          0        116   fpclassifyf.o
        44         12          0          0          0        464   funder.o
       120          0          0          0          0        272   sqrtf.o

    ----------------------------------------------------------------------
     11508        710        552          0         96       9168   Library Totals
        22          4          1          0          0          0   (incl. Padding)

    ----------------------------------------------------------------------

      Code (inc. data)   RO Data    RW Data    ZI Data      Debug   Library Name

      7254        310        551          0         96       4868   c_w.l
      2894        196          0          0          0       2828   fz_wm.l
       104         56          0          0          0        112   libcppabi_w.l
      1234        144          0          0          0       1360   m_wm.l

    ----------------------------------------------------------------------
     11508        710        552          0         96       9168   Library Totals

    ----------------------------------------------------------------------

==============================================================================


      Code (inc. data)   RO Data    RW Data    ZI Data      Debug   

     52960       1086       1320        172     112324     586995   Grand Totals
     52960       1086       1320        172     112324     586995   ELF Image Totals
     52960       1086       1320        172          0          0   ROM Totals

==============================================================================

    Total RO  Size (Code + RO Data)                54280 (  53.01kB)
    Total RW  Size (RW Data + ZI Data)            112496 ( 109.86kB)
    Total ROM Size (Code + RO Data + RW Data)      54452 (  53.18kB)

==============================================================================

